Archive member included to satisfy reference by file (symbol)

/usr/local/mcuxpressoide-11.3.1_5262/ide/plugins/com.nxp.mcuxpresso.tools.linux_11.3.0.202011031536/tools/bin/../lib/gcc/arm-none-eabi/9.3.1/../../../../arm-none-eabi/lib/thumb/v6-m/nofp/libcr_c.a(__weak__main.o)
                              ./Aplicacion/cr_startup_lpc84x.o (__main)

Discarded input sections

 .group         0x0000000000000000        0xc ./Primitivas/Leds.o
 .group         0x0000000000000000        0xc ./Primitivas/Leds.o
 .group         0x0000000000000000        0xc ./Primitivas/Leds.o
 .text          0x0000000000000000        0x0 ./Primitivas/Leds.o
 .data          0x0000000000000000        0x0 ./Primitivas/Leds.o
 .bss           0x0000000000000000        0x0 ./Primitivas/Leds.o
 .group         0x0000000000000000        0xc ./Primitivas/TImer.o
 .group         0x0000000000000000        0xc ./Primitivas/TImer.o
 .group         0x0000000000000000        0xc ./Primitivas/TImer.o
 .group         0x0000000000000000        0xc ./Primitivas/TImer.o
 .group         0x0000000000000000        0xc ./Primitivas/TImer.o
 .text          0x0000000000000000        0x0 ./Primitivas/TImer.o
 .data          0x0000000000000000        0x0 ./Primitivas/TImer.o
 .bss           0x0000000000000000        0x0 ./Primitivas/TImer.o
 .debug_macro   0x0000000000000000      0xa96 ./Primitivas/TImer.o
 .debug_macro   0x0000000000000000      0x25f ./Primitivas/TImer.o
 .group         0x0000000000000000        0xc ./Primitivas/Tecla.o
 .group         0x0000000000000000        0xc ./Primitivas/Tecla.o
 .group         0x0000000000000000        0xc ./Primitivas/Tecla.o
 .text          0x0000000000000000        0x0 ./Primitivas/Tecla.o
 .data          0x0000000000000000        0x0 ./Primitivas/Tecla.o
 .bss           0x0000000000000000        0x0 ./Primitivas/Tecla.o
 .debug_macro   0x0000000000000000      0xa96 ./Primitivas/Tecla.o
 .debug_macro   0x0000000000000000      0x25f ./Primitivas/Tecla.o
 .group         0x0000000000000000        0xc ./Drivers/DR_Init.o
 .group         0x0000000000000000        0xc ./Drivers/DR_Init.o
 .group         0x0000000000000000        0xc ./Drivers/DR_Init.o
 .group         0x0000000000000000        0xc ./Drivers/DR_Init.o
 .group         0x0000000000000000        0xc ./Drivers/DR_Init.o
 .group         0x0000000000000000        0xc ./Drivers/DR_Init.o
 .group         0x0000000000000000        0xc ./Drivers/DR_Init.o
 .group         0x0000000000000000        0xc ./Drivers/DR_Init.o
 .text          0x0000000000000000        0x0 ./Drivers/DR_Init.o
 .data          0x0000000000000000        0x0 ./Drivers/DR_Init.o
 .bss           0x0000000000000000        0x0 ./Drivers/DR_Init.o
 .debug_macro   0x0000000000000000      0xa96 ./Drivers/DR_Init.o
 .debug_macro   0x0000000000000000      0x25f ./Drivers/DR_Init.o
 .debug_macro   0x0000000000000000       0x16 ./Drivers/DR_Init.o
 .debug_macro   0x0000000000000000       0x10 ./Drivers/DR_Init.o
 .debug_macro   0x0000000000000000       0x1c ./Drivers/DR_Init.o
 .group         0x0000000000000000        0xc ./Drivers/IntExt.o
 .group         0x0000000000000000        0xc ./Drivers/IntExt.o
 .text          0x0000000000000000        0x0 ./Drivers/IntExt.o
 .data          0x0000000000000000        0x0 ./Drivers/IntExt.o
 .bss           0x0000000000000000        0x0 ./Drivers/IntExt.o
 .debug_macro   0x0000000000000000      0xa96 ./Drivers/IntExt.o
 .debug_macro   0x0000000000000000      0x25f ./Drivers/IntExt.o
 .group         0x0000000000000000        0xc ./Drivers/Systick.o
 .group         0x0000000000000000        0xc ./Drivers/Systick.o
 .group         0x0000000000000000        0xc ./Drivers/Systick.o
 .group         0x0000000000000000        0xc ./Drivers/Systick.o
 .text          0x0000000000000000        0x0 ./Drivers/Systick.o
 .data          0x0000000000000000        0x0 ./Drivers/Systick.o
 .bss           0x0000000000000000        0x0 ./Drivers/Systick.o
 .debug_macro   0x0000000000000000      0xa96 ./Drivers/Systick.o
 .debug_macro   0x0000000000000000      0x25f ./Drivers/Systick.o
 .debug_macro   0x0000000000000000       0x16 ./Drivers/Systick.o
 .debug_macro   0x0000000000000000       0x10 ./Drivers/Systick.o
 .group         0x0000000000000000        0xc ./Drivers/gpio.o
 .group         0x0000000000000000        0xc ./Drivers/gpio.o
 .text          0x0000000000000000        0x0 ./Drivers/gpio.o
 .data          0x0000000000000000        0x0 ./Drivers/gpio.o
 .bss           0x0000000000000000        0x0 ./Drivers/gpio.o
 .debug_macro   0x0000000000000000      0xa96 ./Drivers/gpio.o
 .debug_macro   0x0000000000000000      0x25f ./Drivers/gpio.o
 .group         0x0000000000000000        0xc ./Aplicacion/BlinkinLed.o
 .group         0x0000000000000000        0xc ./Aplicacion/BlinkinLed.o
 .group         0x0000000000000000        0xc ./Aplicacion/BlinkinLed.o
 .group         0x0000000000000000        0xc ./Aplicacion/BlinkinLed.o
 .group         0x0000000000000000        0xc ./Aplicacion/BlinkinLed.o
 .group         0x0000000000000000        0xc ./Aplicacion/BlinkinLed.o
 .group         0x0000000000000000        0xc ./Aplicacion/BlinkinLed.o
 .group         0x0000000000000000        0xc ./Aplicacion/BlinkinLed.o
 .group         0x0000000000000000        0xc ./Aplicacion/BlinkinLed.o
 .text          0x0000000000000000        0x0 ./Aplicacion/BlinkinLed.o
 .data          0x0000000000000000        0x0 ./Aplicacion/BlinkinLed.o
 .bss           0x0000000000000000        0x0 ./Aplicacion/BlinkinLed.o
 .debug_macro   0x0000000000000000      0xa96 ./Aplicacion/BlinkinLed.o
 .debug_macro   0x0000000000000000       0x10 ./Aplicacion/BlinkinLed.o
 .debug_macro   0x0000000000000000      0x25f ./Aplicacion/BlinkinLed.o
 .debug_macro   0x0000000000000000       0x16 ./Aplicacion/BlinkinLed.o
 .debug_macro   0x0000000000000000       0x10 ./Aplicacion/BlinkinLed.o
 .debug_macro   0x0000000000000000       0x10 ./Aplicacion/BlinkinLed.o
 .debug_macro   0x0000000000000000       0x3a ./Aplicacion/BlinkinLed.o
 .debug_macro   0x0000000000000000       0x1c ./Aplicacion/BlinkinLed.o
 .group         0x0000000000000000        0xc ./Aplicacion/BotonSwapMDE.o
 .group         0x0000000000000000        0xc ./Aplicacion/BotonSwapMDE.o
 .group         0x0000000000000000        0xc ./Aplicacion/BotonSwapMDE.o
 .group         0x0000000000000000        0xc ./Aplicacion/BotonSwapMDE.o
 .group         0x0000000000000000        0xc ./Aplicacion/BotonSwapMDE.o
 .group         0x0000000000000000        0xc ./Aplicacion/BotonSwapMDE.o
 .group         0x0000000000000000        0xc ./Aplicacion/BotonSwapMDE.o
 .group         0x0000000000000000        0xc ./Aplicacion/BotonSwapMDE.o
 .group         0x0000000000000000        0xc ./Aplicacion/BotonSwapMDE.o
 .text          0x0000000000000000        0x0 ./Aplicacion/BotonSwapMDE.o
 .data          0x0000000000000000        0x0 ./Aplicacion/BotonSwapMDE.o
 .bss           0x0000000000000000        0x0 ./Aplicacion/BotonSwapMDE.o
 .debug_macro   0x0000000000000000      0xa96 ./Aplicacion/BotonSwapMDE.o
 .debug_macro   0x0000000000000000       0x10 ./Aplicacion/BotonSwapMDE.o
 .debug_macro   0x0000000000000000      0x25f ./Aplicacion/BotonSwapMDE.o
 .debug_macro   0x0000000000000000       0x16 ./Aplicacion/BotonSwapMDE.o
 .debug_macro   0x0000000000000000       0x10 ./Aplicacion/BotonSwapMDE.o
 .debug_macro   0x0000000000000000       0x10 ./Aplicacion/BotonSwapMDE.o
 .debug_macro   0x0000000000000000       0x3a ./Aplicacion/BotonSwapMDE.o
 .debug_macro   0x0000000000000000       0x1c ./Aplicacion/BotonSwapMDE.o
 .debug_macro   0x0000000000000000       0x28 ./Aplicacion/BotonSwapMDE.o
 .group         0x0000000000000000        0xc ./Aplicacion/LedsMDE.o
 .group         0x0000000000000000        0xc ./Aplicacion/LedsMDE.o
 .group         0x0000000000000000        0xc ./Aplicacion/LedsMDE.o
 .group         0x0000000000000000        0xc ./Aplicacion/LedsMDE.o
 .group         0x0000000000000000        0xc ./Aplicacion/LedsMDE.o
 .group         0x0000000000000000        0xc ./Aplicacion/LedsMDE.o
 .group         0x0000000000000000        0xc ./Aplicacion/LedsMDE.o
 .group         0x0000000000000000        0xc ./Aplicacion/LedsMDE.o
 .group         0x0000000000000000        0xc ./Aplicacion/LedsMDE.o
 .text          0x0000000000000000        0x0 ./Aplicacion/LedsMDE.o
 .data          0x0000000000000000        0x0 ./Aplicacion/LedsMDE.o
 .bss           0x0000000000000000        0x0 ./Aplicacion/LedsMDE.o
 .debug_macro   0x0000000000000000      0xa96 ./Aplicacion/LedsMDE.o
 .debug_macro   0x0000000000000000       0x10 ./Aplicacion/LedsMDE.o
 .debug_macro   0x0000000000000000      0x25f ./Aplicacion/LedsMDE.o
 .debug_macro   0x0000000000000000       0x16 ./Aplicacion/LedsMDE.o
 .debug_macro   0x0000000000000000       0x10 ./Aplicacion/LedsMDE.o
 .debug_macro   0x0000000000000000       0x10 ./Aplicacion/LedsMDE.o
 .debug_macro   0x0000000000000000       0x3a ./Aplicacion/LedsMDE.o
 .debug_macro   0x0000000000000000       0x1c ./Aplicacion/LedsMDE.o
 .debug_macro   0x0000000000000000       0x28 ./Aplicacion/LedsMDE.o
 .group         0x0000000000000000        0xc ./Aplicacion/cr_startup_lpc84x.o
 .text          0x0000000000000000        0x0 ./Aplicacion/cr_startup_lpc84x.o
 .data          0x0000000000000000        0x0 ./Aplicacion/cr_startup_lpc84x.o
 .bss           0x0000000000000000        0x0 ./Aplicacion/cr_startup_lpc84x.o
 .debug_macro   0x0000000000000000      0xa96 ./Aplicacion/cr_startup_lpc84x.o
 .group         0x0000000000000000        0xc ./Aplicacion/crp.o
 .group         0x0000000000000000        0xc ./Aplicacion/crp.o
 .text          0x0000000000000000        0x0 ./Aplicacion/crp.o
 .data          0x0000000000000000        0x0 ./Aplicacion/crp.o
 .bss           0x0000000000000000        0x0 ./Aplicacion/crp.o
 .debug_macro   0x0000000000000000      0xa96 ./Aplicacion/crp.o
 .text          0x0000000000000000        0x0 /usr/local/mcuxpressoide-11.3.1_5262/ide/plugins/com.nxp.mcuxpresso.tools.linux_11.3.0.202011031536/tools/bin/../lib/gcc/arm-none-eabi/9.3.1/../../../../arm-none-eabi/lib/thumb/v6-m/nofp/libcr_c.a(__weak__main.o)
 .data          0x0000000000000000        0x0 /usr/local/mcuxpressoide-11.3.1_5262/ide/plugins/com.nxp.mcuxpresso.tools.linux_11.3.0.202011031536/tools/bin/../lib/gcc/arm-none-eabi/9.3.1/../../../../arm-none-eabi/lib/thumb/v6-m/nofp/libcr_c.a(__weak__main.o)
 .bss           0x0000000000000000        0x0 /usr/local/mcuxpressoide-11.3.1_5262/ide/plugins/com.nxp.mcuxpresso.tools.linux_11.3.0.202011031536/tools/bin/../lib/gcc/arm-none-eabi/9.3.1/../../../../arm-none-eabi/lib/thumb/v6-m/nofp/libcr_c.a(__weak__main.o)

Memory Configuration

Name             Origin             Length             Attributes
MFlash64         0x0000000000000000 0x0000000000010000 xr
RamLoc16         0x0000000010000000 0x0000000000004000 xrw
*default*        0x0000000000000000 0xffffffffffffffff

Linker script and memory map

LOAD ./Primitivas/Leds.o
LOAD ./Primitivas/TImer.o
LOAD ./Primitivas/Tecla.o
LOAD ./Drivers/DR_Init.o
LOAD ./Drivers/IntExt.o
LOAD ./Drivers/Systick.o
LOAD ./Drivers/gpio.o
LOAD ./Aplicacion/BlinkinLed.o
LOAD ./Aplicacion/BotonSwapMDE.o
LOAD ./Aplicacion/LedsMDE.o
LOAD ./Aplicacion/cr_startup_lpc84x.o
LOAD ./Aplicacion/crp.o
START GROUP
LOAD /usr/local/mcuxpressoide-11.3.1_5262/ide/plugins/com.nxp.mcuxpresso.tools.linux_11.3.0.202011031536/tools/bin/../lib/gcc/arm-none-eabi/9.3.1/../../../../arm-none-eabi/lib/thumb/v6-m/nofp/libcr_c.a
LOAD /usr/local/mcuxpressoide-11.3.1_5262/ide/plugins/com.nxp.mcuxpresso.tools.linux_11.3.0.202011031536/tools/bin/../lib/gcc/arm-none-eabi/9.3.1/thumb/v6-m/nofp/libcr_eabihelpers.a
LOAD /usr/local/mcuxpressoide-11.3.1_5262/ide/plugins/com.nxp.mcuxpresso.tools.linux_11.3.0.202011031536/tools/bin/../lib/gcc/arm-none-eabi/9.3.1/thumb/v6-m/nofp/libgcc.a
END GROUP
                0x0000000000000000                __base_MFlash64 = 0x0
                0x0000000000000000                __base_Flash = 0x0
                0x0000000000010000                __top_MFlash64 = 0x10000
                0x0000000000010000                __top_Flash = 0x10000
                0x0000000010000000                __base_RamLoc16 = 0x10000000
                0x0000000010000000                __base_RAM = 0x10000000
                0x0000000010004000                __top_RamLoc16 = 0x10004000
                0x0000000010004000                __top_RAM = 0x10004000

.text           0x0000000000000000      0xdbc
 FILL mask 0xff
                0x0000000000000000                __vectors_start__ = ABSOLUTE (.)
 *(.isr_vector)
 .isr_vector    0x0000000000000000       0xc0 ./Aplicacion/cr_startup_lpc84x.o
                0x0000000000000000                g_pfnVectors
                0x00000000000000c0                . = ALIGN (0x4)
                0x00000000000000c0                __section_table_start = .
                0x00000000000000c0                __data_section_table = .
                0x00000000000000c0        0x4 LONG 0xdbc LOADADDR (.data)
                0x00000000000000c4        0x4 LONG 0x10000000 ADDR (.data)
                0x00000000000000c8        0x4 LONG 0xc SIZEOF (.data)
                0x00000000000000cc                __data_section_table_end = .
                0x00000000000000cc                __bss_section_table = .
                0x00000000000000cc        0x4 LONG 0x1000000c ADDR (.bss)
                0x00000000000000d0        0x4 LONG 0xa4 SIZEOF (.bss)
                0x00000000000000d4                __bss_section_table_end = .
                0x00000000000000d4                __section_table_end = .
 *(.after_vectors*)
 .after_vectors
                0x00000000000000d4      0x144 ./Aplicacion/cr_startup_lpc84x.o
                0x00000000000000d4                data_init
                0x0000000000000116                bss_init
                0x000000000000014c                ResetISR
                0x00000000000001f4                NMI_Handler
                0x00000000000001fa                HardFault_Handler
                0x0000000000000200                SVC_Handler
                0x0000000000000206                PendSV_Handler
                0x0000000000000212                CMP_IRQHandler
                0x0000000000000212                PININT7_IRQHandler
                0x0000000000000212                I2C0_IRQHandler
                0x0000000000000212                WKT_IRQHandler
                0x0000000000000212                PININT2_IRQHandler
                0x0000000000000212                PININT1_IRQHandler
                0x0000000000000212                MRT_IRQHandler
                0x0000000000000212                I2C1_IRQHandler
                0x0000000000000212                UART1_IRQHandler
                0x0000000000000212                ADC_SEQB_IRQHandler
                0x0000000000000212                UART0_IRQHandler
                0x0000000000000212                SPI1_IRQHandler
                0x0000000000000212                IntDefaultHandler
                0x0000000000000212                ADC_OVR_IRQHandler
                0x0000000000000212                I2C2_IRQHandler
                0x0000000000000212                PININT3_IRQHandler
                0x0000000000000212                UART2_IRQHandler
                0x0000000000000212                PININT5_IRQHandler
                0x0000000000000212                PININT4_IRQHandler
                0x0000000000000212                ADC_THCMP_IRQHandler
                0x0000000000000212                BOD_IRQHandler
                0x0000000000000212                I2C3_IRQHandler
                0x0000000000000212                SCT_IRQHandler
                0x0000000000000212                WDT_IRQHandler
                0x0000000000000212                ADC_SEQA_IRQHandler
                0x0000000000000212                FAIM_IRQHandler
                0x0000000000000212                DAC0_IRQHandler
                0x0000000000000212                PININT6_IRQHandler
                0x0000000000000212                SPI0_IRQHandler
                0x0000000000000212                DMA_IRQHandler
                0x0000000000000212                FLASH_IRQHandler
                0x0000000000000212                CTIMER0_IRQHandler
                0x00000000000002fc                . = 0x2fc
 *fill*         0x0000000000000218       0xe4 ff
                0x00000000000002fc                PROVIDE (__CRP_WORD_START__ = .)
 *(.crp)
 .crp           0x00000000000002fc        0x4 ./Aplicacion/crp.o
                0x00000000000002fc                CRP_WORD
                0x0000000000000300                PROVIDE (__CRP_WORD_END__ = .)
                0x0000000000000001                ASSERT (! ((__CRP_WORD_START__ == __CRP_WORD_END__)), Linker CRP Enabled, but no CRP_WORD provided within application)
 *(.text*)
 .text.LED_OFF  0x0000000000000300       0x1c ./Primitivas/Leds.o
                0x0000000000000300                LED_OFF
 .text.LED_ON   0x000000000000031c       0x1c ./Primitivas/Leds.o
                0x000000000000031c                LED_ON
 .text.SwapEstadoLed
                0x0000000000000338       0x32 ./Primitivas/Leds.o
                0x0000000000000338                SwapEstadoLed
 *fill*         0x000000000000036a        0x2 ff
 .text.TimerStart
                0x000000000000036c       0x50 ./Primitivas/TImer.o
                0x000000000000036c                TimerStart
 .text.TimerStop
                0x00000000000003bc       0x34 ./Primitivas/TImer.o
                0x00000000000003bc                TimerStop
 .text.TimerEvent
                0x00000000000003f0       0x5c ./Primitivas/TImer.o
                0x00000000000003f0                TimerEvent
 .text.HandlerT0
                0x000000000000044c       0x14 ./Primitivas/TImer.o
                0x000000000000044c                HandlerT0
 .text.HandlerT1
                0x0000000000000460       0x14 ./Primitivas/TImer.o
                0x0000000000000460                HandlerT1
 .text.HandlerT2
                0x0000000000000474       0x14 ./Primitivas/TImer.o
                0x0000000000000474                HandlerT2
 .text.getKey   0x0000000000000488       0x24 ./Primitivas/Tecla.o
                0x0000000000000488                getKey
 .text.InitHw   0x00000000000004ac       0x1a ./Drivers/DR_Init.o
                0x00000000000004ac                InitHw
 *fill*         0x00000000000004c6        0x2 ff
 .text.InitGPIO
                0x00000000000004c8       0x78 ./Drivers/DR_Init.o
                0x00000000000004c8                InitGPIO
 .text.InitPLL  0x0000000000000540       0x88 ./Drivers/DR_Init.o
                0x0000000000000540                InitPLL
 .text.InitIntExt
                0x00000000000005c8       0x70 ./Drivers/IntExt.o
                0x00000000000005c8                InitIntExt
 .text.PININT0_IRQHandler
                0x0000000000000638       0x24 ./Drivers/IntExt.o
                0x0000000000000638                PININT0_IRQHandler
 .text.SysTick_Handler
                0x000000000000065c       0x12 ./Drivers/Systick.o
                0x000000000000065c                SysTick_Handler
 *fill*         0x000000000000066e        0x2 ff
 .text.AnalizarTimers
                0x0000000000000670       0x7c ./Drivers/Systick.o
                0x0000000000000670                AnalizarTimers
 .text.DriverTecladoSW
                0x00000000000006ec       0x68 ./Drivers/Systick.o
                0x00000000000006ec                DriverTecladoSW
 .text.InitSystick
                0x0000000000000754       0x28 ./Drivers/Systick.o
                0x0000000000000754                InitSystick
 .text.SetDIR   0x000000000000077c       0x7e ./Drivers/gpio.o
                0x000000000000077c                SetDIR
 .text.SetPIN   0x00000000000007fa       0x7e ./Drivers/gpio.o
                0x00000000000007fa                SetPIN
 .text.GetPIN   0x0000000000000878       0x3a ./Drivers/gpio.o
                0x0000000000000878                GetPIN
 *fill*         0x00000000000008b2        0x2 ff
 .text.SetPINMODE_IN
                0x00000000000008b4       0x34 ./Drivers/gpio.o
                0x00000000000008b4                SetPINMODE_IN
 .text.SetPINMODE_OUT
                0x00000000000008e8       0x4c ./Drivers/gpio.o
                0x00000000000008e8                SetPINMODE_OUT
 .text.main     0x0000000000000934       0x5c ./Aplicacion/BlinkinLed.o
                0x0000000000000934                main
 .text.BotonSwapMDE
                0x0000000000000990      0x100 ./Aplicacion/BotonSwapMDE.o
                0x0000000000000990                BotonSwapMDE
 .text.InitBotonSwapMDE
                0x0000000000000a90       0x14 ./Aplicacion/BotonSwapMDE.o
                0x0000000000000a90                InitBotonSwapMDE
 .text.LedsMDE  0x0000000000000aa4      0x2a0 ./Aplicacion/LedsMDE.o
                0x0000000000000aa4                LedsMDE
 .text.InitLedsMDE
                0x0000000000000d44       0x5c ./Aplicacion/LedsMDE.o
                0x0000000000000d44                InitLedsMDE
 .text.__weak_main
                0x0000000000000da0        0x8 /usr/local/mcuxpressoide-11.3.1_5262/ide/plugins/com.nxp.mcuxpresso.tools.linux_11.3.0.202011031536/tools/bin/../lib/gcc/arm-none-eabi/9.3.1/../../../../arm-none-eabi/lib/thumb/v6-m/nofp/libcr_c.a(__weak__main.o)
                0x0000000000000da0                __main
                0x0000000000000da0                __weak_main
 *(.rodata .rodata.* .constdata .constdata.*)
 .rodata.LedsMDE
                0x0000000000000da8       0x14 ./Aplicacion/LedsMDE.o
                0x0000000000000dbc                . = ALIGN (0x4)

.glue_7         0x0000000000000dbc        0x0
 .glue_7        0x0000000000000dbc        0x0 linker stubs

.glue_7t        0x0000000000000dbc        0x0
 .glue_7t       0x0000000000000dbc        0x0 linker stubs

.vfp11_veneer   0x0000000000000dbc        0x0
 .vfp11_veneer  0x0000000000000dbc        0x0 linker stubs

.v4_bx          0x0000000000000dbc        0x0
 .v4_bx         0x0000000000000dbc        0x0 linker stubs

.iplt           0x0000000000000dbc        0x0
 .iplt          0x0000000000000dbc        0x0 ./Primitivas/Leds.o

.rel.dyn        0x0000000000000dbc        0x0
 .rel.iplt      0x0000000000000dbc        0x0 ./Primitivas/Leds.o

.ARM.extab
 *(.ARM.extab* .gnu.linkonce.armextab.*)

.ARM.exidx      0x0000000000000dbc        0x0
                0x0000000000000dbc                __exidx_start = .
 *(.ARM.exidx* .gnu.linkonce.armexidx.*)
                0x0000000000000dbc                __exidx_end = .
                0x0000000000000dbc                _etext = .

.mtb_buffer_default
 *(.mtb*)

.uninit_RESERVED
                0x0000000010000000        0x0
                0x0000000010000000                _start_uninit_RESERVED = .
 *(.bss.$RESERVED*)
                0x0000000010000000                . = ALIGN (0x4)
                0x0000000010000000                _end_uninit_RESERVED = .

.data           0x0000000010000000        0xc load address 0x0000000000000dbc
 FILL mask 0xff
                0x0000000010000000                _data = .
                [!provide]                        PROVIDE (__start_data_RAM = .)
                [!provide]                        PROVIDE (__start_data_RamLoc16 = .)
 *(vtable)
 *(.ramfunc*)
 *(CodeQuickAccess)
 *(DataQuickAccess)
 *(RamFunction)
 *(.data*)
 .data.Tecla    0x0000000010000000        0x1 ./Primitivas/Tecla.o
                0x0000000010000000                Tecla
 *fill*         0x0000000010000001        0x3 ff
 .data.fro_set_frec
                0x0000000010000004        0x4 ./Drivers/DR_Init.o
                0x0000000010000004                fro_set_frec
 .data.estado.3849
                0x0000000010000008        0x1 ./Aplicacion/BotonSwapMDE.o
 .data.colorLed
                0x0000000010000009        0x1 ./Aplicacion/LedsMDE.o
                0x0000000010000009                colorLed
                0x000000001000000c                . = ALIGN (0x4)
 *fill*         0x000000001000000a        0x2 ff
                0x000000001000000c                _edata = .
                [!provide]                        PROVIDE (__end_data_RAM = .)
                [!provide]                        PROVIDE (__end_data_RamLoc16 = .)

.igot.plt       0x000000001000000c        0x0 load address 0x0000000000000dc8
 .igot.plt      0x000000001000000c        0x0 ./Primitivas/Leds.o

.bss            0x000000001000000c       0xa4
                0x000000001000000c                _bss = .
                [!provide]                        PROVIDE (__start_bss_RAM = .)
                [!provide]                        PROVIDE (__start_bss_RamLoc16 = .)
 *(.bss*)
 .bss.flagT0    0x000000001000000c        0x1 ./Primitivas/TImer.o
                0x000000001000000c                flagT0
 .bss.flagT1    0x000000001000000d        0x1 ./Primitivas/TImer.o
                0x000000001000000d                flagT1
 .bss.flagT2    0x000000001000000e        0x1 ./Primitivas/TImer.o
                0x000000001000000e                flagT2
 *fill*         0x000000001000000f        0x1 
 .bss.HandlersTimer
                0x0000000010000010       0x40 ./Primitivas/TImer.o
                0x0000000010000010                HandlersTimer
 .bss.flagBoton
                0x0000000010000050        0x1 ./Drivers/IntExt.o
                0x0000000010000050                flagBoton
 *fill*         0x0000000010000051        0x3 
 .bss.flagsT    0x0000000010000054       0x10 ./Drivers/Systick.o
                0x0000000010000054                flagsT
 .bss.timers    0x0000000010000064       0x40 ./Drivers/Systick.o
                0x0000000010000064                timers
 .bss.cont.3819
                0x00000000100000a4        0x1 ./Drivers/Systick.o
 .bss.flagON    0x00000000100000a5        0x1 ./Aplicacion/BotonSwapMDE.o
 .bss.presionado
                0x00000000100000a6        0x1 ./Aplicacion/LedsMDE.o
                0x00000000100000a6                presionado
 .bss.estado.3846
                0x00000000100000a7        0x1 ./Aplicacion/LedsMDE.o
 .bss.pDivRom_idiv
                0x00000000100000a8        0x4 ./Aplicacion/cr_startup_lpc84x.o
                0x00000000100000a8                pDivRom_idiv
 .bss.pDivRom_uidiv
                0x00000000100000ac        0x4 ./Aplicacion/cr_startup_lpc84x.o
                0x00000000100000ac                pDivRom_uidiv
 *(COMMON)
                0x00000000100000b0                . = ALIGN (0x4)
                0x00000000100000b0                _ebss = .
                [!provide]                        PROVIDE (__end_bss_RAM = .)
                [!provide]                        PROVIDE (__end_bss_RamLoc16 = .)
                [!provide]                        PROVIDE (end = .)

.noinit         0x00000000100000b0        0x0
                0x00000000100000b0                _noinit = .
                [!provide]                        PROVIDE (__start_noinit_RAM = .)
                [!provide]                        PROVIDE (__start_noinit_RamLoc16 = .)
 *(.noinit*)
                0x00000000100000b0                . = ALIGN (0x4)
                0x00000000100000b0                _end_noinit = .
                [!provide]                        PROVIDE (__end_noinit_RAM = .)
                [!provide]                        PROVIDE (__end_noinit_RamLoc16 = .)
                [!provide]                        PROVIDE (_pvHeapStart = DEFINED (__user_heap_base)?__user_heap_base:.)
                0x0000000010004000                PROVIDE (_vStackTop = DEFINED (__user_stack_top)?__user_stack_top:(__top_RamLoc16 - 0x0))
                0xffffffffefffbac3                PROVIDE (__valid_user_code_checksum = (0x0 - (((_vStackTop + (ResetISR + 0x1)) + (DEFINED (NMI_Handler)?NMI_Handler:M0_NMI_Handler + 0x1)) + (DEFINED (HardFault_Handler)?HardFault_Handler:M0_HardFault_Handler + 0x1))))
                0x0000000000000000                _image_start = LOADADDR (.text)
                0x0000000000000dc8                _image_end = (LOADADDR (.data) + SIZEOF (.data))
                0x0000000000000dc8                _image_size = (_image_end - _image_start)
OUTPUT(Antirebote.axf elf32-littlearm)
LOAD linker stubs

.debug_info     0x0000000000000000     0x1b29
 .debug_info    0x0000000000000000       0xce ./Primitivas/Leds.o
 .debug_info    0x00000000000000ce      0x202 ./Primitivas/TImer.o
 .debug_info    0x00000000000002d0       0xac ./Primitivas/Tecla.o
 .debug_info    0x000000000000037c      0x5d2 ./Drivers/DR_Init.o
 .debug_info    0x000000000000094e      0x615 ./Drivers/IntExt.o
 .debug_info    0x0000000000000f63      0x1df ./Drivers/Systick.o
 .debug_info    0x0000000000001142      0x3b4 ./Drivers/gpio.o
 .debug_info    0x00000000000014f6      0x10e ./Aplicacion/BlinkinLed.o
 .debug_info    0x0000000000001604      0x141 ./Aplicacion/BotonSwapMDE.o
 .debug_info    0x0000000000001745      0x14f ./Aplicacion/LedsMDE.o
 .debug_info    0x0000000000001894      0x255 ./Aplicacion/cr_startup_lpc84x.o
 .debug_info    0x0000000000001ae9       0x40 ./Aplicacion/crp.o

.debug_abbrev   0x0000000000000000      0xa49
 .debug_abbrev  0x0000000000000000       0x83 ./Primitivas/Leds.o
 .debug_abbrev  0x0000000000000083      0x121 ./Primitivas/TImer.o
 .debug_abbrev  0x00000000000001a4       0x8b ./Primitivas/Tecla.o
 .debug_abbrev  0x000000000000022f      0x10f ./Drivers/DR_Init.o
 .debug_abbrev  0x000000000000033e      0x132 ./Drivers/IntExt.o
 .debug_abbrev  0x0000000000000470      0x145 ./Drivers/Systick.o
 .debug_abbrev  0x00000000000005b5      0x147 ./Drivers/gpio.o
 .debug_abbrev  0x00000000000006fc       0x7d ./Aplicacion/BlinkinLed.o
 .debug_abbrev  0x0000000000000779       0xa6 ./Aplicacion/BotonSwapMDE.o
 .debug_abbrev  0x000000000000081f       0xc8 ./Aplicacion/LedsMDE.o
 .debug_abbrev  0x00000000000008e7      0x12a ./Aplicacion/cr_startup_lpc84x.o
 .debug_abbrev  0x0000000000000a11       0x38 ./Aplicacion/crp.o

.debug_aranges  0x0000000000000000      0x250
 .debug_aranges
                0x0000000000000000       0x30 ./Primitivas/Leds.o
 .debug_aranges
                0x0000000000000030       0x48 ./Primitivas/TImer.o
 .debug_aranges
                0x0000000000000078       0x20 ./Primitivas/Tecla.o
 .debug_aranges
                0x0000000000000098       0x30 ./Drivers/DR_Init.o
 .debug_aranges
                0x00000000000000c8       0x28 ./Drivers/IntExt.o
 .debug_aranges
                0x00000000000000f0       0x38 ./Drivers/Systick.o
 .debug_aranges
                0x0000000000000128       0x40 ./Drivers/gpio.o
 .debug_aranges
                0x0000000000000168       0x20 ./Aplicacion/BlinkinLed.o
 .debug_aranges
                0x0000000000000188       0x28 ./Aplicacion/BotonSwapMDE.o
 .debug_aranges
                0x00000000000001b0       0x28 ./Aplicacion/LedsMDE.o
 .debug_aranges
                0x00000000000001d8       0x60 ./Aplicacion/cr_startup_lpc84x.o
 .debug_aranges
                0x0000000000000238       0x18 ./Aplicacion/crp.o

.debug_ranges   0x0000000000000000      0x188
 .debug_ranges  0x0000000000000000       0x20 ./Primitivas/Leds.o
 .debug_ranges  0x0000000000000020       0x38 ./Primitivas/TImer.o
 .debug_ranges  0x0000000000000058       0x10 ./Primitivas/Tecla.o
 .debug_ranges  0x0000000000000068       0x20 ./Drivers/DR_Init.o
 .debug_ranges  0x0000000000000088       0x18 ./Drivers/IntExt.o
 .debug_ranges  0x00000000000000a0       0x28 ./Drivers/Systick.o
 .debug_ranges  0x00000000000000c8       0x30 ./Drivers/gpio.o
 .debug_ranges  0x00000000000000f8       0x10 ./Aplicacion/BlinkinLed.o
 .debug_ranges  0x0000000000000108       0x18 ./Aplicacion/BotonSwapMDE.o
 .debug_ranges  0x0000000000000120       0x18 ./Aplicacion/LedsMDE.o
 .debug_ranges  0x0000000000000138       0x50 ./Aplicacion/cr_startup_lpc84x.o

.debug_macro    0x0000000000000000     0x11ca
 .debug_macro   0x0000000000000000       0x37 ./Primitivas/Leds.o
 .debug_macro   0x0000000000000037      0xa96 ./Primitivas/Leds.o
 .debug_macro   0x0000000000000acd      0x25f ./Primitivas/Leds.o
 .debug_macro   0x0000000000000d2c       0x34 ./Primitivas/Leds.o
 .debug_macro   0x0000000000000d60       0x4f ./Primitivas/TImer.o
 .debug_macro   0x0000000000000daf       0x1c ./Primitivas/TImer.o
 .debug_macro   0x0000000000000dcb       0x10 ./Primitivas/TImer.o
 .debug_macro   0x0000000000000ddb       0x1c ./Primitivas/TImer.o
 .debug_macro   0x0000000000000df7       0x37 ./Primitivas/Tecla.o
 .debug_macro   0x0000000000000e2e       0x16 ./Primitivas/Tecla.o
 .debug_macro   0x0000000000000e44       0x74 ./Drivers/DR_Init.o
 .debug_macro   0x0000000000000eb8       0x10 ./Drivers/DR_Init.o
 .debug_macro   0x0000000000000ec8       0x10 ./Drivers/DR_Init.o
 .debug_macro   0x0000000000000ed8       0x3a ./Drivers/DR_Init.o
 .debug_macro   0x0000000000000f12       0x2a ./Drivers/IntExt.o
 .debug_macro   0x0000000000000f3c       0x46 ./Drivers/Systick.o
 .debug_macro   0x0000000000000f82       0x24 ./Drivers/gpio.o
 .debug_macro   0x0000000000000fa6       0x87 ./Aplicacion/BlinkinLed.o
 .debug_macro   0x000000000000102d       0x28 ./Aplicacion/BlinkinLed.o
 .debug_macro   0x0000000000001055       0x87 ./Aplicacion/BotonSwapMDE.o
 .debug_macro   0x00000000000010dc       0x7d ./Aplicacion/LedsMDE.o
 .debug_macro   0x0000000000001159       0x23 ./Aplicacion/cr_startup_lpc84x.o
 .debug_macro   0x000000000000117c       0x1a ./Aplicacion/crp.o
 .debug_macro   0x0000000000001196       0x34 ./Aplicacion/crp.o

.debug_line     0x0000000000000000      0xf61
 .debug_line    0x0000000000000000       0xdc ./Primitivas/Leds.o
 .debug_line    0x00000000000000dc      0x1a9 ./Primitivas/TImer.o
 .debug_line    0x0000000000000285       0xaa ./Primitivas/Tecla.o
 .debug_line    0x000000000000032f      0x187 ./Drivers/DR_Init.o
 .debug_line    0x00000000000004b6       0x8e ./Drivers/IntExt.o
 .debug_line    0x0000000000000544      0x1ac ./Drivers/Systick.o
 .debug_line    0x00000000000006f0      0x119 ./Drivers/gpio.o
 .debug_line    0x0000000000000809      0x158 ./Aplicacion/BlinkinLed.o
 .debug_line    0x0000000000000961      0x1c0 ./Aplicacion/BotonSwapMDE.o
 .debug_line    0x0000000000000b21      0x230 ./Aplicacion/LedsMDE.o
 .debug_line    0x0000000000000d51      0x154 ./Aplicacion/cr_startup_lpc84x.o
 .debug_line    0x0000000000000ea5       0xbc ./Aplicacion/crp.o

.debug_str      0x0000000000000000     0x404c
 .debug_str     0x0000000000000000     0x364a ./Primitivas/Leds.o
                                       0x368e (size before relaxing)
 .debug_str     0x000000000000364a      0x13e ./Primitivas/TImer.o
                                       0x373f (size before relaxing)
 .debug_str     0x0000000000003788       0x1d ./Primitivas/Tecla.o
                                       0x3659 (size before relaxing)
 .debug_str     0x00000000000037a5      0x37f ./Drivers/DR_Init.o
                                       0x3a98 (size before relaxing)
 .debug_str     0x0000000000003b24       0x7a ./Drivers/IntExt.o
                                       0x3997 (size before relaxing)
 .debug_str     0x0000000000003b9e       0x72 ./Drivers/Systick.o
                                       0x36f5 (size before relaxing)
 .debug_str     0x0000000000003c10       0x9f ./Drivers/gpio.o
                                       0x3722 (size before relaxing)
 .debug_str     0x0000000000003caf       0x69 ./Aplicacion/BlinkinLed.o
                                       0x37d8 (size before relaxing)
 .debug_str     0x0000000000003d18       0x3c ./Aplicacion/BotonSwapMDE.o
                                       0x3801 (size before relaxing)
 .debug_str     0x0000000000003d54       0x2f ./Aplicacion/LedsMDE.o
                                       0x37e5 (size before relaxing)
 .debug_str     0x0000000000003d83      0x1d9 ./Aplicacion/cr_startup_lpc84x.o
                                       0x2f16 (size before relaxing)
 .debug_str     0x0000000000003f5c       0xf0 ./Aplicacion/crp.o
                                       0x2e17 (size before relaxing)

.comment        0x0000000000000000       0x4c
 .comment       0x0000000000000000       0x4c ./Primitivas/Leds.o
                                         0x4d (size before relaxing)
 .comment       0x000000000000004c       0x4d ./Primitivas/TImer.o
 .comment       0x000000000000004c       0x4d ./Primitivas/Tecla.o
 .comment       0x000000000000004c       0x4d ./Drivers/DR_Init.o
 .comment       0x000000000000004c       0x4d ./Drivers/IntExt.o
 .comment       0x000000000000004c       0x4d ./Drivers/Systick.o
 .comment       0x000000000000004c       0x4d ./Drivers/gpio.o
 .comment       0x000000000000004c       0x4d ./Aplicacion/BlinkinLed.o
 .comment       0x000000000000004c       0x4d ./Aplicacion/BotonSwapMDE.o
 .comment       0x000000000000004c       0x4d ./Aplicacion/LedsMDE.o
 .comment       0x000000000000004c       0x4d ./Aplicacion/cr_startup_lpc84x.o
 .comment       0x000000000000004c       0x4d ./Aplicacion/crp.o
 .comment       0x000000000000004c       0x4d /usr/local/mcuxpressoide-11.3.1_5262/ide/plugins/com.nxp.mcuxpresso.tools.linux_11.3.0.202011031536/tools/bin/../lib/gcc/arm-none-eabi/9.3.1/../../../../arm-none-eabi/lib/thumb/v6-m/nofp/libcr_c.a(__weak__main.o)

.ARM.attributes
                0x0000000000000000       0x2c
 .ARM.attributes
                0x0000000000000000       0x2c ./Primitivas/Leds.o
 .ARM.attributes
                0x000000000000002c       0x2c ./Primitivas/TImer.o
 .ARM.attributes
                0x0000000000000058       0x2c ./Primitivas/Tecla.o
 .ARM.attributes
                0x0000000000000084       0x2c ./Drivers/DR_Init.o
 .ARM.attributes
                0x00000000000000b0       0x2c ./Drivers/IntExt.o
 .ARM.attributes
                0x00000000000000dc       0x2c ./Drivers/Systick.o
 .ARM.attributes
                0x0000000000000108       0x2c ./Drivers/gpio.o
 .ARM.attributes
                0x0000000000000134       0x2c ./Aplicacion/BlinkinLed.o
 .ARM.attributes
                0x0000000000000160       0x2c ./Aplicacion/BotonSwapMDE.o
 .ARM.attributes
                0x000000000000018c       0x2c ./Aplicacion/LedsMDE.o
 .ARM.attributes
                0x00000000000001b8       0x2c ./Aplicacion/cr_startup_lpc84x.o
 .ARM.attributes
                0x00000000000001e4       0x31 ./Aplicacion/crp.o
 .ARM.attributes
                0x0000000000000215       0x2c /usr/local/mcuxpressoide-11.3.1_5262/ide/plugins/com.nxp.mcuxpresso.tools.linux_11.3.0.202011031536/tools/bin/../lib/gcc/arm-none-eabi/9.3.1/../../../../arm-none-eabi/lib/thumb/v6-m/nofp/libcr_c.a(__weak__main.o)

.debug_frame    0x0000000000000000      0x51c
 .debug_frame   0x0000000000000000       0x70 ./Primitivas/Leds.o
 .debug_frame   0x0000000000000070       0xc4 ./Primitivas/TImer.o
 .debug_frame   0x0000000000000134       0x30 ./Primitivas/Tecla.o
 .debug_frame   0x0000000000000164       0x64 ./Drivers/DR_Init.o
 .debug_frame   0x00000000000001c8       0x48 ./Drivers/IntExt.o
 .debug_frame   0x0000000000000210       0x88 ./Drivers/Systick.o
 .debug_frame   0x0000000000000298       0xb0 ./Drivers/gpio.o
 .debug_frame   0x0000000000000348       0x2c ./Aplicacion/BlinkinLed.o
 .debug_frame   0x0000000000000374       0x48 ./Aplicacion/BotonSwapMDE.o
 .debug_frame   0x00000000000003bc       0x48 ./Aplicacion/LedsMDE.o
 .debug_frame   0x0000000000000404      0x118 ./Aplicacion/cr_startup_lpc84x.o

Cross Reference Table

Symbol                                            File
ADC_OVR_IRQHandler                                ./Aplicacion/cr_startup_lpc84x.o
ADC_SEQA_IRQHandler                               ./Aplicacion/cr_startup_lpc84x.o
ADC_SEQB_IRQHandler                               ./Aplicacion/cr_startup_lpc84x.o
ADC_THCMP_IRQHandler                              ./Aplicacion/cr_startup_lpc84x.o
AnalizarTimers                                    ./Drivers/Systick.o
BOD_IRQHandler                                    ./Aplicacion/cr_startup_lpc84x.o
BotonSwapMDE                                      ./Aplicacion/BotonSwapMDE.o
                                                  ./Aplicacion/BlinkinLed.o
CMP_IRQHandler                                    ./Aplicacion/cr_startup_lpc84x.o
CRP_WORD                                          ./Aplicacion/crp.o
CTIMER0_IRQHandler                                ./Aplicacion/cr_startup_lpc84x.o
DAC0_IRQHandler                                   ./Aplicacion/cr_startup_lpc84x.o
DMA_IRQHandler                                    ./Aplicacion/cr_startup_lpc84x.o
DriverTecladoSW                                   ./Drivers/Systick.o
FAIM_IRQHandler                                   ./Aplicacion/cr_startup_lpc84x.o
FLASH_IRQHandler                                  ./Aplicacion/cr_startup_lpc84x.o
GetPIN                                            ./Drivers/gpio.o
                                                  ./Aplicacion/BotonSwapMDE.o
                                                  ./Drivers/Systick.o
                                                  ./Primitivas/Leds.o
HandlerT0                                         ./Primitivas/TImer.o
                                                  ./Aplicacion/LedsMDE.o
HandlerT1                                         ./Primitivas/TImer.o
                                                  ./Aplicacion/LedsMDE.o
HandlerT2                                         ./Primitivas/TImer.o
                                                  ./Aplicacion/BlinkinLed.o
HandlersTimer                                     ./Primitivas/TImer.o
HardFault_Handler                                 ./Aplicacion/cr_startup_lpc84x.o
I2C0_IRQHandler                                   ./Aplicacion/cr_startup_lpc84x.o
I2C1_IRQHandler                                   ./Aplicacion/cr_startup_lpc84x.o
I2C2_IRQHandler                                   ./Aplicacion/cr_startup_lpc84x.o
I2C3_IRQHandler                                   ./Aplicacion/cr_startup_lpc84x.o
InitBotonSwapMDE                                  ./Aplicacion/BotonSwapMDE.o
                                                  ./Aplicacion/BlinkinLed.o
InitGPIO                                          ./Drivers/DR_Init.o
InitHw                                            ./Drivers/DR_Init.o
                                                  ./Aplicacion/BlinkinLed.o
InitIntExt                                        ./Drivers/IntExt.o
                                                  ./Drivers/DR_Init.o
InitLedsMDE                                       ./Aplicacion/LedsMDE.o
                                                  ./Aplicacion/BlinkinLed.o
InitPLL                                           ./Drivers/DR_Init.o
InitSystick                                       ./Drivers/Systick.o
                                                  ./Drivers/DR_Init.o
IntDefaultHandler                                 ./Aplicacion/cr_startup_lpc84x.o
LED_OFF                                           ./Primitivas/Leds.o
                                                  ./Aplicacion/LedsMDE.o
                                                  ./Aplicacion/BotonSwapMDE.o
                                                  ./Aplicacion/BlinkinLed.o
LED_ON                                            ./Primitivas/Leds.o
                                                  ./Aplicacion/LedsMDE.o
                                                  ./Aplicacion/BotonSwapMDE.o
LedsMDE                                           ./Aplicacion/LedsMDE.o
                                                  ./Aplicacion/BlinkinLed.o
MRT_IRQHandler                                    ./Aplicacion/cr_startup_lpc84x.o
NMI_Handler                                       ./Aplicacion/cr_startup_lpc84x.o
PININT0_IRQHandler                                ./Drivers/IntExt.o
PININT1_IRQHandler                                ./Aplicacion/cr_startup_lpc84x.o
PININT2_IRQHandler                                ./Aplicacion/cr_startup_lpc84x.o
PININT3_IRQHandler                                ./Aplicacion/cr_startup_lpc84x.o
PININT4_IRQHandler                                ./Aplicacion/cr_startup_lpc84x.o
PININT5_IRQHandler                                ./Aplicacion/cr_startup_lpc84x.o
PININT6_IRQHandler                                ./Aplicacion/cr_startup_lpc84x.o
PININT7_IRQHandler                                ./Aplicacion/cr_startup_lpc84x.o
PendSV_Handler                                    ./Aplicacion/cr_startup_lpc84x.o
ResetISR                                          ./Aplicacion/cr_startup_lpc84x.o
SCT_IRQHandler                                    ./Aplicacion/cr_startup_lpc84x.o
SPI0_IRQHandler                                   ./Aplicacion/cr_startup_lpc84x.o
SPI1_IRQHandler                                   ./Aplicacion/cr_startup_lpc84x.o
SVC_Handler                                       ./Aplicacion/cr_startup_lpc84x.o
SetDIR                                            ./Drivers/gpio.o
                                                  ./Drivers/DR_Init.o
SetPIN                                            ./Drivers/gpio.o
                                                  ./Primitivas/Leds.o
SetPINMODE_IN                                     ./Drivers/gpio.o
                                                  ./Drivers/DR_Init.o
SetPINMODE_OUT                                    ./Drivers/gpio.o
                                                  ./Drivers/DR_Init.o
SwapEstadoLed                                     ./Primitivas/Leds.o
                                                  ./Aplicacion/LedsMDE.o
SysTick_Handler                                   ./Drivers/Systick.o
Tecla                                             ./Primitivas/Tecla.o
                                                  ./Drivers/Systick.o
TimerEvent                                        ./Primitivas/TImer.o
                                                  ./Aplicacion/BlinkinLed.o
TimerStart                                        ./Primitivas/TImer.o
                                                  ./Aplicacion/LedsMDE.o
                                                  ./Aplicacion/BlinkinLed.o
TimerStop                                         ./Primitivas/TImer.o
                                                  ./Aplicacion/LedsMDE.o
                                                  ./Aplicacion/BlinkinLed.o
UART0_IRQHandler                                  ./Aplicacion/cr_startup_lpc84x.o
UART1_IRQHandler                                  ./Aplicacion/cr_startup_lpc84x.o
UART2_IRQHandler                                  ./Aplicacion/cr_startup_lpc84x.o
WDT_IRQHandler                                    ./Aplicacion/cr_startup_lpc84x.o
WKT_IRQHandler                                    ./Aplicacion/cr_startup_lpc84x.o
__bss_section_table_end                           ./Aplicacion/cr_startup_lpc84x.o
__data_section_table                              ./Aplicacion/cr_startup_lpc84x.o
__data_section_table_end                          ./Aplicacion/cr_startup_lpc84x.o
__main                                            /usr/local/mcuxpressoide-11.3.1_5262/ide/plugins/com.nxp.mcuxpresso.tools.linux_11.3.0.202011031536/tools/bin/../lib/gcc/arm-none-eabi/9.3.1/../../../../arm-none-eabi/lib/thumb/v6-m/nofp/libcr_c.a(__weak__main.o)
                                                  ./Aplicacion/cr_startup_lpc84x.o
__valid_user_code_checksum                        ./Aplicacion/cr_startup_lpc84x.o
__weak_main                                       /usr/local/mcuxpressoide-11.3.1_5262/ide/plugins/com.nxp.mcuxpresso.tools.linux_11.3.0.202011031536/tools/bin/../lib/gcc/arm-none-eabi/9.3.1/../../../../arm-none-eabi/lib/thumb/v6-m/nofp/libcr_c.a(__weak__main.o)
_vStackTop                                        ./Aplicacion/cr_startup_lpc84x.o
bss_init                                          ./Aplicacion/cr_startup_lpc84x.o
colorLed                                          ./Aplicacion/LedsMDE.o
                                                  ./Aplicacion/BotonSwapMDE.o
data_init                                         ./Aplicacion/cr_startup_lpc84x.o
flagBoton                                         ./Drivers/IntExt.o
flagT0                                            ./Primitivas/TImer.o
                                                  ./Aplicacion/LedsMDE.o
flagT1                                            ./Primitivas/TImer.o
                                                  ./Aplicacion/LedsMDE.o
flagT2                                            ./Primitivas/TImer.o
                                                  ./Aplicacion/LedsMDE.o
flagsT                                            ./Drivers/Systick.o
                                                  ./Primitivas/TImer.o
fro_set_frec                                      ./Drivers/DR_Init.o
g_pfnVectors                                      ./Aplicacion/cr_startup_lpc84x.o
getKey                                            ./Primitivas/Tecla.o
                                                  ./Aplicacion/LedsMDE.o
                                                  ./Aplicacion/BlinkinLed.o
main                                              ./Aplicacion/BlinkinLed.o
                                                  /usr/local/mcuxpressoide-11.3.1_5262/ide/plugins/com.nxp.mcuxpresso.tools.linux_11.3.0.202011031536/tools/bin/../lib/gcc/arm-none-eabi/9.3.1/../../../../arm-none-eabi/lib/thumb/v6-m/nofp/libcr_c.a(__weak__main.o)
pDivRom_idiv                                      ./Aplicacion/cr_startup_lpc84x.o
pDivRom_uidiv                                     ./Aplicacion/cr_startup_lpc84x.o
presionado                                        ./Aplicacion/LedsMDE.o
timers                                            ./Drivers/Systick.o
                                                  ./Primitivas/TImer.o
