Archive member included to satisfy reference by file (symbol)

/usr/local/mcuxpressoide-11.3.1_5262/ide/plugins/com.nxp.mcuxpresso.tools.linux_11.3.0.202011031536/tools/bin/../lib/gcc/arm-none-eabi/9.3.1/../../../../arm-none-eabi/lib/thumb/v6-m/nofp/libcr_c.a(__weak__main.o)
                              ./Aplicacion/cr_startup_lpc84x.o (__main)
/usr/local/mcuxpressoide-11.3.1_5262/ide/plugins/com.nxp.mcuxpresso.tools.linux_11.3.0.202011031536/tools/bin/../lib/gcc/arm-none-eabi/9.3.1/thumb/v6-m/nofp/libcr_eabihelpers.a(double.o)
                              ./Aplicacion/MDE_funciones.o (__aeabi_dmul)
/usr/local/mcuxpressoide-11.3.1_5262/ide/plugins/com.nxp.mcuxpresso.tools.linux_11.3.0.202011031536/tools/bin/../lib/gcc/arm-none-eabi/9.3.1/thumb/v6-m/nofp/libcr_eabihelpers.a(llong.o)
                              /usr/local/mcuxpressoide-11.3.1_5262/ide/plugins/com.nxp.mcuxpresso.tools.linux_11.3.0.202011031536/tools/bin/../lib/gcc/arm-none-eabi/9.3.1/thumb/v6-m/nofp/libcr_eabihelpers.a(double.o) (__aeabi_lmul)

Discarded input sections

 .group         0x0000000000000000        0xc ./Primitivas/Leds.o
 .group         0x0000000000000000        0xc ./Primitivas/Leds.o
 .group         0x0000000000000000        0xc ./Primitivas/Leds.o
 .text          0x0000000000000000        0x0 ./Primitivas/Leds.o
 .data          0x0000000000000000        0x0 ./Primitivas/Leds.o
 .bss           0x0000000000000000        0x0 ./Primitivas/Leds.o
 .text.LED_ON   0x0000000000000000       0x1c ./Primitivas/Leds.o
 .text.SwapEstadoLed
                0x0000000000000000       0x32 ./Primitivas/Leds.o
 .group         0x0000000000000000        0xc ./Primitivas/TImer.o
 .group         0x0000000000000000        0xc ./Primitivas/TImer.o
 .group         0x0000000000000000        0xc ./Primitivas/TImer.o
 .group         0x0000000000000000        0xc ./Primitivas/TImer.o
 .text          0x0000000000000000        0x0 ./Primitivas/TImer.o
 .data          0x0000000000000000        0x0 ./Primitivas/TImer.o
 .bss           0x0000000000000000        0x0 ./Primitivas/TImer.o
 .debug_macro   0x0000000000000000      0xa96 ./Primitivas/TImer.o
 .debug_macro   0x0000000000000000      0x25f ./Primitivas/TImer.o
 .group         0x0000000000000000        0xc ./Primitivas/Tecla.o
 .group         0x0000000000000000        0xc ./Primitivas/Tecla.o
 .group         0x0000000000000000        0xc ./Primitivas/Tecla.o
 .text          0x0000000000000000        0x0 ./Primitivas/Tecla.o
 .data          0x0000000000000000        0x0 ./Primitivas/Tecla.o
 .bss           0x0000000000000000        0x0 ./Primitivas/Tecla.o
 .debug_macro   0x0000000000000000      0xa96 ./Primitivas/Tecla.o
 .debug_macro   0x0000000000000000      0x25f ./Primitivas/Tecla.o
 .debug_macro   0x0000000000000000       0x94 ./Primitivas/Tecla.o
 .group         0x0000000000000000        0xc ./Drivers/DR_Init.o
 .group         0x0000000000000000        0xc ./Drivers/DR_Init.o
 .group         0x0000000000000000        0xc ./Drivers/DR_Init.o
 .group         0x0000000000000000        0xc ./Drivers/DR_Init.o
 .group         0x0000000000000000        0xc ./Drivers/DR_Init.o
 .group         0x0000000000000000        0xc ./Drivers/DR_Init.o
 .text          0x0000000000000000        0x0 ./Drivers/DR_Init.o
 .data          0x0000000000000000        0x0 ./Drivers/DR_Init.o
 .bss           0x0000000000000000        0x0 ./Drivers/DR_Init.o
 .debug_macro   0x0000000000000000      0xa96 ./Drivers/DR_Init.o
 .debug_macro   0x0000000000000000      0x25f ./Drivers/DR_Init.o
 .debug_macro   0x0000000000000000       0x94 ./Drivers/DR_Init.o
 .debug_macro   0x0000000000000000       0x34 ./Drivers/DR_Init.o
 .debug_macro   0x0000000000000000       0x1c ./Drivers/DR_Init.o
 .group         0x0000000000000000        0xc ./Drivers/DR_teclado.o
 .group         0x0000000000000000        0xc ./Drivers/DR_teclado.o
 .group         0x0000000000000000        0xc ./Drivers/DR_teclado.o
 .text          0x0000000000000000        0x0 ./Drivers/DR_teclado.o
 .data          0x0000000000000000        0x0 ./Drivers/DR_teclado.o
 .bss           0x0000000000000000        0x0 ./Drivers/DR_teclado.o
 .debug_macro   0x0000000000000000      0xa96 ./Drivers/DR_teclado.o
 .debug_macro   0x0000000000000000      0x25f ./Drivers/DR_teclado.o
 .debug_macro   0x0000000000000000       0x94 ./Drivers/DR_teclado.o
 .group         0x0000000000000000        0xc ./Drivers/GPIO.o
 .group         0x0000000000000000        0xc ./Drivers/GPIO.o
 .text          0x0000000000000000        0x0 ./Drivers/GPIO.o
 .data          0x0000000000000000        0x0 ./Drivers/GPIO.o
 .bss           0x0000000000000000        0x0 ./Drivers/GPIO.o
 .text.SetPINMODE_IN
                0x0000000000000000       0x34 ./Drivers/GPIO.o
 .debug_macro   0x0000000000000000      0xa96 ./Drivers/GPIO.o
 .debug_macro   0x0000000000000000      0x25f ./Drivers/GPIO.o
 .group         0x0000000000000000        0xc ./Drivers/Systick.o
 .group         0x0000000000000000        0xc ./Drivers/Systick.o
 .group         0x0000000000000000        0xc ./Drivers/Systick.o
 .text          0x0000000000000000        0x0 ./Drivers/Systick.o
 .data          0x0000000000000000        0x0 ./Drivers/Systick.o
 .bss           0x0000000000000000        0x0 ./Drivers/Systick.o
 .debug_macro   0x0000000000000000      0xa96 ./Drivers/Systick.o
 .debug_macro   0x0000000000000000      0x25f ./Drivers/Systick.o
 .debug_macro   0x0000000000000000       0x94 ./Drivers/Systick.o
 .group         0x0000000000000000        0xc ./Aplicacion/JustDanceMDE.o
 .group         0x0000000000000000        0xc ./Aplicacion/JustDanceMDE.o
 .group         0x0000000000000000        0xc ./Aplicacion/JustDanceMDE.o
 .group         0x0000000000000000        0xc ./Aplicacion/JustDanceMDE.o
 .group         0x0000000000000000        0xc ./Aplicacion/JustDanceMDE.o
 .group         0x0000000000000000        0xc ./Aplicacion/JustDanceMDE.o
 .text          0x0000000000000000        0x0 ./Aplicacion/JustDanceMDE.o
 .data          0x0000000000000000        0x0 ./Aplicacion/JustDanceMDE.o
 .bss           0x0000000000000000        0x0 ./Aplicacion/JustDanceMDE.o
 .rodata.dificultad
                0x0000000000000000        0x8 ./Aplicacion/JustDanceMDE.o
 .bss.indice_dif
                0x0000000000000000        0x1 ./Aplicacion/JustDanceMDE.o
 .debug_macro   0x0000000000000000      0xa96 ./Aplicacion/JustDanceMDE.o
 .debug_macro   0x0000000000000000      0x25f ./Aplicacion/JustDanceMDE.o
 .debug_macro   0x0000000000000000       0x94 ./Aplicacion/JustDanceMDE.o
 .debug_macro   0x0000000000000000       0x1c ./Aplicacion/JustDanceMDE.o
 .group         0x0000000000000000        0xc ./Aplicacion/MDE_funciones.o
 .group         0x0000000000000000        0xc ./Aplicacion/MDE_funciones.o
 .group         0x0000000000000000        0xc ./Aplicacion/MDE_funciones.o
 .group         0x0000000000000000        0xc ./Aplicacion/MDE_funciones.o
 .group         0x0000000000000000        0xc ./Aplicacion/MDE_funciones.o
 .group         0x0000000000000000        0xc ./Aplicacion/MDE_funciones.o
 .text          0x0000000000000000        0x0 ./Aplicacion/MDE_funciones.o
 .data          0x0000000000000000        0x0 ./Aplicacion/MDE_funciones.o
 .bss           0x0000000000000000        0x0 ./Aplicacion/MDE_funciones.o
 .debug_macro   0x0000000000000000      0xa96 ./Aplicacion/MDE_funciones.o
 .debug_macro   0x0000000000000000      0x25f ./Aplicacion/MDE_funciones.o
 .debug_macro   0x0000000000000000       0x3a ./Aplicacion/MDE_funciones.o
 .debug_macro   0x0000000000000000       0x94 ./Aplicacion/MDE_funciones.o
 .debug_macro   0x0000000000000000       0x1c ./Aplicacion/MDE_funciones.o
 .debug_macro   0x0000000000000000       0x34 ./Aplicacion/MDE_funciones.o
 .group         0x0000000000000000        0xc ./Aplicacion/cr_startup_lpc84x.o
 .text          0x0000000000000000        0x0 ./Aplicacion/cr_startup_lpc84x.o
 .data          0x0000000000000000        0x0 ./Aplicacion/cr_startup_lpc84x.o
 .bss           0x0000000000000000        0x0 ./Aplicacion/cr_startup_lpc84x.o
 .debug_macro   0x0000000000000000      0xa96 ./Aplicacion/cr_startup_lpc84x.o
 .group         0x0000000000000000        0xc ./Aplicacion/crp.o
 .group         0x0000000000000000        0xc ./Aplicacion/crp.o
 .text          0x0000000000000000        0x0 ./Aplicacion/crp.o
 .data          0x0000000000000000        0x0 ./Aplicacion/crp.o
 .bss           0x0000000000000000        0x0 ./Aplicacion/crp.o
 .debug_macro   0x0000000000000000      0xa96 ./Aplicacion/crp.o
 .group         0x0000000000000000        0xc ./Aplicacion/main.o
 .group         0x0000000000000000        0xc ./Aplicacion/main.o
 .group         0x0000000000000000        0xc ./Aplicacion/main.o
 .group         0x0000000000000000        0xc ./Aplicacion/main.o
 .group         0x0000000000000000        0xc ./Aplicacion/main.o
 .group         0x0000000000000000        0xc ./Aplicacion/main.o
 .group         0x0000000000000000        0xc ./Aplicacion/main.o
 .text          0x0000000000000000        0x0 ./Aplicacion/main.o
 .data          0x0000000000000000        0x0 ./Aplicacion/main.o
 .bss           0x0000000000000000        0x0 ./Aplicacion/main.o
 .debug_macro   0x0000000000000000      0xa96 ./Aplicacion/main.o
 .debug_macro   0x0000000000000000      0x25f ./Aplicacion/main.o
 .debug_macro   0x0000000000000000       0x3a ./Aplicacion/main.o
 .debug_macro   0x0000000000000000       0x94 ./Aplicacion/main.o
 .debug_macro   0x0000000000000000       0x1c ./Aplicacion/main.o
 .debug_macro   0x0000000000000000       0x34 ./Aplicacion/main.o
 .debug_macro   0x0000000000000000       0x10 ./Aplicacion/main.o
 .text          0x0000000000000000        0x0 /usr/local/mcuxpressoide-11.3.1_5262/ide/plugins/com.nxp.mcuxpresso.tools.linux_11.3.0.202011031536/tools/bin/../lib/gcc/arm-none-eabi/9.3.1/../../../../arm-none-eabi/lib/thumb/v6-m/nofp/libcr_c.a(__weak__main.o)
 .data          0x0000000000000000        0x0 /usr/local/mcuxpressoide-11.3.1_5262/ide/plugins/com.nxp.mcuxpresso.tools.linux_11.3.0.202011031536/tools/bin/../lib/gcc/arm-none-eabi/9.3.1/../../../../arm-none-eabi/lib/thumb/v6-m/nofp/libcr_c.a(__weak__main.o)
 .bss           0x0000000000000000        0x0 /usr/local/mcuxpressoide-11.3.1_5262/ide/plugins/com.nxp.mcuxpresso.tools.linux_11.3.0.202011031536/tools/bin/../lib/gcc/arm-none-eabi/9.3.1/../../../../arm-none-eabi/lib/thumb/v6-m/nofp/libcr_c.a(__weak__main.o)
 .text          0x0000000000000000        0x0 /usr/local/mcuxpressoide-11.3.1_5262/ide/plugins/com.nxp.mcuxpresso.tools.linux_11.3.0.202011031536/tools/bin/../lib/gcc/arm-none-eabi/9.3.1/thumb/v6-m/nofp/libcr_eabihelpers.a(double.o)
 .data          0x0000000000000000        0x0 /usr/local/mcuxpressoide-11.3.1_5262/ide/plugins/com.nxp.mcuxpresso.tools.linux_11.3.0.202011031536/tools/bin/../lib/gcc/arm-none-eabi/9.3.1/thumb/v6-m/nofp/libcr_eabihelpers.a(double.o)
 .bss           0x0000000000000000        0x0 /usr/local/mcuxpressoide-11.3.1_5262/ide/plugins/com.nxp.mcuxpresso.tools.linux_11.3.0.202011031536/tools/bin/../lib/gcc/arm-none-eabi/9.3.1/thumb/v6-m/nofp/libcr_eabihelpers.a(double.o)
 .text.__aeabi_ddiv
                0x0000000000000000      0x150 /usr/local/mcuxpressoide-11.3.1_5262/ide/plugins/com.nxp.mcuxpresso.tools.linux_11.3.0.202011031536/tools/bin/../lib/gcc/arm-none-eabi/9.3.1/thumb/v6-m/nofp/libcr_eabihelpers.a(double.o)
 .text.__aeabi_drsub
                0x0000000000000000       0x16 /usr/local/mcuxpressoide-11.3.1_5262/ide/plugins/com.nxp.mcuxpresso.tools.linux_11.3.0.202011031536/tools/bin/../lib/gcc/arm-none-eabi/9.3.1/thumb/v6-m/nofp/libcr_eabihelpers.a(double.o)
 .text.__aeabi_dneg
                0x0000000000000000        0xa /usr/local/mcuxpressoide-11.3.1_5262/ide/plugins/com.nxp.mcuxpresso.tools.linux_11.3.0.202011031536/tools/bin/../lib/gcc/arm-none-eabi/9.3.1/thumb/v6-m/nofp/libcr_eabihelpers.a(double.o)
 .text.__aeabi_d2f
                0x0000000000000000       0x60 /usr/local/mcuxpressoide-11.3.1_5262/ide/plugins/com.nxp.mcuxpresso.tools.linux_11.3.0.202011031536/tools/bin/../lib/gcc/arm-none-eabi/9.3.1/thumb/v6-m/nofp/libcr_eabihelpers.a(double.o)
 .text.__aeabi_d2iz
                0x0000000000000000       0x50 /usr/local/mcuxpressoide-11.3.1_5262/ide/plugins/com.nxp.mcuxpresso.tools.linux_11.3.0.202011031536/tools/bin/../lib/gcc/arm-none-eabi/9.3.1/thumb/v6-m/nofp/libcr_eabihelpers.a(double.o)
 .text.__aeabi_d2uiz
                0x0000000000000000       0x38 /usr/local/mcuxpressoide-11.3.1_5262/ide/plugins/com.nxp.mcuxpresso.tools.linux_11.3.0.202011031536/tools/bin/../lib/gcc/arm-none-eabi/9.3.1/thumb/v6-m/nofp/libcr_eabihelpers.a(double.o)
 .text.__aeabi_d2lz
                0x0000000000000000       0x80 /usr/local/mcuxpressoide-11.3.1_5262/ide/plugins/com.nxp.mcuxpresso.tools.linux_11.3.0.202011031536/tools/bin/../lib/gcc/arm-none-eabi/9.3.1/thumb/v6-m/nofp/libcr_eabihelpers.a(double.o)
 .text.__aeabi_d2ulz
                0x0000000000000000       0x58 /usr/local/mcuxpressoide-11.3.1_5262/ide/plugins/com.nxp.mcuxpresso.tools.linux_11.3.0.202011031536/tools/bin/../lib/gcc/arm-none-eabi/9.3.1/thumb/v6-m/nofp/libcr_eabihelpers.a(double.o)
 .text.__bhs_ul2d
                0x0000000000000000       0xac /usr/local/mcuxpressoide-11.3.1_5262/ide/plugins/com.nxp.mcuxpresso.tools.linux_11.3.0.202011031536/tools/bin/../lib/gcc/arm-none-eabi/9.3.1/thumb/v6-m/nofp/libcr_eabihelpers.a(double.o)
 .text.__aeabi_i2d
                0x0000000000000000       0x18 /usr/local/mcuxpressoide-11.3.1_5262/ide/plugins/com.nxp.mcuxpresso.tools.linux_11.3.0.202011031536/tools/bin/../lib/gcc/arm-none-eabi/9.3.1/thumb/v6-m/nofp/libcr_eabihelpers.a(double.o)
 .text.__aeabi_l2d
                0x0000000000000000       0x24 /usr/local/mcuxpressoide-11.3.1_5262/ide/plugins/com.nxp.mcuxpresso.tools.linux_11.3.0.202011031536/tools/bin/../lib/gcc/arm-none-eabi/9.3.1/thumb/v6-m/nofp/libcr_eabihelpers.a(double.o)
 .text.__aeabi_ul2d
                0x0000000000000000        0xc /usr/local/mcuxpressoide-11.3.1_5262/ide/plugins/com.nxp.mcuxpresso.tools.linux_11.3.0.202011031536/tools/bin/../lib/gcc/arm-none-eabi/9.3.1/thumb/v6-m/nofp/libcr_eabihelpers.a(double.o)
 .text.__aeabi_dcmpeq
                0x0000000000000000       0x30 /usr/local/mcuxpressoide-11.3.1_5262/ide/plugins/com.nxp.mcuxpresso.tools.linux_11.3.0.202011031536/tools/bin/../lib/gcc/arm-none-eabi/9.3.1/thumb/v6-m/nofp/libcr_eabihelpers.a(double.o)
 .text.__aeabi_dcmple
                0x0000000000000000       0x60 /usr/local/mcuxpressoide-11.3.1_5262/ide/plugins/com.nxp.mcuxpresso.tools.linux_11.3.0.202011031536/tools/bin/../lib/gcc/arm-none-eabi/9.3.1/thumb/v6-m/nofp/libcr_eabihelpers.a(double.o)
 .text.__aeabi_dcmpge
                0x0000000000000000       0x64 /usr/local/mcuxpressoide-11.3.1_5262/ide/plugins/com.nxp.mcuxpresso.tools.linux_11.3.0.202011031536/tools/bin/../lib/gcc/arm-none-eabi/9.3.1/thumb/v6-m/nofp/libcr_eabihelpers.a(double.o)
 .text.__aeabi_dcmpun
                0x0000000000000000       0x1c /usr/local/mcuxpressoide-11.3.1_5262/ide/plugins/com.nxp.mcuxpresso.tools.linux_11.3.0.202011031536/tools/bin/../lib/gcc/arm-none-eabi/9.3.1/thumb/v6-m/nofp/libcr_eabihelpers.a(double.o)
 .text.__aeabi_cdcmple
                0x0000000000000000       0x2e /usr/local/mcuxpressoide-11.3.1_5262/ide/plugins/com.nxp.mcuxpresso.tools.linux_11.3.0.202011031536/tools/bin/../lib/gcc/arm-none-eabi/9.3.1/thumb/v6-m/nofp/libcr_eabihelpers.a(double.o)
 .text.__aeabi_cdrcmple
                0x0000000000000000       0x14 /usr/local/mcuxpressoide-11.3.1_5262/ide/plugins/com.nxp.mcuxpresso.tools.linux_11.3.0.202011031536/tools/bin/../lib/gcc/arm-none-eabi/9.3.1/thumb/v6-m/nofp/libcr_eabihelpers.a(double.o)
 .text          0x0000000000000000        0x0 /usr/local/mcuxpressoide-11.3.1_5262/ide/plugins/com.nxp.mcuxpresso.tools.linux_11.3.0.202011031536/tools/bin/../lib/gcc/arm-none-eabi/9.3.1/thumb/v6-m/nofp/libcr_eabihelpers.a(llong.o)
 .data          0x0000000000000000        0x0 /usr/local/mcuxpressoide-11.3.1_5262/ide/plugins/com.nxp.mcuxpresso.tools.linux_11.3.0.202011031536/tools/bin/../lib/gcc/arm-none-eabi/9.3.1/thumb/v6-m/nofp/libcr_eabihelpers.a(llong.o)
 .bss           0x0000000000000000        0x0 /usr/local/mcuxpressoide-11.3.1_5262/ide/plugins/com.nxp.mcuxpresso.tools.linux_11.3.0.202011031536/tools/bin/../lib/gcc/arm-none-eabi/9.3.1/thumb/v6-m/nofp/libcr_eabihelpers.a(llong.o)
 .text.__aeabi_llong_llsl
                0x0000000000000000       0x18 /usr/local/mcuxpressoide-11.3.1_5262/ide/plugins/com.nxp.mcuxpresso.tools.linux_11.3.0.202011031536/tools/bin/../lib/gcc/arm-none-eabi/9.3.1/thumb/v6-m/nofp/libcr_eabihelpers.a(llong.o)
 .text.__aeabi_llong_llsr
                0x0000000000000000       0x18 /usr/local/mcuxpressoide-11.3.1_5262/ide/plugins/com.nxp.mcuxpresso.tools.linux_11.3.0.202011031536/tools/bin/../lib/gcc/arm-none-eabi/9.3.1/thumb/v6-m/nofp/libcr_eabihelpers.a(llong.o)
 .text.__aeabi_llong_lasr
                0x0000000000000000       0x18 /usr/local/mcuxpressoide-11.3.1_5262/ide/plugins/com.nxp.mcuxpresso.tools.linux_11.3.0.202011031536/tools/bin/../lib/gcc/arm-none-eabi/9.3.1/thumb/v6-m/nofp/libcr_eabihelpers.a(llong.o)
 .text.__aeabi_llong_lcmp
                0x0000000000000000       0x14 /usr/local/mcuxpressoide-11.3.1_5262/ide/plugins/com.nxp.mcuxpresso.tools.linux_11.3.0.202011031536/tools/bin/../lib/gcc/arm-none-eabi/9.3.1/thumb/v6-m/nofp/libcr_eabihelpers.a(llong.o)
 .text.__aeabi_llong_ulcmp
                0x0000000000000000       0x10 /usr/local/mcuxpressoide-11.3.1_5262/ide/plugins/com.nxp.mcuxpresso.tools.linux_11.3.0.202011031536/tools/bin/../lib/gcc/arm-none-eabi/9.3.1/thumb/v6-m/nofp/libcr_eabihelpers.a(llong.o)

Memory Configuration

Name             Origin             Length             Attributes
MFlash64         0x0000000000000000 0x0000000000010000 xr
RamLoc16         0x0000000010000000 0x0000000000004000 xrw
*default*        0x0000000000000000 0xffffffffffffffff

Linker script and memory map

LOAD ./Primitivas/Leds.o
LOAD ./Primitivas/TImer.o
LOAD ./Primitivas/Tecla.o
LOAD ./Drivers/DR_Init.o
LOAD ./Drivers/DR_teclado.o
LOAD ./Drivers/GPIO.o
LOAD ./Drivers/Systick.o
LOAD ./Aplicacion/JustDanceMDE.o
LOAD ./Aplicacion/MDE_funciones.o
LOAD ./Aplicacion/cr_startup_lpc84x.o
LOAD ./Aplicacion/crp.o
LOAD ./Aplicacion/main.o
START GROUP
LOAD /usr/local/mcuxpressoide-11.3.1_5262/ide/plugins/com.nxp.mcuxpresso.tools.linux_11.3.0.202011031536/tools/bin/../lib/gcc/arm-none-eabi/9.3.1/../../../../arm-none-eabi/lib/thumb/v6-m/nofp/libcr_c.a
LOAD /usr/local/mcuxpressoide-11.3.1_5262/ide/plugins/com.nxp.mcuxpresso.tools.linux_11.3.0.202011031536/tools/bin/../lib/gcc/arm-none-eabi/9.3.1/thumb/v6-m/nofp/libcr_eabihelpers.a
LOAD /usr/local/mcuxpressoide-11.3.1_5262/ide/plugins/com.nxp.mcuxpresso.tools.linux_11.3.0.202011031536/tools/bin/../lib/gcc/arm-none-eabi/9.3.1/thumb/v6-m/nofp/libgcc.a
END GROUP
                0x0000000000000000                __base_MFlash64 = 0x0
                0x0000000000000000                __base_Flash = 0x0
                0x0000000000010000                __top_MFlash64 = 0x10000
                0x0000000000010000                __top_Flash = 0x10000
                0x0000000010000000                __base_RamLoc16 = 0x10000000
                0x0000000010000000                __base_RAM = 0x10000000
                0x0000000010004000                __top_RamLoc16 = 0x10004000
                0x0000000010004000                __top_RAM = 0x10004000

.text           0x0000000000000000     0x141c
 FILL mask 0xff
                0x0000000000000000                __vectors_start__ = ABSOLUTE (.)
 *(.isr_vector)
 .isr_vector    0x0000000000000000       0xc0 ./Aplicacion/cr_startup_lpc84x.o
                0x0000000000000000                g_pfnVectors
                0x00000000000000c0                . = ALIGN (0x4)
                0x00000000000000c0                __section_table_start = .
                0x00000000000000c0                __data_section_table = .
                0x00000000000000c0        0x4 LONG 0x141c LOADADDR (.data)
                0x00000000000000c4        0x4 LONG 0x10000000 ADDR (.data)
                0x00000000000000c8        0x4 LONG 0x8 SIZEOF (.data)
                0x00000000000000cc                __data_section_table_end = .
                0x00000000000000cc                __bss_section_table = .
                0x00000000000000cc        0x4 LONG 0x10000008 ADDR (.bss)
                0x00000000000000d0        0x4 LONG 0xf0 SIZEOF (.bss)
                0x00000000000000d4                __bss_section_table_end = .
                0x00000000000000d4                __section_table_end = .
 *(.after_vectors*)
 .after_vectors
                0x00000000000000d4      0x144 ./Aplicacion/cr_startup_lpc84x.o
                0x00000000000000d4                data_init
                0x0000000000000116                bss_init
                0x000000000000014c                ResetISR
                0x00000000000001f4                NMI_Handler
                0x00000000000001fa                HardFault_Handler
                0x0000000000000200                SVC_Handler
                0x0000000000000206                PendSV_Handler
                0x0000000000000212                CMP_IRQHandler
                0x0000000000000212                PININT7_IRQHandler
                0x0000000000000212                I2C0_IRQHandler
                0x0000000000000212                WKT_IRQHandler
                0x0000000000000212                PININT2_IRQHandler
                0x0000000000000212                PININT1_IRQHandler
                0x0000000000000212                MRT_IRQHandler
                0x0000000000000212                I2C1_IRQHandler
                0x0000000000000212                UART1_IRQHandler
                0x0000000000000212                ADC_SEQB_IRQHandler
                0x0000000000000212                UART0_IRQHandler
                0x0000000000000212                SPI1_IRQHandler
                0x0000000000000212                IntDefaultHandler
                0x0000000000000212                ADC_OVR_IRQHandler
                0x0000000000000212                I2C2_IRQHandler
                0x0000000000000212                PININT3_IRQHandler
                0x0000000000000212                UART2_IRQHandler
                0x0000000000000212                PININT5_IRQHandler
                0x0000000000000212                PININT4_IRQHandler
                0x0000000000000212                ADC_THCMP_IRQHandler
                0x0000000000000212                PININT0_IRQHandler
                0x0000000000000212                BOD_IRQHandler
                0x0000000000000212                I2C3_IRQHandler
                0x0000000000000212                SCT_IRQHandler
                0x0000000000000212                WDT_IRQHandler
                0x0000000000000212                ADC_SEQA_IRQHandler
                0x0000000000000212                FAIM_IRQHandler
                0x0000000000000212                DAC0_IRQHandler
                0x0000000000000212                PININT6_IRQHandler
                0x0000000000000212                SPI0_IRQHandler
                0x0000000000000212                DMA_IRQHandler
                0x0000000000000212                FLASH_IRQHandler
                0x0000000000000212                CTIMER0_IRQHandler
                0x00000000000002fc                . = 0x2fc
 *fill*         0x0000000000000218       0xe4 ff
                0x00000000000002fc                PROVIDE (__CRP_WORD_START__ = .)
 *(.crp)
 .crp           0x00000000000002fc        0x4 ./Aplicacion/crp.o
                0x00000000000002fc                CRP_WORD
                0x0000000000000300                PROVIDE (__CRP_WORD_END__ = .)
                0x0000000000000001                ASSERT (! ((__CRP_WORD_START__ == __CRP_WORD_END__)), Linker CRP Enabled, but no CRP_WORD provided within application)
 *(.text*)
 .text.LED_OFF  0x0000000000000300       0x1c ./Primitivas/Leds.o
                0x0000000000000300                LED_OFF
 .text.TimerStart
                0x000000000000031c       0x50 ./Primitivas/TImer.o
                0x000000000000031c                TimerStart
 .text.TimerStop
                0x000000000000036c       0x34 ./Primitivas/TImer.o
                0x000000000000036c                TimerStop
 .text.TimerEvent
                0x00000000000003a0       0x5c ./Primitivas/TImer.o
                0x00000000000003a0                TimerEvent
 .text.handlerT0
                0x00000000000003fc       0x14 ./Primitivas/TImer.o
                0x00000000000003fc                handlerT0
 .text.handlerT1
                0x0000000000000410       0x28 ./Primitivas/TImer.o
                0x0000000000000410                handlerT1
 .text.getKey   0x0000000000000438       0x24 ./Primitivas/Tecla.o
                0x0000000000000438                getKey
 .text.InitHw   0x000000000000045c       0x16 ./Drivers/DR_Init.o
                0x000000000000045c                InitHw
 *fill*         0x0000000000000472        0x2 ff
 .text.InitGPIO
                0x0000000000000474      0x11c ./Drivers/DR_Init.o
                0x0000000000000474                InitGPIO
 .text.InitPLL  0x0000000000000590       0x88 ./Drivers/DR_Init.o
                0x0000000000000590                InitPLL
 .text.DriverTecladoSW
                0x0000000000000618       0x70 ./Drivers/DR_teclado.o
                0x0000000000000618                DriverTecladoSW
 .text.DriverTecladoHW
                0x0000000000000688       0xac ./Drivers/DR_teclado.o
                0x0000000000000688                DriverTecladoHW
 .text.SetDIR   0x0000000000000734       0x7e ./Drivers/GPIO.o
                0x0000000000000734                SetDIR
 .text.SetPIN   0x00000000000007b2       0x7e ./Drivers/GPIO.o
                0x00000000000007b2                SetPIN
 .text.GetPIN   0x0000000000000830       0x3a ./Drivers/GPIO.o
                0x0000000000000830                GetPIN
 *fill*         0x000000000000086a        0x2 ff
 .text.SetPINMODE_OUT
                0x000000000000086c       0x4c ./Drivers/GPIO.o
                0x000000000000086c                SetPINMODE_OUT
 .text.SysTick_Handler
                0x00000000000008b8       0x12 ./Drivers/Systick.o
                0x00000000000008b8                SysTick_Handler
 *fill*         0x00000000000008ca        0x2 ff
 .text.AnalizarTimers
                0x00000000000008cc       0x7c ./Drivers/Systick.o
                0x00000000000008cc                AnalizarTimers
 .text.InitSystick
                0x0000000000000948       0x28 ./Drivers/Systick.o
                0x0000000000000948                InitSystick
 .text.JustDanceMDE
                0x0000000000000970      0x1e0 ./Aplicacion/JustDanceMDE.o
                0x0000000000000970                JustDanceMDE
 .text.InitJustDanceMDE
                0x0000000000000b50       0x3c ./Aplicacion/JustDanceMDE.o
                0x0000000000000b50                InitJustDanceMDE
 .text.Puntaje  0x0000000000000b8c      0x190 ./Aplicacion/MDE_funciones.o
                0x0000000000000b8c                Puntaje
 .text.Puntaje_restar
                0x0000000000000d1c       0x2c ./Aplicacion/MDE_funciones.o
                0x0000000000000d1c                Puntaje_restar
 .text.InitArchivoMusica
                0x0000000000000d48       0xa4 ./Aplicacion/MDE_funciones.o
                0x0000000000000d48                InitArchivoMusica
 .text.main     0x0000000000000dec       0x34 ./Aplicacion/main.o
                0x0000000000000dec                main
 .text.__weak_main
                0x0000000000000e20        0x8 /usr/local/mcuxpressoide-11.3.1_5262/ide/plugins/com.nxp.mcuxpresso.tools.linux_11.3.0.202011031536/tools/bin/../lib/gcc/arm-none-eabi/9.3.1/../../../../arm-none-eabi/lib/thumb/v6-m/nofp/libcr_c.a(__weak__main.o)
                0x0000000000000e20                __main
                0x0000000000000e20                __weak_main
 .text.__aeabi_dmul
                0x0000000000000e28      0x184 /usr/local/mcuxpressoide-11.3.1_5262/ide/plugins/com.nxp.mcuxpresso.tools.linux_11.3.0.202011031536/tools/bin/../lib/gcc/arm-none-eabi/9.3.1/thumb/v6-m/nofp/libcr_eabihelpers.a(double.o)
                0x0000000000000e28                __aeabi_dmul
 .text.__aeabi_dsub
                0x0000000000000fac      0x1e4 /usr/local/mcuxpressoide-11.3.1_5262/ide/plugins/com.nxp.mcuxpresso.tools.linux_11.3.0.202011031536/tools/bin/../lib/gcc/arm-none-eabi/9.3.1/thumb/v6-m/nofp/libcr_eabihelpers.a(double.o)
                0x0000000000000fac                __aeabi_dsub
 .text.__aeabi_dadd
                0x0000000000001190      0x134 /usr/local/mcuxpressoide-11.3.1_5262/ide/plugins/com.nxp.mcuxpresso.tools.linux_11.3.0.202011031536/tools/bin/../lib/gcc/arm-none-eabi/9.3.1/thumb/v6-m/nofp/libcr_eabihelpers.a(double.o)
                0x0000000000001190                __aeabi_dadd
 .text.__bhs_ui2d
                0x00000000000012c4       0x5e /usr/local/mcuxpressoide-11.3.1_5262/ide/plugins/com.nxp.mcuxpresso.tools.linux_11.3.0.202011031536/tools/bin/../lib/gcc/arm-none-eabi/9.3.1/thumb/v6-m/nofp/libcr_eabihelpers.a(double.o)
                0x00000000000012c4                __bhs_ui2d
 .text.__aeabi_ui2d
                0x0000000000001322        0xc /usr/local/mcuxpressoide-11.3.1_5262/ide/plugins/com.nxp.mcuxpresso.tools.linux_11.3.0.202011031536/tools/bin/../lib/gcc/arm-none-eabi/9.3.1/thumb/v6-m/nofp/libcr_eabihelpers.a(double.o)
                0x0000000000001322                __aeabi_ui2d
 *fill*         0x000000000000132e        0x2 ff
 .text.__aeabi_dcmplt
                0x0000000000001330       0x60 /usr/local/mcuxpressoide-11.3.1_5262/ide/plugins/com.nxp.mcuxpresso.tools.linux_11.3.0.202011031536/tools/bin/../lib/gcc/arm-none-eabi/9.3.1/thumb/v6-m/nofp/libcr_eabihelpers.a(double.o)
                0x0000000000001330                __aeabi_dcmplt
 .text.__aeabi_dcmpgt
                0x0000000000001390       0x5c /usr/local/mcuxpressoide-11.3.1_5262/ide/plugins/com.nxp.mcuxpresso.tools.linux_11.3.0.202011031536/tools/bin/../lib/gcc/arm-none-eabi/9.3.1/thumb/v6-m/nofp/libcr_eabihelpers.a(double.o)
                0x0000000000001390                __aeabi_dcmpgt
 .text.__aeabi_llong_lmul
                0x00000000000013ec       0x2e /usr/local/mcuxpressoide-11.3.1_5262/ide/plugins/com.nxp.mcuxpresso.tools.linux_11.3.0.202011031536/tools/bin/../lib/gcc/arm-none-eabi/9.3.1/thumb/v6-m/nofp/libcr_eabihelpers.a(llong.o)
                0x00000000000013ec                __aeabi_lmul
 *(.rodata .rodata.* .constdata .constdata.*)
                0x000000000000141c                . = ALIGN (0x4)
 *fill*         0x000000000000141a        0x2 ff

.glue_7         0x000000000000141c        0x0
 .glue_7        0x000000000000141c        0x0 linker stubs

.glue_7t        0x000000000000141c        0x0
 .glue_7t       0x000000000000141c        0x0 linker stubs

.vfp11_veneer   0x000000000000141c        0x0
 .vfp11_veneer  0x000000000000141c        0x0 linker stubs

.v4_bx          0x000000000000141c        0x0
 .v4_bx         0x000000000000141c        0x0 linker stubs

.iplt           0x000000000000141c        0x0
 .iplt          0x000000000000141c        0x0 ./Primitivas/Leds.o

.rel.dyn        0x000000000000141c        0x0
 .rel.iplt      0x000000000000141c        0x0 ./Primitivas/Leds.o

.ARM.extab
 *(.ARM.extab* .gnu.linkonce.armextab.*)

.ARM.exidx      0x000000000000141c        0x0
                0x000000000000141c                __exidx_start = .
 *(.ARM.exidx* .gnu.linkonce.armexidx.*)
                0x000000000000141c                __exidx_end = .
                0x000000000000141c                _etext = .

.mtb_buffer_default
 *(.mtb*)

.uninit_RESERVED
                0x0000000010000000        0x0
                0x0000000010000000                _start_uninit_RESERVED = .
 *(.bss.$RESERVED*)
                0x0000000010000000                . = ALIGN (0x4)
                0x0000000010000000                _end_uninit_RESERVED = .

.data           0x0000000010000000        0x8 load address 0x000000000000141c
 FILL mask 0xff
                0x0000000010000000                _data = .
                [!provide]                        PROVIDE (__start_data_RAM = .)
                [!provide]                        PROVIDE (__start_data_RamLoc16 = .)
 *(vtable)
 *(.ramfunc*)
 *(CodeQuickAccess)
 *(DataQuickAccess)
 *(RamFunction)
 *(.data*)
 .data.fro_set_frec
                0x0000000010000000        0x4 ./Drivers/DR_Init.o
                0x0000000010000000                fro_set_frec
 .data.Tecla    0x0000000010000004        0x1 ./Drivers/DR_teclado.o
                0x0000000010000004                Tecla
 .data.lastKey.3799
                0x0000000010000005        0x1 ./Drivers/DR_teclado.o
                0x0000000010000008                . = ALIGN (0x4)
 *fill*         0x0000000010000006        0x2 ff
                0x0000000010000008                _edata = .
                [!provide]                        PROVIDE (__end_data_RAM = .)
                [!provide]                        PROVIDE (__end_data_RamLoc16 = .)

.igot.plt       0x0000000010000008        0x0 load address 0x0000000000001424
 .igot.plt      0x0000000010000008        0x0 ./Primitivas/Leds.o

.bss            0x0000000010000008       0xf0
                0x0000000010000008                _bss = .
                [!provide]                        PROVIDE (__start_bss_RAM = .)
                [!provide]                        PROVIDE (__start_bss_RamLoc16 = .)
 *(.bss*)
 .bss.flagT0    0x0000000010000008        0x1 ./Primitivas/TImer.o
                0x0000000010000008                flagT0
 *fill*         0x0000000010000009        0x3 
 .bss.counter   0x000000001000000c        0x4 ./Primitivas/TImer.o
                0x000000001000000c                counter
 .bss.HandlersTimer
                0x0000000010000010       0x40 ./Primitivas/TImer.o
                0x0000000010000010                HandlersTimer
 .bss.cont.3800
                0x0000000010000050        0x1 ./Drivers/DR_teclado.o
 *fill*         0x0000000010000051        0x3 
 .bss.flagsT    0x0000000010000054       0x10 ./Drivers/Systick.o
                0x0000000010000054                flagsT
 .bss.timers    0x0000000010000064       0x40 ./Drivers/Systick.o
                0x0000000010000064                timers
 .bss.n_paso    0x00000000100000a4        0x1 ./Aplicacion/JustDanceMDE.o
 .bss.estado.3850
                0x00000000100000a5        0x1 ./Aplicacion/JustDanceMDE.o
 *fill*         0x00000000100000a6        0x2 
 .bss.points    0x00000000100000a8        0x4 ./Aplicacion/MDE_funciones.o
                0x00000000100000a8                points
 .bss.errores   0x00000000100000ac        0x1 ./Aplicacion/MDE_funciones.o
                0x00000000100000ac                errores
 *fill*         0x00000000100000ad        0x3 
 .bss.pDivRom_idiv
                0x00000000100000b0        0x4 ./Aplicacion/cr_startup_lpc84x.o
                0x00000000100000b0                pDivRom_idiv
 .bss.pDivRom_uidiv
                0x00000000100000b4        0x4 ./Aplicacion/cr_startup_lpc84x.o
                0x00000000100000b4                pDivRom_uidiv
 .bss.cancion   0x00000000100000b8       0x40 ./Aplicacion/main.o
                0x00000000100000b8                cancion
 *(COMMON)
                0x00000000100000f8                . = ALIGN (0x4)
                0x00000000100000f8                _ebss = .
                [!provide]                        PROVIDE (__end_bss_RAM = .)
                [!provide]                        PROVIDE (__end_bss_RamLoc16 = .)
                [!provide]                        PROVIDE (end = .)

.noinit         0x00000000100000f8        0x0
                0x00000000100000f8                _noinit = .
                [!provide]                        PROVIDE (__start_noinit_RAM = .)
                [!provide]                        PROVIDE (__start_noinit_RamLoc16 = .)
 *(.noinit*)
                0x00000000100000f8                . = ALIGN (0x4)
                0x00000000100000f8                _end_noinit = .
                [!provide]                        PROVIDE (__end_noinit_RAM = .)
                [!provide]                        PROVIDE (__end_noinit_RamLoc16 = .)
                [!provide]                        PROVIDE (_pvHeapStart = DEFINED (__user_heap_base)?__user_heap_base:.)
                0x0000000010004000                PROVIDE (_vStackTop = DEFINED (__user_stack_top)?__user_stack_top:(__top_RamLoc16 - 0x0))
                0xffffffffefffbac3                PROVIDE (__valid_user_code_checksum = (0x0 - (((_vStackTop + (ResetISR + 0x1)) + (DEFINED (NMI_Handler)?NMI_Handler:M0_NMI_Handler + 0x1)) + (DEFINED (HardFault_Handler)?HardFault_Handler:M0_HardFault_Handler + 0x1))))
                0x0000000000000000                _image_start = LOADADDR (.text)
                0x0000000000001424                _image_end = (LOADADDR (.data) + SIZEOF (.data))
                0x0000000000001424                _image_size = (_image_end - _image_start)
OUTPUT(TPOJustDance.axf elf32-littlearm)
LOAD linker stubs

.debug_info     0x0000000000000000     0x16e9
 .debug_info    0x0000000000000000       0xce ./Primitivas/Leds.o
 .debug_info    0x00000000000000ce      0x1d6 ./Primitivas/TImer.o
 .debug_info    0x00000000000002a4       0x9e ./Primitivas/Tecla.o
 .debug_info    0x0000000000000342      0x5ba ./Drivers/DR_Init.o
 .debug_info    0x00000000000008fc       0xd6 ./Drivers/DR_teclado.o
 .debug_info    0x00000000000009d2      0x3b4 ./Drivers/GPIO.o
 .debug_info    0x0000000000000d86      0x19b ./Drivers/Systick.o
 .debug_info    0x0000000000000f21      0x1da ./Aplicacion/JustDanceMDE.o
 .debug_info    0x00000000000010fb      0x1e2 ./Aplicacion/MDE_funciones.o
 .debug_info    0x00000000000012dd      0x255 ./Aplicacion/cr_startup_lpc84x.o
 .debug_info    0x0000000000001532       0x40 ./Aplicacion/crp.o
 .debug_info    0x0000000000001572      0x177 ./Aplicacion/main.o

.debug_abbrev   0x0000000000000000      0xa71
 .debug_abbrev  0x0000000000000000       0x83 ./Primitivas/Leds.o
 .debug_abbrev  0x0000000000000083      0x13b ./Primitivas/TImer.o
 .debug_abbrev  0x00000000000001be       0x7c ./Primitivas/Tecla.o
 .debug_abbrev  0x000000000000023a      0x10f ./Drivers/DR_Init.o
 .debug_abbrev  0x0000000000000349       0xb6 ./Drivers/DR_teclado.o
 .debug_abbrev  0x00000000000003ff      0x147 ./Drivers/GPIO.o
 .debug_abbrev  0x0000000000000546      0x118 ./Drivers/Systick.o
 .debug_abbrev  0x000000000000065e       0xf1 ./Aplicacion/JustDanceMDE.o
 .debug_abbrev  0x000000000000074f       0xfc ./Aplicacion/MDE_funciones.o
 .debug_abbrev  0x000000000000084b      0x12a ./Aplicacion/cr_startup_lpc84x.o
 .debug_abbrev  0x0000000000000975       0x38 ./Aplicacion/crp.o
 .debug_abbrev  0x00000000000009ad       0xc4 ./Aplicacion/main.o

.debug_aranges  0x0000000000000000      0x248
 .debug_aranges
                0x0000000000000000       0x30 ./Primitivas/Leds.o
 .debug_aranges
                0x0000000000000030       0x40 ./Primitivas/TImer.o
 .debug_aranges
                0x0000000000000070       0x20 ./Primitivas/Tecla.o
 .debug_aranges
                0x0000000000000090       0x30 ./Drivers/DR_Init.o
 .debug_aranges
                0x00000000000000c0       0x28 ./Drivers/DR_teclado.o
 .debug_aranges
                0x00000000000000e8       0x40 ./Drivers/GPIO.o
 .debug_aranges
                0x0000000000000128       0x30 ./Drivers/Systick.o
 .debug_aranges
                0x0000000000000158       0x28 ./Aplicacion/JustDanceMDE.o
 .debug_aranges
                0x0000000000000180       0x30 ./Aplicacion/MDE_funciones.o
 .debug_aranges
                0x00000000000001b0       0x60 ./Aplicacion/cr_startup_lpc84x.o
 .debug_aranges
                0x0000000000000210       0x18 ./Aplicacion/crp.o
 .debug_aranges
                0x0000000000000228       0x20 ./Aplicacion/main.o

.debug_ranges   0x0000000000000000      0x180
 .debug_ranges  0x0000000000000000       0x20 ./Primitivas/Leds.o
 .debug_ranges  0x0000000000000020       0x30 ./Primitivas/TImer.o
 .debug_ranges  0x0000000000000050       0x10 ./Primitivas/Tecla.o
 .debug_ranges  0x0000000000000060       0x20 ./Drivers/DR_Init.o
 .debug_ranges  0x0000000000000080       0x18 ./Drivers/DR_teclado.o
 .debug_ranges  0x0000000000000098       0x30 ./Drivers/GPIO.o
 .debug_ranges  0x00000000000000c8       0x20 ./Drivers/Systick.o
 .debug_ranges  0x00000000000000e8       0x18 ./Aplicacion/JustDanceMDE.o
 .debug_ranges  0x0000000000000100       0x20 ./Aplicacion/MDE_funciones.o
 .debug_ranges  0x0000000000000120       0x50 ./Aplicacion/cr_startup_lpc84x.o
 .debug_ranges  0x0000000000000170       0x10 ./Aplicacion/main.o

.debug_macro    0x0000000000000000     0x1249
 .debug_macro   0x0000000000000000       0x37 ./Primitivas/Leds.o
 .debug_macro   0x0000000000000037      0xa96 ./Primitivas/Leds.o
 .debug_macro   0x0000000000000acd      0x25f ./Primitivas/Leds.o
 .debug_macro   0x0000000000000d2c       0x34 ./Primitivas/Leds.o
 .debug_macro   0x0000000000000d60       0x56 ./Primitivas/TImer.o
 .debug_macro   0x0000000000000db6       0x94 ./Primitivas/TImer.o
 .debug_macro   0x0000000000000e4a       0x1c ./Primitivas/TImer.o
 .debug_macro   0x0000000000000e66       0x45 ./Primitivas/Tecla.o
 .debug_macro   0x0000000000000eab       0x80 ./Drivers/DR_Init.o
 .debug_macro   0x0000000000000f2b       0x10 ./Drivers/DR_Init.o
 .debug_macro   0x0000000000000f3b       0x33 ./Drivers/DR_teclado.o
 .debug_macro   0x0000000000000f6e       0x24 ./Drivers/GPIO.o
 .debug_macro   0x0000000000000f92       0x43 ./Drivers/Systick.o
 .debug_macro   0x0000000000000fd5       0x86 ./Aplicacion/JustDanceMDE.o
 .debug_macro   0x000000000000105b       0x3a ./Aplicacion/JustDanceMDE.o
 .debug_macro   0x0000000000001095       0x34 ./Aplicacion/JustDanceMDE.o
 .debug_macro   0x00000000000010c9       0x86 ./Aplicacion/MDE_funciones.o
 .debug_macro   0x000000000000114f       0x23 ./Aplicacion/cr_startup_lpc84x.o
 .debug_macro   0x0000000000001172       0x1a ./Aplicacion/crp.o
 .debug_macro   0x000000000000118c       0x34 ./Aplicacion/crp.o
 .debug_macro   0x00000000000011c0       0x89 ./Aplicacion/main.o

.debug_line     0x0000000000000000      0xf38
 .debug_line    0x0000000000000000       0xd1 ./Primitivas/Leds.o
 .debug_line    0x00000000000000d1      0x156 ./Primitivas/TImer.o
 .debug_line    0x0000000000000227       0xaf ./Primitivas/Tecla.o
 .debug_line    0x00000000000002d6      0x196 ./Drivers/DR_Init.o
 .debug_line    0x000000000000046c      0x115 ./Drivers/DR_teclado.o
 .debug_line    0x0000000000000581      0x119 ./Drivers/GPIO.o
 .debug_line    0x000000000000069a       0xf5 ./Drivers/Systick.o
 .debug_line    0x000000000000078f      0x22e ./Aplicacion/JustDanceMDE.o
 .debug_line    0x00000000000009bd      0x241 ./Aplicacion/MDE_funciones.o
 .debug_line    0x0000000000000bfe      0x154 ./Aplicacion/cr_startup_lpc84x.o
 .debug_line    0x0000000000000d52       0xbc ./Aplicacion/crp.o
 .debug_line    0x0000000000000e0e      0x12a ./Aplicacion/main.o

.debug_str      0x0000000000000000     0x4169
 .debug_str     0x0000000000000000     0x363f ./Primitivas/Leds.o
                                       0x3683 (size before relaxing)
 .debug_str     0x000000000000363f      0x1f5 ./Primitivas/TImer.o
                                       0x37eb (size before relaxing)
 .debug_str     0x0000000000003834       0x27 ./Primitivas/Tecla.o
                                       0x3736 (size before relaxing)
 .debug_str     0x000000000000385b      0x35b ./Drivers/DR_Init.o
                                       0x3b34 (size before relaxing)
 .debug_str     0x0000000000003bb6       0x45 ./Drivers/DR_teclado.o
                                       0x374b (size before relaxing)
 .debug_str     0x0000000000003bfb       0xcc ./Drivers/GPIO.o
                                       0x371b (size before relaxing)
 .debug_str     0x0000000000003cc7       0x5d ./Drivers/Systick.o
                                       0x3795 (size before relaxing)
 .debug_str     0x0000000000003d24      0x115 ./Aplicacion/JustDanceMDE.o
                                       0x3903 (size before relaxing)
 .debug_str     0x0000000000003e39       0x4d ./Aplicacion/MDE_funciones.o
                                       0x38fc (size before relaxing)
 .debug_str     0x0000000000003e86      0x1d9 ./Aplicacion/cr_startup_lpc84x.o
                                       0x2f0f (size before relaxing)
 .debug_str     0x000000000000405f       0xf0 ./Aplicacion/crp.o
                                       0x2e10 (size before relaxing)
 .debug_str     0x000000000000414f       0x1a ./Aplicacion/main.o
                                       0x38f0 (size before relaxing)

.comment        0x0000000000000000       0x4c
 .comment       0x0000000000000000       0x4c ./Primitivas/Leds.o
                                         0x4d (size before relaxing)
 .comment       0x000000000000004c       0x4d ./Primitivas/TImer.o
 .comment       0x000000000000004c       0x4d ./Primitivas/Tecla.o
 .comment       0x000000000000004c       0x4d ./Drivers/DR_Init.o
 .comment       0x000000000000004c       0x4d ./Drivers/DR_teclado.o
 .comment       0x000000000000004c       0x4d ./Drivers/GPIO.o
 .comment       0x000000000000004c       0x4d ./Drivers/Systick.o
 .comment       0x000000000000004c       0x4d ./Aplicacion/JustDanceMDE.o
 .comment       0x000000000000004c       0x4d ./Aplicacion/MDE_funciones.o
 .comment       0x000000000000004c       0x4d ./Aplicacion/cr_startup_lpc84x.o
 .comment       0x000000000000004c       0x4d ./Aplicacion/crp.o
 .comment       0x000000000000004c       0x4d ./Aplicacion/main.o
 .comment       0x000000000000004c       0x4d /usr/local/mcuxpressoide-11.3.1_5262/ide/plugins/com.nxp.mcuxpresso.tools.linux_11.3.0.202011031536/tools/bin/../lib/gcc/arm-none-eabi/9.3.1/../../../../arm-none-eabi/lib/thumb/v6-m/nofp/libcr_c.a(__weak__main.o)
 .comment       0x000000000000004c       0x4d /usr/local/mcuxpressoide-11.3.1_5262/ide/plugins/com.nxp.mcuxpresso.tools.linux_11.3.0.202011031536/tools/bin/../lib/gcc/arm-none-eabi/9.3.1/thumb/v6-m/nofp/libcr_eabihelpers.a(double.o)

.ARM.attributes
                0x0000000000000000       0x2a
 .ARM.attributes
                0x0000000000000000       0x2c ./Primitivas/Leds.o
 .ARM.attributes
                0x000000000000002c       0x2c ./Primitivas/TImer.o
 .ARM.attributes
                0x0000000000000058       0x2c ./Primitivas/Tecla.o
 .ARM.attributes
                0x0000000000000084       0x2c ./Drivers/DR_Init.o
 .ARM.attributes
                0x00000000000000b0       0x2c ./Drivers/DR_teclado.o
 .ARM.attributes
                0x00000000000000dc       0x2c ./Drivers/GPIO.o
 .ARM.attributes
                0x0000000000000108       0x2c ./Drivers/Systick.o
 .ARM.attributes
                0x0000000000000134       0x2c ./Aplicacion/JustDanceMDE.o
 .ARM.attributes
                0x0000000000000160       0x2c ./Aplicacion/MDE_funciones.o
 .ARM.attributes
                0x000000000000018c       0x2c ./Aplicacion/cr_startup_lpc84x.o
 .ARM.attributes
                0x00000000000001b8       0x31 ./Aplicacion/crp.o
 .ARM.attributes
                0x00000000000001e9       0x2c ./Aplicacion/main.o
 .ARM.attributes
                0x0000000000000215       0x2c /usr/local/mcuxpressoide-11.3.1_5262/ide/plugins/com.nxp.mcuxpresso.tools.linux_11.3.0.202011031536/tools/bin/../lib/gcc/arm-none-eabi/9.3.1/../../../../arm-none-eabi/lib/thumb/v6-m/nofp/libcr_c.a(__weak__main.o)
 .ARM.attributes
                0x0000000000000241       0x2c /usr/local/mcuxpressoide-11.3.1_5262/ide/plugins/com.nxp.mcuxpresso.tools.linux_11.3.0.202011031536/tools/bin/../lib/gcc/arm-none-eabi/9.3.1/thumb/v6-m/nofp/libcr_eabihelpers.a(double.o)
 .ARM.attributes
                0x000000000000026d       0x1c /usr/local/mcuxpressoide-11.3.1_5262/ide/plugins/com.nxp.mcuxpresso.tools.linux_11.3.0.202011031536/tools/bin/../lib/gcc/arm-none-eabi/9.3.1/thumb/v6-m/nofp/libcr_eabihelpers.a(llong.o)

.debug_frame    0x0000000000000000      0x510
 .debug_frame   0x0000000000000000       0x70 ./Primitivas/Leds.o
 .debug_frame   0x0000000000000070       0xa8 ./Primitivas/TImer.o
 .debug_frame   0x0000000000000118       0x30 ./Primitivas/Tecla.o
 .debug_frame   0x0000000000000148       0x64 ./Drivers/DR_Init.o
 .debug_frame   0x00000000000001ac       0x4c ./Drivers/DR_teclado.o
 .debug_frame   0x00000000000001f8       0xb0 ./Drivers/GPIO.o
 .debug_frame   0x00000000000002a8       0x68 ./Drivers/Systick.o
 .debug_frame   0x0000000000000310       0x4c ./Aplicacion/JustDanceMDE.o
 .debug_frame   0x000000000000035c       0x70 ./Aplicacion/MDE_funciones.o
 .debug_frame   0x00000000000003cc      0x118 ./Aplicacion/cr_startup_lpc84x.o
 .debug_frame   0x00000000000004e4       0x2c ./Aplicacion/main.o

Cross Reference Table

Symbol                                            File
ADC_OVR_IRQHandler                                ./Aplicacion/cr_startup_lpc84x.o
ADC_SEQA_IRQHandler                               ./Aplicacion/cr_startup_lpc84x.o
ADC_SEQB_IRQHandler                               ./Aplicacion/cr_startup_lpc84x.o
ADC_THCMP_IRQHandler                              ./Aplicacion/cr_startup_lpc84x.o
AnalizarTimers                                    ./Drivers/Systick.o
BOD_IRQHandler                                    ./Aplicacion/cr_startup_lpc84x.o
CMP_IRQHandler                                    ./Aplicacion/cr_startup_lpc84x.o
CRP_WORD                                          ./Aplicacion/crp.o
CTIMER0_IRQHandler                                ./Aplicacion/cr_startup_lpc84x.o
DAC0_IRQHandler                                   ./Aplicacion/cr_startup_lpc84x.o
DMA_IRQHandler                                    ./Aplicacion/cr_startup_lpc84x.o
DriverTecladoHW                                   ./Drivers/DR_teclado.o
DriverTecladoSW                                   ./Drivers/DR_teclado.o
                                                  ./Drivers/Systick.o
FAIM_IRQHandler                                   ./Aplicacion/cr_startup_lpc84x.o
FLASH_IRQHandler                                  ./Aplicacion/cr_startup_lpc84x.o
GetPIN                                            ./Drivers/GPIO.o
                                                  ./Drivers/DR_teclado.o
                                                  ./Primitivas/Leds.o
HandlersTimer                                     ./Primitivas/TImer.o
HardFault_Handler                                 ./Aplicacion/cr_startup_lpc84x.o
I2C0_IRQHandler                                   ./Aplicacion/cr_startup_lpc84x.o
I2C1_IRQHandler                                   ./Aplicacion/cr_startup_lpc84x.o
I2C2_IRQHandler                                   ./Aplicacion/cr_startup_lpc84x.o
I2C3_IRQHandler                                   ./Aplicacion/cr_startup_lpc84x.o
InitArchivoMusica                                 ./Aplicacion/MDE_funciones.o
                                                  ./Aplicacion/main.o
InitGPIO                                          ./Drivers/DR_Init.o
InitHw                                            ./Drivers/DR_Init.o
                                                  ./Aplicacion/main.o
InitJustDanceMDE                                  ./Aplicacion/JustDanceMDE.o
                                                  ./Aplicacion/main.o
InitPLL                                           ./Drivers/DR_Init.o
InitSystick                                       ./Drivers/Systick.o
                                                  ./Drivers/DR_Init.o
IntDefaultHandler                                 ./Aplicacion/cr_startup_lpc84x.o
JustDanceMDE                                      ./Aplicacion/JustDanceMDE.o
                                                  ./Aplicacion/main.o
LED_OFF                                           ./Primitivas/Leds.o
                                                  ./Aplicacion/main.o
LED_ON                                            ./Primitivas/Leds.o
MRT_IRQHandler                                    ./Aplicacion/cr_startup_lpc84x.o
NMI_Handler                                       ./Aplicacion/cr_startup_lpc84x.o
PININT0_IRQHandler                                ./Aplicacion/cr_startup_lpc84x.o
PININT1_IRQHandler                                ./Aplicacion/cr_startup_lpc84x.o
PININT2_IRQHandler                                ./Aplicacion/cr_startup_lpc84x.o
PININT3_IRQHandler                                ./Aplicacion/cr_startup_lpc84x.o
PININT4_IRQHandler                                ./Aplicacion/cr_startup_lpc84x.o
PININT5_IRQHandler                                ./Aplicacion/cr_startup_lpc84x.o
PININT6_IRQHandler                                ./Aplicacion/cr_startup_lpc84x.o
PININT7_IRQHandler                                ./Aplicacion/cr_startup_lpc84x.o
PendSV_Handler                                    ./Aplicacion/cr_startup_lpc84x.o
Puntaje                                           ./Aplicacion/MDE_funciones.o
                                                  ./Aplicacion/JustDanceMDE.o
Puntaje_restar                                    ./Aplicacion/MDE_funciones.o
                                                  ./Aplicacion/JustDanceMDE.o
ResetISR                                          ./Aplicacion/cr_startup_lpc84x.o
SCT_IRQHandler                                    ./Aplicacion/cr_startup_lpc84x.o
SPI0_IRQHandler                                   ./Aplicacion/cr_startup_lpc84x.o
SPI1_IRQHandler                                   ./Aplicacion/cr_startup_lpc84x.o
SVC_Handler                                       ./Aplicacion/cr_startup_lpc84x.o
SetDIR                                            ./Drivers/GPIO.o
                                                  ./Drivers/DR_Init.o
SetPIN                                            ./Drivers/GPIO.o
                                                  ./Primitivas/Leds.o
SetPINMODE_IN                                     ./Drivers/GPIO.o
SetPINMODE_OUT                                    ./Drivers/GPIO.o
                                                  ./Drivers/DR_Init.o
SwapEstadoLed                                     ./Primitivas/Leds.o
SysTick_Handler                                   ./Drivers/Systick.o
Tecla                                             ./Drivers/DR_teclado.o
                                                  ./Primitivas/Tecla.o
TimerEvent                                        ./Primitivas/TImer.o
                                                  ./Aplicacion/main.o
TimerStart                                        ./Primitivas/TImer.o
                                                  ./Aplicacion/JustDanceMDE.o
TimerStop                                         ./Primitivas/TImer.o
                                                  ./Aplicacion/JustDanceMDE.o
UART0_IRQHandler                                  ./Aplicacion/cr_startup_lpc84x.o
UART1_IRQHandler                                  ./Aplicacion/cr_startup_lpc84x.o
UART2_IRQHandler                                  ./Aplicacion/cr_startup_lpc84x.o
WDT_IRQHandler                                    ./Aplicacion/cr_startup_lpc84x.o
WKT_IRQHandler                                    ./Aplicacion/cr_startup_lpc84x.o
__aeabi_cdcmpeq                                   /usr/local/mcuxpressoide-11.3.1_5262/ide/plugins/com.nxp.mcuxpresso.tools.linux_11.3.0.202011031536/tools/bin/../lib/gcc/arm-none-eabi/9.3.1/thumb/v6-m/nofp/libcr_eabihelpers.a(double.o)
__aeabi_cdcmple                                   /usr/local/mcuxpressoide-11.3.1_5262/ide/plugins/com.nxp.mcuxpresso.tools.linux_11.3.0.202011031536/tools/bin/../lib/gcc/arm-none-eabi/9.3.1/thumb/v6-m/nofp/libcr_eabihelpers.a(double.o)
__aeabi_cdrcmple                                  /usr/local/mcuxpressoide-11.3.1_5262/ide/plugins/com.nxp.mcuxpresso.tools.linux_11.3.0.202011031536/tools/bin/../lib/gcc/arm-none-eabi/9.3.1/thumb/v6-m/nofp/libcr_eabihelpers.a(double.o)
__aeabi_d2f                                       /usr/local/mcuxpressoide-11.3.1_5262/ide/plugins/com.nxp.mcuxpresso.tools.linux_11.3.0.202011031536/tools/bin/../lib/gcc/arm-none-eabi/9.3.1/thumb/v6-m/nofp/libcr_eabihelpers.a(double.o)
__aeabi_d2iz                                      /usr/local/mcuxpressoide-11.3.1_5262/ide/plugins/com.nxp.mcuxpresso.tools.linux_11.3.0.202011031536/tools/bin/../lib/gcc/arm-none-eabi/9.3.1/thumb/v6-m/nofp/libcr_eabihelpers.a(double.o)
__aeabi_d2lz                                      /usr/local/mcuxpressoide-11.3.1_5262/ide/plugins/com.nxp.mcuxpresso.tools.linux_11.3.0.202011031536/tools/bin/../lib/gcc/arm-none-eabi/9.3.1/thumb/v6-m/nofp/libcr_eabihelpers.a(double.o)
__aeabi_d2uiz                                     /usr/local/mcuxpressoide-11.3.1_5262/ide/plugins/com.nxp.mcuxpresso.tools.linux_11.3.0.202011031536/tools/bin/../lib/gcc/arm-none-eabi/9.3.1/thumb/v6-m/nofp/libcr_eabihelpers.a(double.o)
__aeabi_d2ulz                                     /usr/local/mcuxpressoide-11.3.1_5262/ide/plugins/com.nxp.mcuxpresso.tools.linux_11.3.0.202011031536/tools/bin/../lib/gcc/arm-none-eabi/9.3.1/thumb/v6-m/nofp/libcr_eabihelpers.a(double.o)
__aeabi_dadd                                      /usr/local/mcuxpressoide-11.3.1_5262/ide/plugins/com.nxp.mcuxpresso.tools.linux_11.3.0.202011031536/tools/bin/../lib/gcc/arm-none-eabi/9.3.1/thumb/v6-m/nofp/libcr_eabihelpers.a(double.o)
                                                  ./Aplicacion/MDE_funciones.o
__aeabi_dcmpeq                                    /usr/local/mcuxpressoide-11.3.1_5262/ide/plugins/com.nxp.mcuxpresso.tools.linux_11.3.0.202011031536/tools/bin/../lib/gcc/arm-none-eabi/9.3.1/thumb/v6-m/nofp/libcr_eabihelpers.a(double.o)
__aeabi_dcmpge                                    /usr/local/mcuxpressoide-11.3.1_5262/ide/plugins/com.nxp.mcuxpresso.tools.linux_11.3.0.202011031536/tools/bin/../lib/gcc/arm-none-eabi/9.3.1/thumb/v6-m/nofp/libcr_eabihelpers.a(double.o)
__aeabi_dcmpgt                                    /usr/local/mcuxpressoide-11.3.1_5262/ide/plugins/com.nxp.mcuxpresso.tools.linux_11.3.0.202011031536/tools/bin/../lib/gcc/arm-none-eabi/9.3.1/thumb/v6-m/nofp/libcr_eabihelpers.a(double.o)
                                                  ./Aplicacion/MDE_funciones.o
__aeabi_dcmple                                    /usr/local/mcuxpressoide-11.3.1_5262/ide/plugins/com.nxp.mcuxpresso.tools.linux_11.3.0.202011031536/tools/bin/../lib/gcc/arm-none-eabi/9.3.1/thumb/v6-m/nofp/libcr_eabihelpers.a(double.o)
__aeabi_dcmplt                                    /usr/local/mcuxpressoide-11.3.1_5262/ide/plugins/com.nxp.mcuxpresso.tools.linux_11.3.0.202011031536/tools/bin/../lib/gcc/arm-none-eabi/9.3.1/thumb/v6-m/nofp/libcr_eabihelpers.a(double.o)
                                                  ./Aplicacion/MDE_funciones.o
__aeabi_dcmpun                                    /usr/local/mcuxpressoide-11.3.1_5262/ide/plugins/com.nxp.mcuxpresso.tools.linux_11.3.0.202011031536/tools/bin/../lib/gcc/arm-none-eabi/9.3.1/thumb/v6-m/nofp/libcr_eabihelpers.a(double.o)
__aeabi_ddiv                                      /usr/local/mcuxpressoide-11.3.1_5262/ide/plugins/com.nxp.mcuxpresso.tools.linux_11.3.0.202011031536/tools/bin/../lib/gcc/arm-none-eabi/9.3.1/thumb/v6-m/nofp/libcr_eabihelpers.a(double.o)
__aeabi_dmul                                      /usr/local/mcuxpressoide-11.3.1_5262/ide/plugins/com.nxp.mcuxpresso.tools.linux_11.3.0.202011031536/tools/bin/../lib/gcc/arm-none-eabi/9.3.1/thumb/v6-m/nofp/libcr_eabihelpers.a(double.o)
                                                  ./Aplicacion/MDE_funciones.o
__aeabi_dneg                                      /usr/local/mcuxpressoide-11.3.1_5262/ide/plugins/com.nxp.mcuxpresso.tools.linux_11.3.0.202011031536/tools/bin/../lib/gcc/arm-none-eabi/9.3.1/thumb/v6-m/nofp/libcr_eabihelpers.a(double.o)
__aeabi_drsub                                     /usr/local/mcuxpressoide-11.3.1_5262/ide/plugins/com.nxp.mcuxpresso.tools.linux_11.3.0.202011031536/tools/bin/../lib/gcc/arm-none-eabi/9.3.1/thumb/v6-m/nofp/libcr_eabihelpers.a(double.o)
__aeabi_dsub                                      /usr/local/mcuxpressoide-11.3.1_5262/ide/plugins/com.nxp.mcuxpresso.tools.linux_11.3.0.202011031536/tools/bin/../lib/gcc/arm-none-eabi/9.3.1/thumb/v6-m/nofp/libcr_eabihelpers.a(double.o)
                                                  ./Aplicacion/MDE_funciones.o
__aeabi_i2d                                       /usr/local/mcuxpressoide-11.3.1_5262/ide/plugins/com.nxp.mcuxpresso.tools.linux_11.3.0.202011031536/tools/bin/../lib/gcc/arm-none-eabi/9.3.1/thumb/v6-m/nofp/libcr_eabihelpers.a(double.o)
__aeabi_l2d                                       /usr/local/mcuxpressoide-11.3.1_5262/ide/plugins/com.nxp.mcuxpresso.tools.linux_11.3.0.202011031536/tools/bin/../lib/gcc/arm-none-eabi/9.3.1/thumb/v6-m/nofp/libcr_eabihelpers.a(double.o)
__aeabi_lasr                                      /usr/local/mcuxpressoide-11.3.1_5262/ide/plugins/com.nxp.mcuxpresso.tools.linux_11.3.0.202011031536/tools/bin/../lib/gcc/arm-none-eabi/9.3.1/thumb/v6-m/nofp/libcr_eabihelpers.a(llong.o)
__aeabi_lcmp                                      /usr/local/mcuxpressoide-11.3.1_5262/ide/plugins/com.nxp.mcuxpresso.tools.linux_11.3.0.202011031536/tools/bin/../lib/gcc/arm-none-eabi/9.3.1/thumb/v6-m/nofp/libcr_eabihelpers.a(llong.o)
__aeabi_llsl                                      /usr/local/mcuxpressoide-11.3.1_5262/ide/plugins/com.nxp.mcuxpresso.tools.linux_11.3.0.202011031536/tools/bin/../lib/gcc/arm-none-eabi/9.3.1/thumb/v6-m/nofp/libcr_eabihelpers.a(llong.o)
__aeabi_llsr                                      /usr/local/mcuxpressoide-11.3.1_5262/ide/plugins/com.nxp.mcuxpresso.tools.linux_11.3.0.202011031536/tools/bin/../lib/gcc/arm-none-eabi/9.3.1/thumb/v6-m/nofp/libcr_eabihelpers.a(llong.o)
__aeabi_lmul                                      /usr/local/mcuxpressoide-11.3.1_5262/ide/plugins/com.nxp.mcuxpresso.tools.linux_11.3.0.202011031536/tools/bin/../lib/gcc/arm-none-eabi/9.3.1/thumb/v6-m/nofp/libcr_eabihelpers.a(llong.o)
                                                  /usr/local/mcuxpressoide-11.3.1_5262/ide/plugins/com.nxp.mcuxpresso.tools.linux_11.3.0.202011031536/tools/bin/../lib/gcc/arm-none-eabi/9.3.1/thumb/v6-m/nofp/libcr_eabihelpers.a(double.o)
__aeabi_ui2d                                      /usr/local/mcuxpressoide-11.3.1_5262/ide/plugins/com.nxp.mcuxpresso.tools.linux_11.3.0.202011031536/tools/bin/../lib/gcc/arm-none-eabi/9.3.1/thumb/v6-m/nofp/libcr_eabihelpers.a(double.o)
                                                  ./Aplicacion/MDE_funciones.o
__aeabi_ul2d                                      /usr/local/mcuxpressoide-11.3.1_5262/ide/plugins/com.nxp.mcuxpresso.tools.linux_11.3.0.202011031536/tools/bin/../lib/gcc/arm-none-eabi/9.3.1/thumb/v6-m/nofp/libcr_eabihelpers.a(double.o)
__aeabi_ulcmp                                     /usr/local/mcuxpressoide-11.3.1_5262/ide/plugins/com.nxp.mcuxpresso.tools.linux_11.3.0.202011031536/tools/bin/../lib/gcc/arm-none-eabi/9.3.1/thumb/v6-m/nofp/libcr_eabihelpers.a(llong.o)
__bhs_ui2d                                        /usr/local/mcuxpressoide-11.3.1_5262/ide/plugins/com.nxp.mcuxpresso.tools.linux_11.3.0.202011031536/tools/bin/../lib/gcc/arm-none-eabi/9.3.1/thumb/v6-m/nofp/libcr_eabihelpers.a(double.o)
__bhs_ul2d                                        /usr/local/mcuxpressoide-11.3.1_5262/ide/plugins/com.nxp.mcuxpresso.tools.linux_11.3.0.202011031536/tools/bin/../lib/gcc/arm-none-eabi/9.3.1/thumb/v6-m/nofp/libcr_eabihelpers.a(double.o)
__bss_section_table_end                           ./Aplicacion/cr_startup_lpc84x.o
__data_section_table                              ./Aplicacion/cr_startup_lpc84x.o
__data_section_table_end                          ./Aplicacion/cr_startup_lpc84x.o
__main                                            /usr/local/mcuxpressoide-11.3.1_5262/ide/plugins/com.nxp.mcuxpresso.tools.linux_11.3.0.202011031536/tools/bin/../lib/gcc/arm-none-eabi/9.3.1/../../../../arm-none-eabi/lib/thumb/v6-m/nofp/libcr_c.a(__weak__main.o)
                                                  ./Aplicacion/cr_startup_lpc84x.o
__valid_user_code_checksum                        ./Aplicacion/cr_startup_lpc84x.o
__weak_main                                       /usr/local/mcuxpressoide-11.3.1_5262/ide/plugins/com.nxp.mcuxpresso.tools.linux_11.3.0.202011031536/tools/bin/../lib/gcc/arm-none-eabi/9.3.1/../../../../arm-none-eabi/lib/thumb/v6-m/nofp/libcr_c.a(__weak__main.o)
_vStackTop                                        ./Aplicacion/cr_startup_lpc84x.o
bss_init                                          ./Aplicacion/cr_startup_lpc84x.o
cancion                                           ./Aplicacion/main.o
                                                  ./Aplicacion/JustDanceMDE.o
counter                                           ./Primitivas/TImer.o
                                                  ./Aplicacion/JustDanceMDE.o
data_init                                         ./Aplicacion/cr_startup_lpc84x.o
dificultad                                        ./Aplicacion/JustDanceMDE.o
errores                                           ./Aplicacion/MDE_funciones.o
                                                  ./Aplicacion/JustDanceMDE.o
flagT0                                            ./Primitivas/TImer.o
                                                  ./Aplicacion/JustDanceMDE.o
flagsT                                            ./Drivers/Systick.o
                                                  ./Primitivas/TImer.o
fro_set_frec                                      ./Drivers/DR_Init.o
g_pfnVectors                                      ./Aplicacion/cr_startup_lpc84x.o
getKey                                            ./Primitivas/Tecla.o
                                                  ./Aplicacion/JustDanceMDE.o
handlerT0                                         ./Primitivas/TImer.o
                                                  ./Aplicacion/JustDanceMDE.o
handlerT1                                         ./Primitivas/TImer.o
                                                  ./Aplicacion/JustDanceMDE.o
main                                              ./Aplicacion/main.o
                                                  /usr/local/mcuxpressoide-11.3.1_5262/ide/plugins/com.nxp.mcuxpresso.tools.linux_11.3.0.202011031536/tools/bin/../lib/gcc/arm-none-eabi/9.3.1/../../../../arm-none-eabi/lib/thumb/v6-m/nofp/libcr_c.a(__weak__main.o)
pDivRom_idiv                                      ./Aplicacion/cr_startup_lpc84x.o
pDivRom_uidiv                                     ./Aplicacion/cr_startup_lpc84x.o
points                                            ./Aplicacion/MDE_funciones.o
                                                  ./Aplicacion/JustDanceMDE.o
timers                                            ./Drivers/Systick.o
                                                  ./Primitivas/TImer.o
