Archive member included to satisfy reference by file (symbol)

/usr/local/mcuxpressoide-11.3.1_5262/ide/plugins/com.nxp.mcuxpresso.tools.linux_11.3.0.202011031536/tools/bin/../lib/gcc/arm-none-eabi/9.3.1/../../../../arm-none-eabi/lib/thumb/v6-m/nofp/libcr_c.a(__weak__main.o)
                              ./Aplicacion/cr_startup_lpc84x.o (__main)

Discarded input sections

 .group         0x0000000000000000        0xc ./Primitivas/Leds.o
 .group         0x0000000000000000        0xc ./Primitivas/Leds.o
 .group         0x0000000000000000        0xc ./Primitivas/Leds.o
 .text          0x0000000000000000        0x0 ./Primitivas/Leds.o
 .data          0x0000000000000000        0x0 ./Primitivas/Leds.o
 .bss           0x0000000000000000        0x0 ./Primitivas/Leds.o
 .text.SwapEstadoLed
                0x0000000000000000       0x32 ./Primitivas/Leds.o
 .group         0x0000000000000000        0xc ./Primitivas/TImer.o
 .group         0x0000000000000000        0xc ./Primitivas/TImer.o
 .group         0x0000000000000000        0xc ./Primitivas/TImer.o
 .group         0x0000000000000000        0xc ./Primitivas/TImer.o
 .text          0x0000000000000000        0x0 ./Primitivas/TImer.o
 .data          0x0000000000000000        0x0 ./Primitivas/TImer.o
 .bss           0x0000000000000000        0x0 ./Primitivas/TImer.o
 .bss.flagT0    0x0000000000000000        0x1 ./Primitivas/TImer.o
 .bss.flagT1    0x0000000000000000        0x1 ./Primitivas/TImer.o
 .text.TimerStart
                0x0000000000000000       0x50 ./Primitivas/TImer.o
 .text.TimerStop
                0x0000000000000000       0x34 ./Primitivas/TImer.o
 .text.handlerT0
                0x0000000000000000       0x14 ./Primitivas/TImer.o
 .text.handlerT1
                0x0000000000000000       0x14 ./Primitivas/TImer.o
 .debug_macro   0x0000000000000000      0xa96 ./Primitivas/TImer.o
 .debug_macro   0x0000000000000000      0x25f ./Primitivas/TImer.o
 .group         0x0000000000000000        0xc ./Primitivas/Tecla.o
 .group         0x0000000000000000        0xc ./Primitivas/Tecla.o
 .group         0x0000000000000000        0xc ./Primitivas/Tecla.o
 .text          0x0000000000000000        0x0 ./Primitivas/Tecla.o
 .data          0x0000000000000000        0x0 ./Primitivas/Tecla.o
 .bss           0x0000000000000000        0x0 ./Primitivas/Tecla.o
 .debug_macro   0x0000000000000000      0xa96 ./Primitivas/Tecla.o
 .debug_macro   0x0000000000000000      0x25f ./Primitivas/Tecla.o
 .debug_macro   0x0000000000000000       0x94 ./Primitivas/Tecla.o
 .group         0x0000000000000000        0xc ./Drivers/DR_Init.o
 .group         0x0000000000000000        0xc ./Drivers/DR_Init.o
 .group         0x0000000000000000        0xc ./Drivers/DR_Init.o
 .group         0x0000000000000000        0xc ./Drivers/DR_Init.o
 .group         0x0000000000000000        0xc ./Drivers/DR_Init.o
 .group         0x0000000000000000        0xc ./Drivers/DR_Init.o
 .text          0x0000000000000000        0x0 ./Drivers/DR_Init.o
 .data          0x0000000000000000        0x0 ./Drivers/DR_Init.o
 .bss           0x0000000000000000        0x0 ./Drivers/DR_Init.o
 .debug_macro   0x0000000000000000      0xa96 ./Drivers/DR_Init.o
 .debug_macro   0x0000000000000000      0x25f ./Drivers/DR_Init.o
 .debug_macro   0x0000000000000000       0x94 ./Drivers/DR_Init.o
 .debug_macro   0x0000000000000000       0x34 ./Drivers/DR_Init.o
 .debug_macro   0x0000000000000000       0x1c ./Drivers/DR_Init.o
 .group         0x0000000000000000        0xc ./Drivers/DR_teclado.o
 .group         0x0000000000000000        0xc ./Drivers/DR_teclado.o
 .group         0x0000000000000000        0xc ./Drivers/DR_teclado.o
 .text          0x0000000000000000        0x0 ./Drivers/DR_teclado.o
 .data          0x0000000000000000        0x0 ./Drivers/DR_teclado.o
 .bss           0x0000000000000000        0x0 ./Drivers/DR_teclado.o
 .debug_macro   0x0000000000000000      0xa96 ./Drivers/DR_teclado.o
 .debug_macro   0x0000000000000000      0x25f ./Drivers/DR_teclado.o
 .debug_macro   0x0000000000000000       0x94 ./Drivers/DR_teclado.o
 .group         0x0000000000000000        0xc ./Drivers/GPIO.o
 .group         0x0000000000000000        0xc ./Drivers/GPIO.o
 .text          0x0000000000000000        0x0 ./Drivers/GPIO.o
 .data          0x0000000000000000        0x0 ./Drivers/GPIO.o
 .bss           0x0000000000000000        0x0 ./Drivers/GPIO.o
 .text.SetPINMODE_IN
                0x0000000000000000       0x34 ./Drivers/GPIO.o
 .debug_macro   0x0000000000000000      0xa96 ./Drivers/GPIO.o
 .debug_macro   0x0000000000000000      0x25f ./Drivers/GPIO.o
 .group         0x0000000000000000        0xc ./Drivers/Systick.o
 .group         0x0000000000000000        0xc ./Drivers/Systick.o
 .group         0x0000000000000000        0xc ./Drivers/Systick.o
 .text          0x0000000000000000        0x0 ./Drivers/Systick.o
 .data          0x0000000000000000        0x0 ./Drivers/Systick.o
 .bss           0x0000000000000000        0x0 ./Drivers/Systick.o
 .debug_macro   0x0000000000000000      0xa96 ./Drivers/Systick.o
 .debug_macro   0x0000000000000000      0x25f ./Drivers/Systick.o
 .debug_macro   0x0000000000000000       0x94 ./Drivers/Systick.o
 .group         0x0000000000000000        0xc ./Aplicacion/TPOJustDance.o
 .group         0x0000000000000000        0xc ./Aplicacion/TPOJustDance.o
 .group         0x0000000000000000        0xc ./Aplicacion/TPOJustDance.o
 .group         0x0000000000000000        0xc ./Aplicacion/TPOJustDance.o
 .group         0x0000000000000000        0xc ./Aplicacion/TPOJustDance.o
 .group         0x0000000000000000        0xc ./Aplicacion/TPOJustDance.o
 .text          0x0000000000000000        0x0 ./Aplicacion/TPOJustDance.o
 .data          0x0000000000000000        0x0 ./Aplicacion/TPOJustDance.o
 .bss           0x0000000000000000        0x0 ./Aplicacion/TPOJustDance.o
 .debug_macro   0x0000000000000000      0xa96 ./Aplicacion/TPOJustDance.o
 .debug_macro   0x0000000000000000       0x10 ./Aplicacion/TPOJustDance.o
 .debug_macro   0x0000000000000000      0x25f ./Aplicacion/TPOJustDance.o
 .debug_macro   0x0000000000000000       0x94 ./Aplicacion/TPOJustDance.o
 .debug_macro   0x0000000000000000       0x34 ./Aplicacion/TPOJustDance.o
 .debug_macro   0x0000000000000000       0x1c ./Aplicacion/TPOJustDance.o
 .group         0x0000000000000000        0xc ./Aplicacion/cr_startup_lpc84x.o
 .text          0x0000000000000000        0x0 ./Aplicacion/cr_startup_lpc84x.o
 .data          0x0000000000000000        0x0 ./Aplicacion/cr_startup_lpc84x.o
 .bss           0x0000000000000000        0x0 ./Aplicacion/cr_startup_lpc84x.o
 .debug_macro   0x0000000000000000      0xa96 ./Aplicacion/cr_startup_lpc84x.o
 .group         0x0000000000000000        0xc ./Aplicacion/crp.o
 .group         0x0000000000000000        0xc ./Aplicacion/crp.o
 .text          0x0000000000000000        0x0 ./Aplicacion/crp.o
 .data          0x0000000000000000        0x0 ./Aplicacion/crp.o
 .bss           0x0000000000000000        0x0 ./Aplicacion/crp.o
 .debug_macro   0x0000000000000000      0xa96 ./Aplicacion/crp.o
 .text          0x0000000000000000        0x0 /usr/local/mcuxpressoide-11.3.1_5262/ide/plugins/com.nxp.mcuxpresso.tools.linux_11.3.0.202011031536/tools/bin/../lib/gcc/arm-none-eabi/9.3.1/../../../../arm-none-eabi/lib/thumb/v6-m/nofp/libcr_c.a(__weak__main.o)
 .data          0x0000000000000000        0x0 /usr/local/mcuxpressoide-11.3.1_5262/ide/plugins/com.nxp.mcuxpresso.tools.linux_11.3.0.202011031536/tools/bin/../lib/gcc/arm-none-eabi/9.3.1/../../../../arm-none-eabi/lib/thumb/v6-m/nofp/libcr_c.a(__weak__main.o)
 .bss           0x0000000000000000        0x0 /usr/local/mcuxpressoide-11.3.1_5262/ide/plugins/com.nxp.mcuxpresso.tools.linux_11.3.0.202011031536/tools/bin/../lib/gcc/arm-none-eabi/9.3.1/../../../../arm-none-eabi/lib/thumb/v6-m/nofp/libcr_c.a(__weak__main.o)

Memory Configuration

Name             Origin             Length             Attributes
MFlash64         0x0000000000000000 0x0000000000010000 xr
RamLoc16         0x0000000010000000 0x0000000000004000 xrw
*default*        0x0000000000000000 0xffffffffffffffff

Linker script and memory map

LOAD ./Primitivas/Leds.o
LOAD ./Primitivas/TImer.o
LOAD ./Primitivas/Tecla.o
LOAD ./Drivers/DR_Init.o
LOAD ./Drivers/DR_teclado.o
LOAD ./Drivers/GPIO.o
LOAD ./Drivers/Systick.o
LOAD ./Aplicacion/TPOJustDance.o
LOAD ./Aplicacion/cr_startup_lpc84x.o
LOAD ./Aplicacion/crp.o
START GROUP
LOAD /usr/local/mcuxpressoide-11.3.1_5262/ide/plugins/com.nxp.mcuxpresso.tools.linux_11.3.0.202011031536/tools/bin/../lib/gcc/arm-none-eabi/9.3.1/../../../../arm-none-eabi/lib/thumb/v6-m/nofp/libcr_c.a
LOAD /usr/local/mcuxpressoide-11.3.1_5262/ide/plugins/com.nxp.mcuxpresso.tools.linux_11.3.0.202011031536/tools/bin/../lib/gcc/arm-none-eabi/9.3.1/thumb/v6-m/nofp/libcr_eabihelpers.a
LOAD /usr/local/mcuxpressoide-11.3.1_5262/ide/plugins/com.nxp.mcuxpresso.tools.linux_11.3.0.202011031536/tools/bin/../lib/gcc/arm-none-eabi/9.3.1/thumb/v6-m/nofp/libgcc.a
END GROUP
                0x0000000000000000                __base_MFlash64 = 0x0
                0x0000000000000000                __base_Flash = 0x0
                0x0000000000010000                __top_MFlash64 = 0x10000
                0x0000000000010000                __top_Flash = 0x10000
                0x0000000010000000                __base_RamLoc16 = 0x10000000
                0x0000000010000000                __base_RAM = 0x10000000
                0x0000000010004000                __top_RamLoc16 = 0x10004000
                0x0000000010004000                __top_RAM = 0x10004000

.text           0x0000000000000000      0xb48
 FILL mask 0xff
                0x0000000000000000                __vectors_start__ = ABSOLUTE (.)
 *(.isr_vector)
 .isr_vector    0x0000000000000000       0xc0 ./Aplicacion/cr_startup_lpc84x.o
                0x0000000000000000                g_pfnVectors
                0x00000000000000c0                . = ALIGN (0x4)
                0x00000000000000c0                __section_table_start = .
                0x00000000000000c0                __data_section_table = .
                0x00000000000000c0        0x4 LONG 0xb48 LOADADDR (.data)
                0x00000000000000c4        0x4 LONG 0x10000000 ADDR (.data)
                0x00000000000000c8        0x4 LONG 0x8 SIZEOF (.data)
                0x00000000000000cc                __data_section_table_end = .
                0x00000000000000cc                __bss_section_table = .
                0x00000000000000cc        0x4 LONG 0x10000008 ADDR (.bss)
                0x00000000000000d0        0x4 LONG 0x9c SIZEOF (.bss)
                0x00000000000000d4                __bss_section_table_end = .
                0x00000000000000d4                __section_table_end = .
 *(.after_vectors*)
 .after_vectors
                0x00000000000000d4      0x144 ./Aplicacion/cr_startup_lpc84x.o
                0x00000000000000d4                data_init
                0x0000000000000116                bss_init
                0x000000000000014c                ResetISR
                0x00000000000001f4                NMI_Handler
                0x00000000000001fa                HardFault_Handler
                0x0000000000000200                SVC_Handler
                0x0000000000000206                PendSV_Handler
                0x0000000000000212                CMP_IRQHandler
                0x0000000000000212                PININT7_IRQHandler
                0x0000000000000212                I2C0_IRQHandler
                0x0000000000000212                WKT_IRQHandler
                0x0000000000000212                PININT2_IRQHandler
                0x0000000000000212                PININT1_IRQHandler
                0x0000000000000212                MRT_IRQHandler
                0x0000000000000212                I2C1_IRQHandler
                0x0000000000000212                UART1_IRQHandler
                0x0000000000000212                ADC_SEQB_IRQHandler
                0x0000000000000212                UART0_IRQHandler
                0x0000000000000212                SPI1_IRQHandler
                0x0000000000000212                IntDefaultHandler
                0x0000000000000212                ADC_OVR_IRQHandler
                0x0000000000000212                I2C2_IRQHandler
                0x0000000000000212                PININT3_IRQHandler
                0x0000000000000212                UART2_IRQHandler
                0x0000000000000212                PININT5_IRQHandler
                0x0000000000000212                PININT4_IRQHandler
                0x0000000000000212                ADC_THCMP_IRQHandler
                0x0000000000000212                PININT0_IRQHandler
                0x0000000000000212                BOD_IRQHandler
                0x0000000000000212                I2C3_IRQHandler
                0x0000000000000212                SCT_IRQHandler
                0x0000000000000212                WDT_IRQHandler
                0x0000000000000212                ADC_SEQA_IRQHandler
                0x0000000000000212                FAIM_IRQHandler
                0x0000000000000212                DAC0_IRQHandler
                0x0000000000000212                PININT6_IRQHandler
                0x0000000000000212                SPI0_IRQHandler
                0x0000000000000212                DMA_IRQHandler
                0x0000000000000212                FLASH_IRQHandler
                0x0000000000000212                CTIMER0_IRQHandler
                0x00000000000002fc                . = 0x2fc
 *fill*         0x0000000000000218       0xe4 ff
                0x00000000000002fc                PROVIDE (__CRP_WORD_START__ = .)
 *(.crp)
 .crp           0x00000000000002fc        0x4 ./Aplicacion/crp.o
                0x00000000000002fc                CRP_WORD
                0x0000000000000300                PROVIDE (__CRP_WORD_END__ = .)
                0x0000000000000001                ASSERT (! ((__CRP_WORD_START__ == __CRP_WORD_END__)), Linker CRP Enabled, but no CRP_WORD provided within application)
 *(.text*)
 .text.LED_OFF  0x0000000000000300       0x1c ./Primitivas/Leds.o
                0x0000000000000300                LED_OFF
 .text.LED_ON   0x000000000000031c       0x1c ./Primitivas/Leds.o
                0x000000000000031c                LED_ON
 .text.TimerEvent
                0x0000000000000338       0x5c ./Primitivas/TImer.o
                0x0000000000000338                TimerEvent
 .text.getKey   0x0000000000000394       0x24 ./Primitivas/Tecla.o
                0x0000000000000394                getKey
 .text.InitHw   0x00000000000003b8       0x16 ./Drivers/DR_Init.o
                0x00000000000003b8                InitHw
 *fill*         0x00000000000003ce        0x2 ff
 .text.InitGPIO
                0x00000000000003d0      0x11c ./Drivers/DR_Init.o
                0x00000000000003d0                InitGPIO
 .text.InitPLL  0x00000000000004ec       0x88 ./Drivers/DR_Init.o
                0x00000000000004ec                InitPLL
 .text.DriverTecladoSW
                0x0000000000000574       0x70 ./Drivers/DR_teclado.o
                0x0000000000000574                DriverTecladoSW
 .text.DriverTecladoHW
                0x00000000000005e4       0xac ./Drivers/DR_teclado.o
                0x00000000000005e4                DriverTecladoHW
 .text.SetDIR   0x0000000000000690       0x7e ./Drivers/GPIO.o
                0x0000000000000690                SetDIR
 .text.SetPIN   0x000000000000070e       0x7e ./Drivers/GPIO.o
                0x000000000000070e                SetPIN
 .text.GetPIN   0x000000000000078c       0x3a ./Drivers/GPIO.o
                0x000000000000078c                GetPIN
 *fill*         0x00000000000007c6        0x2 ff
 .text.SetPINMODE_OUT
                0x00000000000007c8       0x4c ./Drivers/GPIO.o
                0x00000000000007c8                SetPINMODE_OUT
 .text.SysTick_Handler
                0x0000000000000814       0x12 ./Drivers/Systick.o
                0x0000000000000814                SysTick_Handler
 *fill*         0x0000000000000826        0x2 ff
 .text.AnalizarTimers
                0x0000000000000828       0x7c ./Drivers/Systick.o
                0x0000000000000828                AnalizarTimers
 .text.InitSystick
                0x00000000000008a4       0x28 ./Drivers/Systick.o
                0x00000000000008a4                InitSystick
 .text.main     0x00000000000008cc      0x244 ./Aplicacion/TPOJustDance.o
                0x00000000000008cc                main
 .text.__weak_main
                0x0000000000000b10        0x8 /usr/local/mcuxpressoide-11.3.1_5262/ide/plugins/com.nxp.mcuxpresso.tools.linux_11.3.0.202011031536/tools/bin/../lib/gcc/arm-none-eabi/9.3.1/../../../../arm-none-eabi/lib/thumb/v6-m/nofp/libcr_c.a(__weak__main.o)
                0x0000000000000b10                __main
                0x0000000000000b10                __weak_main
 *(.rodata .rodata.* .constdata .constdata.*)
 .rodata.main   0x0000000000000b18       0x30 ./Aplicacion/TPOJustDance.o
                0x0000000000000b48                . = ALIGN (0x4)

.glue_7         0x0000000000000b48        0x0
 .glue_7        0x0000000000000b48        0x0 linker stubs

.glue_7t        0x0000000000000b48        0x0
 .glue_7t       0x0000000000000b48        0x0 linker stubs

.vfp11_veneer   0x0000000000000b48        0x0
 .vfp11_veneer  0x0000000000000b48        0x0 linker stubs

.v4_bx          0x0000000000000b48        0x0
 .v4_bx         0x0000000000000b48        0x0 linker stubs

.iplt           0x0000000000000b48        0x0
 .iplt          0x0000000000000b48        0x0 ./Primitivas/Leds.o

.rel.dyn        0x0000000000000b48        0x0
 .rel.iplt      0x0000000000000b48        0x0 ./Primitivas/Leds.o

.ARM.extab
 *(.ARM.extab* .gnu.linkonce.armextab.*)

.ARM.exidx      0x0000000000000b48        0x0
                0x0000000000000b48                __exidx_start = .
 *(.ARM.exidx* .gnu.linkonce.armexidx.*)
                0x0000000000000b48                __exidx_end = .
                0x0000000000000b48                _etext = .

.mtb_buffer_default
 *(.mtb*)

.uninit_RESERVED
                0x0000000010000000        0x0
                0x0000000010000000                _start_uninit_RESERVED = .
 *(.bss.$RESERVED*)
                0x0000000010000000                . = ALIGN (0x4)
                0x0000000010000000                _end_uninit_RESERVED = .

.data           0x0000000010000000        0x8 load address 0x0000000000000b48
 FILL mask 0xff
                0x0000000010000000                _data = .
                [!provide]                        PROVIDE (__start_data_RAM = .)
                [!provide]                        PROVIDE (__start_data_RamLoc16 = .)
 *(vtable)
 *(.ramfunc*)
 *(CodeQuickAccess)
 *(DataQuickAccess)
 *(RamFunction)
 *(.data*)
 .data.fro_set_frec
                0x0000000010000000        0x4 ./Drivers/DR_Init.o
                0x0000000010000000                fro_set_frec
 .data.Tecla    0x0000000010000004        0x1 ./Drivers/DR_teclado.o
                0x0000000010000004                Tecla
 .data.lastKey.3799
                0x0000000010000005        0x1 ./Drivers/DR_teclado.o
 .data.led.3838
                0x0000000010000006        0x1 ./Aplicacion/TPOJustDance.o
                0x0000000010000008                . = ALIGN (0x4)
 *fill*         0x0000000010000007        0x1 ff
                0x0000000010000008                _edata = .
                [!provide]                        PROVIDE (__end_data_RAM = .)
                [!provide]                        PROVIDE (__end_data_RamLoc16 = .)

.igot.plt       0x0000000010000008        0x0 load address 0x0000000000000b50
 .igot.plt      0x0000000010000008        0x0 ./Primitivas/Leds.o

.bss            0x0000000010000008       0x9c
                0x0000000010000008                _bss = .
                [!provide]                        PROVIDE (__start_bss_RAM = .)
                [!provide]                        PROVIDE (__start_bss_RamLoc16 = .)
 *(.bss*)
 .bss.HandlersTimer
                0x0000000010000008       0x40 ./Primitivas/TImer.o
                0x0000000010000008                HandlersTimer
 .bss.cont.3800
                0x0000000010000048        0x1 ./Drivers/DR_teclado.o
 *fill*         0x0000000010000049        0x3 
 .bss.flagsT    0x000000001000004c       0x10 ./Drivers/Systick.o
                0x000000001000004c                flagsT
 .bss.timers    0x000000001000005c       0x40 ./Drivers/Systick.o
                0x000000001000005c                timers
 .bss.pDivRom_idiv
                0x000000001000009c        0x4 ./Aplicacion/cr_startup_lpc84x.o
                0x000000001000009c                pDivRom_idiv
 .bss.pDivRom_uidiv
                0x00000000100000a0        0x4 ./Aplicacion/cr_startup_lpc84x.o
                0x00000000100000a0                pDivRom_uidiv
 *(COMMON)
                0x00000000100000a4                . = ALIGN (0x4)
                0x00000000100000a4                _ebss = .
                [!provide]                        PROVIDE (__end_bss_RAM = .)
                [!provide]                        PROVIDE (__end_bss_RamLoc16 = .)
                [!provide]                        PROVIDE (end = .)

.noinit         0x00000000100000a4        0x0
                0x00000000100000a4                _noinit = .
                [!provide]                        PROVIDE (__start_noinit_RAM = .)
                [!provide]                        PROVIDE (__start_noinit_RamLoc16 = .)
 *(.noinit*)
                0x00000000100000a4                . = ALIGN (0x4)
                0x00000000100000a4                _end_noinit = .
                [!provide]                        PROVIDE (__end_noinit_RAM = .)
                [!provide]                        PROVIDE (__end_noinit_RamLoc16 = .)
                [!provide]                        PROVIDE (_pvHeapStart = DEFINED (__user_heap_base)?__user_heap_base:.)
                0x0000000010004000                PROVIDE (_vStackTop = DEFINED (__user_stack_top)?__user_stack_top:(__top_RamLoc16 - 0x0))
                0xffffffffefffbac3                PROVIDE (__valid_user_code_checksum = (0x0 - (((_vStackTop + (ResetISR + 0x1)) + (DEFINED (NMI_Handler)?NMI_Handler:M0_NMI_Handler + 0x1)) + (DEFINED (HardFault_Handler)?HardFault_Handler:M0_HardFault_Handler + 0x1))))
                0x0000000000000000                _image_start = LOADADDR (.text)
                0x0000000000000b50                _image_end = (LOADADDR (.data) + SIZEOF (.data))
                0x0000000000000b50                _image_size = (_image_end - _image_start)
OUTPUT(TPOJustDance.axf elf32-littlearm)
LOAD linker stubs

.debug_info     0x0000000000000000     0x129e
 .debug_info    0x0000000000000000       0xce ./Primitivas/Leds.o
 .debug_info    0x00000000000000ce      0x1ca ./Primitivas/TImer.o
 .debug_info    0x0000000000000298       0x9e ./Primitivas/Tecla.o
 .debug_info    0x0000000000000336      0x5ae ./Drivers/DR_Init.o
 .debug_info    0x00000000000008e4       0xd6 ./Drivers/DR_teclado.o
 .debug_info    0x00000000000009ba      0x3b4 ./Drivers/GPIO.o
 .debug_info    0x0000000000000d6e      0x19b ./Drivers/Systick.o
 .debug_info    0x0000000000000f09      0x100 ./Aplicacion/TPOJustDance.o
 .debug_info    0x0000000000001009      0x255 ./Aplicacion/cr_startup_lpc84x.o
 .debug_info    0x000000000000125e       0x40 ./Aplicacion/crp.o

.debug_abbrev   0x0000000000000000      0x834
 .debug_abbrev  0x0000000000000000       0x83 ./Primitivas/Leds.o
 .debug_abbrev  0x0000000000000083      0x121 ./Primitivas/TImer.o
 .debug_abbrev  0x00000000000001a4       0x7c ./Primitivas/Tecla.o
 .debug_abbrev  0x0000000000000220      0x10f ./Drivers/DR_Init.o
 .debug_abbrev  0x000000000000032f       0xb6 ./Drivers/DR_teclado.o
 .debug_abbrev  0x00000000000003e5      0x147 ./Drivers/GPIO.o
 .debug_abbrev  0x000000000000052c      0x118 ./Drivers/Systick.o
 .debug_abbrev  0x0000000000000644       0x8e ./Aplicacion/TPOJustDance.o
 .debug_abbrev  0x00000000000006d2      0x12a ./Aplicacion/cr_startup_lpc84x.o
 .debug_abbrev  0x00000000000007fc       0x38 ./Aplicacion/crp.o

.debug_aranges  0x0000000000000000      0x1f0
 .debug_aranges
                0x0000000000000000       0x30 ./Primitivas/Leds.o
 .debug_aranges
                0x0000000000000030       0x40 ./Primitivas/TImer.o
 .debug_aranges
                0x0000000000000070       0x20 ./Primitivas/Tecla.o
 .debug_aranges
                0x0000000000000090       0x30 ./Drivers/DR_Init.o
 .debug_aranges
                0x00000000000000c0       0x28 ./Drivers/DR_teclado.o
 .debug_aranges
                0x00000000000000e8       0x40 ./Drivers/GPIO.o
 .debug_aranges
                0x0000000000000128       0x30 ./Drivers/Systick.o
 .debug_aranges
                0x0000000000000158       0x20 ./Aplicacion/TPOJustDance.o
 .debug_aranges
                0x0000000000000178       0x60 ./Aplicacion/cr_startup_lpc84x.o
 .debug_aranges
                0x00000000000001d8       0x18 ./Aplicacion/crp.o

.debug_ranges   0x0000000000000000      0x148
 .debug_ranges  0x0000000000000000       0x20 ./Primitivas/Leds.o
 .debug_ranges  0x0000000000000020       0x30 ./Primitivas/TImer.o
 .debug_ranges  0x0000000000000050       0x10 ./Primitivas/Tecla.o
 .debug_ranges  0x0000000000000060       0x20 ./Drivers/DR_Init.o
 .debug_ranges  0x0000000000000080       0x18 ./Drivers/DR_teclado.o
 .debug_ranges  0x0000000000000098       0x30 ./Drivers/GPIO.o
 .debug_ranges  0x00000000000000c8       0x20 ./Drivers/Systick.o
 .debug_ranges  0x00000000000000e8       0x10 ./Aplicacion/TPOJustDance.o
 .debug_ranges  0x00000000000000f8       0x50 ./Aplicacion/cr_startup_lpc84x.o

.debug_macro    0x0000000000000000     0x10c6
 .debug_macro   0x0000000000000000       0x37 ./Primitivas/Leds.o
 .debug_macro   0x0000000000000037      0xa96 ./Primitivas/Leds.o
 .debug_macro   0x0000000000000acd      0x25f ./Primitivas/Leds.o
 .debug_macro   0x0000000000000d2c       0x34 ./Primitivas/Leds.o
 .debug_macro   0x0000000000000d60       0x56 ./Primitivas/TImer.o
 .debug_macro   0x0000000000000db6       0x94 ./Primitivas/TImer.o
 .debug_macro   0x0000000000000e4a       0x1c ./Primitivas/TImer.o
 .debug_macro   0x0000000000000e66       0x45 ./Primitivas/Tecla.o
 .debug_macro   0x0000000000000eab       0x80 ./Drivers/DR_Init.o
 .debug_macro   0x0000000000000f2b       0x10 ./Drivers/DR_Init.o
 .debug_macro   0x0000000000000f3b       0x33 ./Drivers/DR_teclado.o
 .debug_macro   0x0000000000000f6e       0x24 ./Drivers/GPIO.o
 .debug_macro   0x0000000000000f92       0x43 ./Drivers/Systick.o
 .debug_macro   0x0000000000000fd5       0x80 ./Aplicacion/TPOJustDance.o
 .debug_macro   0x0000000000001055       0x23 ./Aplicacion/cr_startup_lpc84x.o
 .debug_macro   0x0000000000001078       0x1a ./Aplicacion/crp.o
 .debug_macro   0x0000000000001092       0x34 ./Aplicacion/crp.o

.debug_line     0x0000000000000000      0xc2a
 .debug_line    0x0000000000000000       0xd5 ./Primitivas/Leds.o
 .debug_line    0x00000000000000d5      0x157 ./Primitivas/TImer.o
 .debug_line    0x000000000000022c       0xb3 ./Primitivas/Tecla.o
 .debug_line    0x00000000000002df      0x19e ./Drivers/DR_Init.o
 .debug_line    0x000000000000047d      0x115 ./Drivers/DR_teclado.o
 .debug_line    0x0000000000000592      0x119 ./Drivers/GPIO.o
 .debug_line    0x00000000000006ab       0xf5 ./Drivers/Systick.o
 .debug_line    0x00000000000007a0      0x27a ./Aplicacion/TPOJustDance.o
 .debug_line    0x0000000000000a1a      0x154 ./Aplicacion/cr_startup_lpc84x.o
 .debug_line    0x0000000000000b6e       0xbc ./Aplicacion/crp.o

.debug_str      0x0000000000000000     0x3fdd
 .debug_str     0x0000000000000000     0x3643 ./Primitivas/Leds.o
                                       0x3687 (size before relaxing)
 .debug_str     0x0000000000003643      0x1ec ./Primitivas/TImer.o
                                       0x37e6 (size before relaxing)
 .debug_str     0x000000000000382f       0x27 ./Primitivas/Tecla.o
                                       0x3739 (size before relaxing)
 .debug_str     0x0000000000003856      0x35b ./Drivers/DR_Init.o
                                       0x3b2f (size before relaxing)
 .debug_str     0x0000000000003bb1       0x45 ./Drivers/DR_teclado.o
                                       0x374e (size before relaxing)
 .debug_str     0x0000000000003bf6       0x9f ./Drivers/GPIO.o
                                       0x371b (size before relaxing)
 .debug_str     0x0000000000003c95       0x5d ./Drivers/Systick.o
                                       0x3798 (size before relaxing)
 .debug_str     0x0000000000003cf2       0x22 ./Aplicacion/TPOJustDance.o
                                       0x3828 (size before relaxing)
 .debug_str     0x0000000000003d14      0x1d9 ./Aplicacion/cr_startup_lpc84x.o
                                       0x2f0f (size before relaxing)
 .debug_str     0x0000000000003eed       0xf0 ./Aplicacion/crp.o
                                       0x2e10 (size before relaxing)

.comment        0x0000000000000000       0x4c
 .comment       0x0000000000000000       0x4c ./Primitivas/Leds.o
                                         0x4d (size before relaxing)
 .comment       0x000000000000004c       0x4d ./Primitivas/TImer.o
 .comment       0x000000000000004c       0x4d ./Primitivas/Tecla.o
 .comment       0x000000000000004c       0x4d ./Drivers/DR_Init.o
 .comment       0x000000000000004c       0x4d ./Drivers/DR_teclado.o
 .comment       0x000000000000004c       0x4d ./Drivers/GPIO.o
 .comment       0x000000000000004c       0x4d ./Drivers/Systick.o
 .comment       0x000000000000004c       0x4d ./Aplicacion/TPOJustDance.o
 .comment       0x000000000000004c       0x4d ./Aplicacion/cr_startup_lpc84x.o
 .comment       0x000000000000004c       0x4d ./Aplicacion/crp.o
 .comment       0x000000000000004c       0x4d /usr/local/mcuxpressoide-11.3.1_5262/ide/plugins/com.nxp.mcuxpresso.tools.linux_11.3.0.202011031536/tools/bin/../lib/gcc/arm-none-eabi/9.3.1/../../../../arm-none-eabi/lib/thumb/v6-m/nofp/libcr_c.a(__weak__main.o)

.ARM.attributes
                0x0000000000000000       0x2c
 .ARM.attributes
                0x0000000000000000       0x2c ./Primitivas/Leds.o
 .ARM.attributes
                0x000000000000002c       0x2c ./Primitivas/TImer.o
 .ARM.attributes
                0x0000000000000058       0x2c ./Primitivas/Tecla.o
 .ARM.attributes
                0x0000000000000084       0x2c ./Drivers/DR_Init.o
 .ARM.attributes
                0x00000000000000b0       0x2c ./Drivers/DR_teclado.o
 .ARM.attributes
                0x00000000000000dc       0x2c ./Drivers/GPIO.o
 .ARM.attributes
                0x0000000000000108       0x2c ./Drivers/Systick.o
 .ARM.attributes
                0x0000000000000134       0x2c ./Aplicacion/TPOJustDance.o
 .ARM.attributes
                0x0000000000000160       0x2c ./Aplicacion/cr_startup_lpc84x.o
 .ARM.attributes
                0x000000000000018c       0x31 ./Aplicacion/crp.o
 .ARM.attributes
                0x00000000000001bd       0x2c /usr/local/mcuxpressoide-11.3.1_5262/ide/plugins/com.nxp.mcuxpresso.tools.linux_11.3.0.202011031536/tools/bin/../lib/gcc/arm-none-eabi/9.3.1/../../../../arm-none-eabi/lib/thumb/v6-m/nofp/libcr_c.a(__weak__main.o)

.debug_frame    0x0000000000000000      0x458
 .debug_frame   0x0000000000000000       0x70 ./Primitivas/Leds.o
 .debug_frame   0x0000000000000070       0xa8 ./Primitivas/TImer.o
 .debug_frame   0x0000000000000118       0x30 ./Primitivas/Tecla.o
 .debug_frame   0x0000000000000148       0x64 ./Drivers/DR_Init.o
 .debug_frame   0x00000000000001ac       0x4c ./Drivers/DR_teclado.o
 .debug_frame   0x00000000000001f8       0xb0 ./Drivers/GPIO.o
 .debug_frame   0x00000000000002a8       0x68 ./Drivers/Systick.o
 .debug_frame   0x0000000000000310       0x30 ./Aplicacion/TPOJustDance.o
 .debug_frame   0x0000000000000340      0x118 ./Aplicacion/cr_startup_lpc84x.o

Cross Reference Table

Symbol                                            File
ADC_OVR_IRQHandler                                ./Aplicacion/cr_startup_lpc84x.o
ADC_SEQA_IRQHandler                               ./Aplicacion/cr_startup_lpc84x.o
ADC_SEQB_IRQHandler                               ./Aplicacion/cr_startup_lpc84x.o
ADC_THCMP_IRQHandler                              ./Aplicacion/cr_startup_lpc84x.o
AnalizarTimers                                    ./Drivers/Systick.o
BOD_IRQHandler                                    ./Aplicacion/cr_startup_lpc84x.o
CMP_IRQHandler                                    ./Aplicacion/cr_startup_lpc84x.o
CRP_WORD                                          ./Aplicacion/crp.o
CTIMER0_IRQHandler                                ./Aplicacion/cr_startup_lpc84x.o
DAC0_IRQHandler                                   ./Aplicacion/cr_startup_lpc84x.o
DMA_IRQHandler                                    ./Aplicacion/cr_startup_lpc84x.o
DriverTecladoHW                                   ./Drivers/DR_teclado.o
DriverTecladoSW                                   ./Drivers/DR_teclado.o
                                                  ./Drivers/Systick.o
FAIM_IRQHandler                                   ./Aplicacion/cr_startup_lpc84x.o
FLASH_IRQHandler                                  ./Aplicacion/cr_startup_lpc84x.o
GetPIN                                            ./Drivers/GPIO.o
                                                  ./Drivers/DR_teclado.o
                                                  ./Primitivas/Leds.o
HandlersTimer                                     ./Primitivas/TImer.o
HardFault_Handler                                 ./Aplicacion/cr_startup_lpc84x.o
I2C0_IRQHandler                                   ./Aplicacion/cr_startup_lpc84x.o
I2C1_IRQHandler                                   ./Aplicacion/cr_startup_lpc84x.o
I2C2_IRQHandler                                   ./Aplicacion/cr_startup_lpc84x.o
I2C3_IRQHandler                                   ./Aplicacion/cr_startup_lpc84x.o
InitGPIO                                          ./Drivers/DR_Init.o
InitHw                                            ./Drivers/DR_Init.o
                                                  ./Aplicacion/TPOJustDance.o
InitPLL                                           ./Drivers/DR_Init.o
InitSystick                                       ./Drivers/Systick.o
                                                  ./Drivers/DR_Init.o
IntDefaultHandler                                 ./Aplicacion/cr_startup_lpc84x.o
LED_OFF                                           ./Primitivas/Leds.o
                                                  ./Aplicacion/TPOJustDance.o
LED_ON                                            ./Primitivas/Leds.o
                                                  ./Aplicacion/TPOJustDance.o
MRT_IRQHandler                                    ./Aplicacion/cr_startup_lpc84x.o
NMI_Handler                                       ./Aplicacion/cr_startup_lpc84x.o
PININT0_IRQHandler                                ./Aplicacion/cr_startup_lpc84x.o
PININT1_IRQHandler                                ./Aplicacion/cr_startup_lpc84x.o
PININT2_IRQHandler                                ./Aplicacion/cr_startup_lpc84x.o
PININT3_IRQHandler                                ./Aplicacion/cr_startup_lpc84x.o
PININT4_IRQHandler                                ./Aplicacion/cr_startup_lpc84x.o
PININT5_IRQHandler                                ./Aplicacion/cr_startup_lpc84x.o
PININT6_IRQHandler                                ./Aplicacion/cr_startup_lpc84x.o
PININT7_IRQHandler                                ./Aplicacion/cr_startup_lpc84x.o
PendSV_Handler                                    ./Aplicacion/cr_startup_lpc84x.o
ResetISR                                          ./Aplicacion/cr_startup_lpc84x.o
SCT_IRQHandler                                    ./Aplicacion/cr_startup_lpc84x.o
SPI0_IRQHandler                                   ./Aplicacion/cr_startup_lpc84x.o
SPI1_IRQHandler                                   ./Aplicacion/cr_startup_lpc84x.o
SVC_Handler                                       ./Aplicacion/cr_startup_lpc84x.o
SetDIR                                            ./Drivers/GPIO.o
                                                  ./Drivers/DR_Init.o
SetPIN                                            ./Drivers/GPIO.o
                                                  ./Primitivas/Leds.o
SetPINMODE_IN                                     ./Drivers/GPIO.o
SetPINMODE_OUT                                    ./Drivers/GPIO.o
                                                  ./Drivers/DR_Init.o
SwapEstadoLed                                     ./Primitivas/Leds.o
SysTick_Handler                                   ./Drivers/Systick.o
Tecla                                             ./Drivers/DR_teclado.o
                                                  ./Primitivas/Tecla.o
TimerEvent                                        ./Primitivas/TImer.o
                                                  ./Aplicacion/TPOJustDance.o
TimerStart                                        ./Primitivas/TImer.o
TimerStop                                         ./Primitivas/TImer.o
UART0_IRQHandler                                  ./Aplicacion/cr_startup_lpc84x.o
UART1_IRQHandler                                  ./Aplicacion/cr_startup_lpc84x.o
UART2_IRQHandler                                  ./Aplicacion/cr_startup_lpc84x.o
WDT_IRQHandler                                    ./Aplicacion/cr_startup_lpc84x.o
WKT_IRQHandler                                    ./Aplicacion/cr_startup_lpc84x.o
__bss_section_table_end                           ./Aplicacion/cr_startup_lpc84x.o
__data_section_table                              ./Aplicacion/cr_startup_lpc84x.o
__data_section_table_end                          ./Aplicacion/cr_startup_lpc84x.o
__main                                            /usr/local/mcuxpressoide-11.3.1_5262/ide/plugins/com.nxp.mcuxpresso.tools.linux_11.3.0.202011031536/tools/bin/../lib/gcc/arm-none-eabi/9.3.1/../../../../arm-none-eabi/lib/thumb/v6-m/nofp/libcr_c.a(__weak__main.o)
                                                  ./Aplicacion/cr_startup_lpc84x.o
__valid_user_code_checksum                        ./Aplicacion/cr_startup_lpc84x.o
__weak_main                                       /usr/local/mcuxpressoide-11.3.1_5262/ide/plugins/com.nxp.mcuxpresso.tools.linux_11.3.0.202011031536/tools/bin/../lib/gcc/arm-none-eabi/9.3.1/../../../../arm-none-eabi/lib/thumb/v6-m/nofp/libcr_c.a(__weak__main.o)
_vStackTop                                        ./Aplicacion/cr_startup_lpc84x.o
bss_init                                          ./Aplicacion/cr_startup_lpc84x.o
data_init                                         ./Aplicacion/cr_startup_lpc84x.o
flagT0                                            ./Primitivas/TImer.o
flagT1                                            ./Primitivas/TImer.o
flagsT                                            ./Drivers/Systick.o
                                                  ./Primitivas/TImer.o
fro_set_frec                                      ./Drivers/DR_Init.o
g_pfnVectors                                      ./Aplicacion/cr_startup_lpc84x.o
getKey                                            ./Primitivas/Tecla.o
                                                  ./Aplicacion/TPOJustDance.o
handlerT0                                         ./Primitivas/TImer.o
handlerT1                                         ./Primitivas/TImer.o
main                                              ./Aplicacion/TPOJustDance.o
                                                  /usr/local/mcuxpressoide-11.3.1_5262/ide/plugins/com.nxp.mcuxpresso.tools.linux_11.3.0.202011031536/tools/bin/../lib/gcc/arm-none-eabi/9.3.1/../../../../arm-none-eabi/lib/thumb/v6-m/nofp/libcr_c.a(__weak__main.o)
pDivRom_idiv                                      ./Aplicacion/cr_startup_lpc84x.o
pDivRom_uidiv                                     ./Aplicacion/cr_startup_lpc84x.o
timers                                            ./Drivers/Systick.o
                                                  ./Primitivas/TImer.o
