Archive member included to satisfy reference by file (symbol)

/usr/local/mcuxpressoide-11.3.1_5262/ide/plugins/com.nxp.mcuxpresso.tools.linux_11.3.0.202011031536/tools/bin/../lib/gcc/arm-none-eabi/9.3.1/../../../../arm-none-eabi/lib/thumb/v6-m/nofp/libcr_c.a(__weak__main.o)
                              ./App/cr_startup_lpc84x.o (__main)

Discarded input sections

 .group         0x0000000000000000        0xc ./Primitivas/Leds.o
 .group         0x0000000000000000        0xc ./Primitivas/Leds.o
 .group         0x0000000000000000        0xc ./Primitivas/Leds.o
 .text          0x0000000000000000        0x0 ./Primitivas/Leds.o
 .data          0x0000000000000000        0x0 ./Primitivas/Leds.o
 .bss           0x0000000000000000        0x0 ./Primitivas/Leds.o
 .text.SwapEstadoLed
                0x0000000000000000       0x32 ./Primitivas/Leds.o
 .group         0x0000000000000000        0xc ./Primitivas/PR_Uart.o
 .group         0x0000000000000000        0xc ./Primitivas/PR_Uart.o
 .group         0x0000000000000000        0xc ./Primitivas/PR_Uart.o
 .group         0x0000000000000000        0xc ./Primitivas/PR_Uart.o
 .group         0x0000000000000000        0xc ./Primitivas/PR_Uart.o
 .text          0x0000000000000000        0x0 ./Primitivas/PR_Uart.o
 .data          0x0000000000000000        0x0 ./Primitivas/PR_Uart.o
 .bss           0x0000000000000000        0x0 ./Primitivas/PR_Uart.o
 .text.RxSerie0
                0x0000000000000000       0x10 ./Primitivas/PR_Uart.o
 .text.TxSerie0
                0x0000000000000000       0x3c ./Primitivas/PR_Uart.o
 .text.Tx0Byte  0x0000000000000000       0x1e ./Primitivas/PR_Uart.o
 .debug_macro   0x0000000000000000      0xa96 ./Primitivas/PR_Uart.o
 .debug_macro   0x0000000000000000      0x352 ./Primitivas/PR_Uart.o
 .debug_macro   0x0000000000000000       0x34 ./Primitivas/PR_Uart.o
 .group         0x0000000000000000        0xc ./Primitivas/TImer.o
 .group         0x0000000000000000        0xc ./Primitivas/TImer.o
 .group         0x0000000000000000        0xc ./Primitivas/TImer.o
 .group         0x0000000000000000        0xc ./Primitivas/TImer.o
 .text          0x0000000000000000        0x0 ./Primitivas/TImer.o
 .data          0x0000000000000000        0x0 ./Primitivas/TImer.o
 .bss           0x0000000000000000        0x0 ./Primitivas/TImer.o
 .text.TimerStart
                0x0000000000000000       0x50 ./Primitivas/TImer.o
 .text.TimerStop
                0x0000000000000000       0x34 ./Primitivas/TImer.o
 .debug_macro   0x0000000000000000      0xa96 ./Primitivas/TImer.o
 .debug_macro   0x0000000000000000      0x352 ./Primitivas/TImer.o
 .group         0x0000000000000000        0xc ./Primitivas/Tecla.o
 .group         0x0000000000000000        0xc ./Primitivas/Tecla.o
 .group         0x0000000000000000        0xc ./Primitivas/Tecla.o
 .text          0x0000000000000000        0x0 ./Primitivas/Tecla.o
 .data          0x0000000000000000        0x0 ./Primitivas/Tecla.o
 .bss           0x0000000000000000        0x0 ./Primitivas/Tecla.o
 .text.getKey   0x0000000000000000       0x24 ./Primitivas/Tecla.o
 .debug_info    0x0000000000000000       0x9e ./Primitivas/Tecla.o
 .debug_abbrev  0x0000000000000000       0x7c ./Primitivas/Tecla.o
 .debug_aranges
                0x0000000000000000       0x20 ./Primitivas/Tecla.o
 .debug_ranges  0x0000000000000000       0x10 ./Primitivas/Tecla.o
 .debug_macro   0x0000000000000000       0x47 ./Primitivas/Tecla.o
 .debug_macro   0x0000000000000000      0xa96 ./Primitivas/Tecla.o
 .debug_macro   0x0000000000000000      0x352 ./Primitivas/Tecla.o
 .debug_macro   0x0000000000000000       0x16 ./Primitivas/Tecla.o
 .debug_line    0x0000000000000000       0x9d ./Primitivas/Tecla.o
 .debug_str     0x0000000000000000     0x3b6b ./Primitivas/Tecla.o
 .comment       0x0000000000000000       0x4d ./Primitivas/Tecla.o
 .debug_frame   0x0000000000000000       0x30 ./Primitivas/Tecla.o
 .ARM.attributes
                0x0000000000000000       0x2c ./Primitivas/Tecla.o
 .group         0x0000000000000000        0xc ./Drivers/DR_Init.o
 .group         0x0000000000000000        0xc ./Drivers/DR_Init.o
 .group         0x0000000000000000        0xc ./Drivers/DR_Init.o
 .group         0x0000000000000000        0xc ./Drivers/DR_Init.o
 .group         0x0000000000000000        0xc ./Drivers/DR_Init.o
 .group         0x0000000000000000        0xc ./Drivers/DR_Init.o
 .group         0x0000000000000000        0xc ./Drivers/DR_Init.o
 .text          0x0000000000000000        0x0 ./Drivers/DR_Init.o
 .data          0x0000000000000000        0x0 ./Drivers/DR_Init.o
 .bss           0x0000000000000000        0x0 ./Drivers/DR_Init.o
 .debug_macro   0x0000000000000000      0xa96 ./Drivers/DR_Init.o
 .debug_macro   0x0000000000000000      0x352 ./Drivers/DR_Init.o
 .debug_macro   0x0000000000000000       0x16 ./Drivers/DR_Init.o
 .debug_macro   0x0000000000000000       0x34 ./Drivers/DR_Init.o
 .debug_macro   0x0000000000000000       0x1c ./Drivers/DR_Init.o
 .group         0x0000000000000000        0xc ./Drivers/DR_UART.o
 .group         0x0000000000000000        0xc ./Drivers/DR_UART.o
 .group         0x0000000000000000        0xc ./Drivers/DR_UART.o
 .group         0x0000000000000000        0xc ./Drivers/DR_UART.o
 .text          0x0000000000000000        0x0 ./Drivers/DR_UART.o
 .data          0x0000000000000000        0x0 ./Drivers/DR_UART.o
 .bss           0x0000000000000000        0x0 ./Drivers/DR_UART.o
 .text.PushTx0  0x0000000000000000       0x50 ./Drivers/DR_UART.o
 .debug_macro   0x0000000000000000      0xa96 ./Drivers/DR_UART.o
 .debug_macro   0x0000000000000000      0x352 ./Drivers/DR_UART.o
 .debug_macro   0x0000000000000000       0x2e ./Drivers/DR_UART.o
 .debug_macro   0x0000000000000000       0x34 ./Drivers/DR_UART.o
 .group         0x0000000000000000        0xc ./Drivers/DR_teclado.o
 .group         0x0000000000000000        0xc ./Drivers/DR_teclado.o
 .group         0x0000000000000000        0xc ./Drivers/DR_teclado.o
 .text          0x0000000000000000        0x0 ./Drivers/DR_teclado.o
 .data          0x0000000000000000        0x0 ./Drivers/DR_teclado.o
 .bss           0x0000000000000000        0x0 ./Drivers/DR_teclado.o
 .debug_macro   0x0000000000000000      0xa96 ./Drivers/DR_teclado.o
 .debug_macro   0x0000000000000000      0x352 ./Drivers/DR_teclado.o
 .debug_macro   0x0000000000000000       0x16 ./Drivers/DR_teclado.o
 .group         0x0000000000000000        0xc ./Drivers/GPIO.o
 .group         0x0000000000000000        0xc ./Drivers/GPIO.o
 .text          0x0000000000000000        0x0 ./Drivers/GPIO.o
 .data          0x0000000000000000        0x0 ./Drivers/GPIO.o
 .bss           0x0000000000000000        0x0 ./Drivers/GPIO.o
 .debug_macro   0x0000000000000000      0xa96 ./Drivers/GPIO.o
 .debug_macro   0x0000000000000000      0x352 ./Drivers/GPIO.o
 .group         0x0000000000000000        0xc ./Drivers/Systick.o
 .group         0x0000000000000000        0xc ./Drivers/Systick.o
 .group         0x0000000000000000        0xc ./Drivers/Systick.o
 .text          0x0000000000000000        0x0 ./Drivers/Systick.o
 .data          0x0000000000000000        0x0 ./Drivers/Systick.o
 .bss           0x0000000000000000        0x0 ./Drivers/Systick.o
 .debug_macro   0x0000000000000000      0xa96 ./Drivers/Systick.o
 .debug_macro   0x0000000000000000      0x352 ./Drivers/Systick.o
 .debug_macro   0x0000000000000000       0x16 ./Drivers/Systick.o
 .text          0x0000000000000000        0x0 ./App/aeabi_romdiv_patch.o
 .data          0x0000000000000000        0x0 ./App/aeabi_romdiv_patch.o
 .bss           0x0000000000000000        0x0 ./App/aeabi_romdiv_patch.o
 .text.__aeabi_idiv
                0x0000000000000000       0x10 ./App/aeabi_romdiv_patch.o
 .text.__aeabi_uidiv
                0x0000000000000000       0x10 ./App/aeabi_romdiv_patch.o
 .debug_line    0x0000000000000000       0x65 ./App/aeabi_romdiv_patch.o
 .debug_info    0x0000000000000000       0x22 ./App/aeabi_romdiv_patch.o
 .debug_abbrev  0x0000000000000000       0x12 ./App/aeabi_romdiv_patch.o
 .debug_aranges
                0x0000000000000000       0x28 ./App/aeabi_romdiv_patch.o
 .debug_str     0x0000000000000000       0x54 ./App/aeabi_romdiv_patch.o
 .debug_ranges  0x0000000000000000       0x20 ./App/aeabi_romdiv_patch.o
 .ARM.attributes
                0x0000000000000000       0x1c ./App/aeabi_romdiv_patch.o
 .group         0x0000000000000000        0xc ./App/cr_startup_lpc84x.o
 .text          0x0000000000000000        0x0 ./App/cr_startup_lpc84x.o
 .data          0x0000000000000000        0x0 ./App/cr_startup_lpc84x.o
 .bss           0x0000000000000000        0x0 ./App/cr_startup_lpc84x.o
 .debug_macro   0x0000000000000000      0xa96 ./App/cr_startup_lpc84x.o
 .group         0x0000000000000000        0xc ./App/crp.o
 .group         0x0000000000000000        0xc ./App/crp.o
 .text          0x0000000000000000        0x0 ./App/crp.o
 .data          0x0000000000000000        0x0 ./App/crp.o
 .bss           0x0000000000000000        0x0 ./App/crp.o
 .debug_macro   0x0000000000000000      0xa96 ./App/crp.o
 .group         0x0000000000000000        0xc ./App/main.o
 .group         0x0000000000000000        0xc ./App/main.o
 .group         0x0000000000000000        0xc ./App/main.o
 .group         0x0000000000000000        0xc ./App/main.o
 .group         0x0000000000000000        0xc ./App/main.o
 .group         0x0000000000000000        0xc ./App/main.o
 .group         0x0000000000000000        0xc ./App/main.o
 .group         0x0000000000000000        0xc ./App/main.o
 .text          0x0000000000000000        0x0 ./App/main.o
 .data          0x0000000000000000        0x0 ./App/main.o
 .bss           0x0000000000000000        0x0 ./App/main.o
 .debug_macro   0x0000000000000000      0xa96 ./App/main.o
 .debug_macro   0x0000000000000000       0x10 ./App/main.o
 .debug_macro   0x0000000000000000      0x352 ./App/main.o
 .debug_macro   0x0000000000000000       0x16 ./App/main.o
 .debug_macro   0x0000000000000000       0x34 ./App/main.o
 .debug_macro   0x0000000000000000       0x34 ./App/main.o
 .debug_macro   0x0000000000000000       0x1c ./App/main.o
 .debug_macro   0x0000000000000000       0x1c ./App/main.o
 .group         0x0000000000000000        0xc ./App/mtb.o
 .group         0x0000000000000000        0xc ./App/mtb.o
 .group         0x0000000000000000        0xc ./App/mtb.o
 .text          0x0000000000000000        0x0 ./App/mtb.o
 .data          0x0000000000000000        0x0 ./App/mtb.o
 .bss           0x0000000000000000        0x0 ./App/mtb.o
 .debug_macro   0x0000000000000000      0xa96 ./App/mtb.o
 .text          0x0000000000000000        0x0 /usr/local/mcuxpressoide-11.3.1_5262/ide/plugins/com.nxp.mcuxpresso.tools.linux_11.3.0.202011031536/tools/bin/../lib/gcc/arm-none-eabi/9.3.1/../../../../arm-none-eabi/lib/thumb/v6-m/nofp/libcr_c.a(__weak__main.o)
 .data          0x0000000000000000        0x0 /usr/local/mcuxpressoide-11.3.1_5262/ide/plugins/com.nxp.mcuxpresso.tools.linux_11.3.0.202011031536/tools/bin/../lib/gcc/arm-none-eabi/9.3.1/../../../../arm-none-eabi/lib/thumb/v6-m/nofp/libcr_c.a(__weak__main.o)
 .bss           0x0000000000000000        0x0 /usr/local/mcuxpressoide-11.3.1_5262/ide/plugins/com.nxp.mcuxpresso.tools.linux_11.3.0.202011031536/tools/bin/../lib/gcc/arm-none-eabi/9.3.1/../../../../arm-none-eabi/lib/thumb/v6-m/nofp/libcr_c.a(__weak__main.o)

Memory Configuration

Name             Origin             Length             Attributes
MFlash64         0x0000000000000000 0x0000000000010000 xr
RamLoc16         0x0000000010000000 0x0000000000004000 xrw
*default*        0x0000000000000000 0xffffffffffffffff

Linker script and memory map

LOAD ./Primitivas/Leds.o
LOAD ./Primitivas/PR_Uart.o
LOAD ./Primitivas/TImer.o
LOAD ./Primitivas/Tecla.o
LOAD ./Drivers/DR_Init.o
LOAD ./Drivers/DR_UART.o
LOAD ./Drivers/DR_teclado.o
LOAD ./Drivers/GPIO.o
LOAD ./Drivers/Systick.o
LOAD ./App/aeabi_romdiv_patch.o
LOAD ./App/cr_startup_lpc84x.o
LOAD ./App/crp.o
LOAD ./App/main.o
LOAD ./App/mtb.o
START GROUP
LOAD /usr/local/mcuxpressoide-11.3.1_5262/ide/plugins/com.nxp.mcuxpresso.tools.linux_11.3.0.202011031536/tools/bin/../lib/gcc/arm-none-eabi/9.3.1/../../../../arm-none-eabi/lib/thumb/v6-m/nofp/libcr_c.a
LOAD /usr/local/mcuxpressoide-11.3.1_5262/ide/plugins/com.nxp.mcuxpresso.tools.linux_11.3.0.202011031536/tools/bin/../lib/gcc/arm-none-eabi/9.3.1/thumb/v6-m/nofp/libcr_eabihelpers.a
LOAD /usr/local/mcuxpressoide-11.3.1_5262/ide/plugins/com.nxp.mcuxpresso.tools.linux_11.3.0.202011031536/tools/bin/../lib/gcc/arm-none-eabi/9.3.1/thumb/v6-m/nofp/libgcc.a
END GROUP
                0x0000000000000000                __base_MFlash64 = 0x0
                0x0000000000000000                __base_Flash = 0x0
                0x0000000000010000                __top_MFlash64 = 0x10000
                0x0000000000010000                __top_Flash = 0x10000
                0x0000000010000000                __base_RamLoc16 = 0x10000000
                0x0000000010000000                __base_RAM = 0x10000000
                0x0000000010004000                __top_RamLoc16 = 0x10004000
                0x0000000010004000                __top_RAM = 0x10004000

.text           0x0000000000000000      0xabc
 FILL mask 0xff
                0x0000000000000000                __vectors_start__ = ABSOLUTE (.)
 *(.isr_vector)
 .isr_vector    0x0000000000000000       0xc0 ./App/cr_startup_lpc84x.o
                0x0000000000000000                g_pfnVectors
                0x00000000000000c0                . = ALIGN (0x4)
                0x00000000000000c0                __section_table_start = .
                0x00000000000000c0                __data_section_table = .
                0x00000000000000c0        0x4 LONG 0xabc LOADADDR (.data)
                0x00000000000000c4        0x4 LONG 0x10000100 ADDR (.data)
                0x00000000000000c8        0x4 LONG 0x8 SIZEOF (.data)
                0x00000000000000cc                __data_section_table_end = .
                0x00000000000000cc                __bss_section_table = .
                0x00000000000000cc        0x4 LONG 0x10000108 ADDR (.bss)
                0x00000000000000d0        0x4 LONG 0x130 SIZEOF (.bss)
                0x00000000000000d4                __bss_section_table_end = .
                0x00000000000000d4                __section_table_end = .
 *(.after_vectors*)
 .after_vectors
                0x00000000000000d4      0x144 ./App/cr_startup_lpc84x.o
                0x00000000000000d4                data_init
                0x0000000000000116                bss_init
                0x000000000000014c                ResetISR
                0x00000000000001f4                NMI_Handler
                0x00000000000001fa                HardFault_Handler
                0x0000000000000200                SVC_Handler
                0x0000000000000206                PendSV_Handler
                0x0000000000000212                CMP_IRQHandler
                0x0000000000000212                PININT7_IRQHandler
                0x0000000000000212                I2C0_IRQHandler
                0x0000000000000212                WKT_IRQHandler
                0x0000000000000212                PININT2_IRQHandler
                0x0000000000000212                PININT1_IRQHandler
                0x0000000000000212                MRT_IRQHandler
                0x0000000000000212                I2C1_IRQHandler
                0x0000000000000212                UART1_IRQHandler
                0x0000000000000212                ADC_SEQB_IRQHandler
                0x0000000000000212                SPI1_IRQHandler
                0x0000000000000212                IntDefaultHandler
                0x0000000000000212                ADC_OVR_IRQHandler
                0x0000000000000212                I2C2_IRQHandler
                0x0000000000000212                PININT3_IRQHandler
                0x0000000000000212                UART2_IRQHandler
                0x0000000000000212                PININT5_IRQHandler
                0x0000000000000212                PININT4_IRQHandler
                0x0000000000000212                ADC_THCMP_IRQHandler
                0x0000000000000212                PININT0_IRQHandler
                0x0000000000000212                BOD_IRQHandler
                0x0000000000000212                I2C3_IRQHandler
                0x0000000000000212                SCT_IRQHandler
                0x0000000000000212                WDT_IRQHandler
                0x0000000000000212                ADC_SEQA_IRQHandler
                0x0000000000000212                FAIM_IRQHandler
                0x0000000000000212                DAC0_IRQHandler
                0x0000000000000212                PININT6_IRQHandler
                0x0000000000000212                SPI0_IRQHandler
                0x0000000000000212                DMA_IRQHandler
                0x0000000000000212                FLASH_IRQHandler
                0x0000000000000212                CTIMER0_IRQHandler
                0x00000000000002fc                . = 0x2fc
 *fill*         0x0000000000000218       0xe4 ff
                0x00000000000002fc                PROVIDE (__CRP_WORD_START__ = .)
 *(.crp)
 .crp           0x00000000000002fc        0x4 ./App/crp.o
                0x00000000000002fc                CRP_WORD
                0x0000000000000300                PROVIDE (__CRP_WORD_END__ = .)
                0x0000000000000001                ASSERT (! ((__CRP_WORD_START__ == __CRP_WORD_END__)), Linker CRP Enabled, but no CRP_WORD provided within application)
 *(.text*)
 .text.LED_OFF  0x0000000000000300       0x1c ./Primitivas/Leds.o
                0x0000000000000300                LED_OFF
 .text.LED_ON   0x000000000000031c       0x1c ./Primitivas/Leds.o
                0x000000000000031c                LED_ON
 .text.LecturaSerie
                0x0000000000000338       0xac ./Primitivas/PR_Uart.o
                0x0000000000000338                LecturaSerie
 .text.TimerEvent
                0x00000000000003e4       0x5c ./Primitivas/TImer.o
                0x00000000000003e4                TimerEvent
 .text.InitHw   0x0000000000000440       0x1a ./Drivers/DR_Init.o
                0x0000000000000440                InitHw
 *fill*         0x000000000000045a        0x2 ff
 .text.InitGPIO
                0x000000000000045c       0x78 ./Drivers/DR_Init.o
                0x000000000000045c                InitGPIO
 .text.InitPLL  0x00000000000004d4       0x88 ./Drivers/DR_Init.o
                0x00000000000004d4                InitPLL
 .text.InitUART0
                0x000000000000055c       0xac ./Drivers/DR_UART.o
                0x000000000000055c                InitUART0
 .text.UART0_IRQHandler
                0x0000000000000608       0x50 ./Drivers/DR_UART.o
                0x0000000000000608                UART0_IRQHandler
 .text.PopTx0   0x0000000000000658       0x58 ./Drivers/DR_UART.o
                0x0000000000000658                PopTx0
 .text.PushRx0  0x00000000000006b0       0x40 ./Drivers/DR_UART.o
                0x00000000000006b0                PushRx0
 .text.PopRx0   0x00000000000006f0       0x58 ./Drivers/DR_UART.o
                0x00000000000006f0                PopRx0
 .text.DriverTecladoSW
                0x0000000000000748       0x68 ./Drivers/DR_teclado.o
                0x0000000000000748                DriverTecladoSW
 .text.SetDIR   0x00000000000007b0       0x7e ./Drivers/GPIO.o
                0x00000000000007b0                SetDIR
 .text.SetPIN   0x000000000000082e       0x7e ./Drivers/GPIO.o
                0x000000000000082e                SetPIN
 .text.GetPIN   0x00000000000008ac       0x3a ./Drivers/GPIO.o
                0x00000000000008ac                GetPIN
 *fill*         0x00000000000008e6        0x2 ff
 .text.SetPINMODE_IN
                0x00000000000008e8       0x34 ./Drivers/GPIO.o
                0x00000000000008e8                SetPINMODE_IN
 .text.SetPINMODE_OUT
                0x000000000000091c       0x4c ./Drivers/GPIO.o
                0x000000000000091c                SetPINMODE_OUT
 .text.SysTick_Handler
                0x0000000000000968       0x12 ./Drivers/Systick.o
                0x0000000000000968                SysTick_Handler
 *fill*         0x000000000000097a        0x2 ff
 .text.AnalizarTimers
                0x000000000000097c       0x7c ./Drivers/Systick.o
                0x000000000000097c                AnalizarTimers
 .text.InitSystick
                0x00000000000009f8       0x28 ./Drivers/Systick.o
                0x00000000000009f8                InitSystick
 .text.main     0x0000000000000a20       0x92 ./App/main.o
                0x0000000000000a20                main
 .text.__weak_main
                0x0000000000000ab2        0x8 /usr/local/mcuxpressoide-11.3.1_5262/ide/plugins/com.nxp.mcuxpresso.tools.linux_11.3.0.202011031536/tools/bin/../lib/gcc/arm-none-eabi/9.3.1/../../../../arm-none-eabi/lib/thumb/v6-m/nofp/libcr_c.a(__weak__main.o)
                0x0000000000000ab2                __main
                0x0000000000000ab2                __weak_main
 *(.rodata .rodata.* .constdata .constdata.*)
                0x0000000000000abc                . = ALIGN (0x4)
 *fill*         0x0000000000000aba        0x2 ff

.glue_7         0x0000000000000abc        0x0
 .glue_7        0x0000000000000abc        0x0 linker stubs

.glue_7t        0x0000000000000abc        0x0
 .glue_7t       0x0000000000000abc        0x0 linker stubs

.vfp11_veneer   0x0000000000000abc        0x0
 .vfp11_veneer  0x0000000000000abc        0x0 linker stubs

.v4_bx          0x0000000000000abc        0x0
 .v4_bx         0x0000000000000abc        0x0 linker stubs

.iplt           0x0000000000000abc        0x0
 .iplt          0x0000000000000abc        0x0 ./Primitivas/Leds.o

.rel.dyn        0x0000000000000abc        0x0
 .rel.iplt      0x0000000000000abc        0x0 ./Primitivas/Leds.o

.ARM.extab
 *(.ARM.extab* .gnu.linkonce.armextab.*)

.ARM.exidx      0x0000000000000abc        0x0
                0x0000000000000abc                __exidx_start = .
 *(.ARM.exidx* .gnu.linkonce.armexidx.*)
                0x0000000000000abc                __exidx_end = .
                0x0000000000000abc                _etext = .

.mtb_buffer_default
                0x0000000010000000      0x100
 *(.mtb*)
 .mtb.$RAM1     0x0000000010000000      0x100 ./App/mtb.o
                0x0000000010000000                __mtb_buffer__

.uninit_RESERVED
                0x0000000010000100        0x0
                0x0000000010000100                _start_uninit_RESERVED = .
 *(.bss.$RESERVED*)
                0x0000000010000100                . = ALIGN (0x4)
                0x0000000010000100                _end_uninit_RESERVED = .

.data           0x0000000010000100        0x8 load address 0x0000000000000abc
 FILL mask 0xff
                0x0000000010000100                _data = .
                [!provide]                        PROVIDE (__start_data_RAM = .)
                [!provide]                        PROVIDE (__start_data_RamLoc16 = .)
 *(vtable)
 *(.ramfunc*)
 *(CodeQuickAccess)
 *(DataQuickAccess)
 *(RamFunction)
 *(.data*)
 .data.fro_set_frec
                0x0000000010000100        0x4 ./Drivers/DR_Init.o
                0x0000000010000100                fro_set_frec
 .data.Tecla    0x0000000010000104        0x1 ./Drivers/DR_teclado.o
                0x0000000010000104                Tecla
                0x0000000010000108                . = ALIGN (0x4)
 *fill*         0x0000000010000105        0x3 ff
                0x0000000010000108                _edata = .
                [!provide]                        PROVIDE (__end_data_RAM = .)
                [!provide]                        PROVIDE (__end_data_RamLoc16 = .)

.igot.plt       0x0000000010000108        0x0 load address 0x0000000000000ac4
 .igot.plt      0x0000000010000108        0x0 ./Primitivas/Leds.o

.bss            0x0000000010000108      0x130
                0x0000000010000108                _bss = .
                [!provide]                        PROVIDE (__start_bss_RAM = .)
                [!provide]                        PROVIDE (__start_bss_RamLoc16 = .)
 *(.bss*)
 .bss.estado.3850
                0x0000000010000108        0x1 ./Primitivas/PR_Uart.o
 *fill*         0x0000000010000109        0x1 
 .bss.dato.3851
                0x000000001000010a        0x2 ./Primitivas/PR_Uart.o
 .bss.HandlersTimer
                0x000000001000010c       0x40 ./Primitivas/TImer.o
                0x000000001000010c                HandlersTimer
 .bss.in_tx     0x000000001000014c        0x4 ./Drivers/DR_UART.o
                0x000000001000014c                in_tx
 .bss.out_tx    0x0000000010000150        0x4 ./Drivers/DR_UART.o
                0x0000000010000150                out_tx
 .bss.in_rx     0x0000000010000154        0x4 ./Drivers/DR_UART.o
                0x0000000010000154                in_rx
 .bss.out_rx    0x0000000010000158        0x4 ./Drivers/DR_UART.o
                0x0000000010000158                out_rx
 .bss.buf_tx    0x000000001000015c       0x40 ./Drivers/DR_UART.o
                0x000000001000015c                buf_tx
 .bss.buf_rx    0x000000001000019c       0x40 ./Drivers/DR_UART.o
                0x000000001000019c                buf_rx
 .bss.cont.3814
                0x00000000100001dc        0x1 ./Drivers/DR_teclado.o
 *fill*         0x00000000100001dd        0x3 
 .bss.flagsT    0x00000000100001e0       0x10 ./Drivers/Systick.o
                0x00000000100001e0                flagsT
 .bss.timers    0x00000000100001f0       0x40 ./Drivers/Systick.o
                0x00000000100001f0                timers
 .bss.pDivRom_idiv
                0x0000000010000230        0x4 ./App/cr_startup_lpc84x.o
                0x0000000010000230                pDivRom_idiv
 .bss.pDivRom_uidiv
                0x0000000010000234        0x4 ./App/cr_startup_lpc84x.o
                0x0000000010000234                pDivRom_uidiv
 *(COMMON)
                0x0000000010000238                . = ALIGN (0x4)
                0x0000000010000238                _ebss = .
                [!provide]                        PROVIDE (__end_bss_RAM = .)
                [!provide]                        PROVIDE (__end_bss_RamLoc16 = .)
                [!provide]                        PROVIDE (end = .)

.noinit         0x0000000010000238        0x0
                0x0000000010000238                _noinit = .
                [!provide]                        PROVIDE (__start_noinit_RAM = .)
                [!provide]                        PROVIDE (__start_noinit_RamLoc16 = .)
 *(.noinit*)
                0x0000000010000238                . = ALIGN (0x4)
                0x0000000010000238                _end_noinit = .
                [!provide]                        PROVIDE (__end_noinit_RAM = .)
                [!provide]                        PROVIDE (__end_noinit_RamLoc16 = .)
                [!provide]                        PROVIDE (_pvHeapStart = DEFINED (__user_heap_base)?__user_heap_base:.)
                0x0000000010004000                PROVIDE (_vStackTop = DEFINED (__user_stack_top)?__user_stack_top:(__top_RamLoc16 - 0x0))
                0xffffffffefffbac3                PROVIDE (__valid_user_code_checksum = (0x0 - (((_vStackTop + (ResetISR + 0x1)) + (DEFINED (NMI_Handler)?NMI_Handler:M0_NMI_Handler + 0x1)) + (DEFINED (HardFault_Handler)?HardFault_Handler:M0_HardFault_Handler + 0x1))))
                0x0000000000000000                _image_start = LOADADDR (.text)
                0x0000000000000ac4                _image_end = (LOADADDR (.data) + SIZEOF (.data))
                0x0000000000000ac4                _image_size = (_image_end - _image_start)
OUTPUT(Ej4.axf elf32-littlearm)
LOAD linker stubs

.debug_info     0x0000000000000000     0x1b64
 .debug_info    0x0000000000000000       0xce ./Primitivas/Leds.o
 .debug_info    0x00000000000000ce      0x1a2 ./Primitivas/PR_Uart.o
 .debug_info    0x0000000000000270      0x172 ./Primitivas/TImer.o
 .debug_info    0x00000000000003e2      0x5ee ./Drivers/DR_Init.o
 .debug_info    0x00000000000009d0      0x774 ./Drivers/DR_UART.o
 .debug_info    0x0000000000001144       0xae ./Drivers/DR_teclado.o
 .debug_info    0x00000000000011f2      0x3b4 ./Drivers/GPIO.o
 .debug_info    0x00000000000015a6      0x19b ./Drivers/Systick.o
 .debug_info    0x0000000000001741      0x255 ./App/cr_startup_lpc84x.o
 .debug_info    0x0000000000001996       0x40 ./App/crp.o
 .debug_info    0x00000000000019d6      0x13a ./App/main.o
 .debug_info    0x0000000000001b10       0x54 ./App/mtb.o

.debug_abbrev   0x0000000000000000      0xa67
 .debug_abbrev  0x0000000000000000       0x83 ./Primitivas/Leds.o
 .debug_abbrev  0x0000000000000083       0xf3 ./Primitivas/PR_Uart.o
 .debug_abbrev  0x0000000000000176       0xf8 ./Primitivas/TImer.o
 .debug_abbrev  0x000000000000026e      0x10f ./Drivers/DR_Init.o
 .debug_abbrev  0x000000000000037d      0x1bb ./Drivers/DR_UART.o
 .debug_abbrev  0x0000000000000538       0x9a ./Drivers/DR_teclado.o
 .debug_abbrev  0x00000000000005d2      0x147 ./Drivers/GPIO.o
 .debug_abbrev  0x0000000000000719      0x118 ./Drivers/Systick.o
 .debug_abbrev  0x0000000000000831      0x12a ./App/cr_startup_lpc84x.o
 .debug_abbrev  0x000000000000095b       0x38 ./App/crp.o
 .debug_abbrev  0x0000000000000993       0x8e ./App/main.o
 .debug_abbrev  0x0000000000000a21       0x46 ./App/mtb.o

.debug_aranges  0x0000000000000000      0x250
 .debug_aranges
                0x0000000000000000       0x30 ./Primitivas/Leds.o
 .debug_aranges
                0x0000000000000030       0x38 ./Primitivas/PR_Uart.o
 .debug_aranges
                0x0000000000000068       0x30 ./Primitivas/TImer.o
 .debug_aranges
                0x0000000000000098       0x30 ./Drivers/DR_Init.o
 .debug_aranges
                0x00000000000000c8       0x48 ./Drivers/DR_UART.o
 .debug_aranges
                0x0000000000000110       0x20 ./Drivers/DR_teclado.o
 .debug_aranges
                0x0000000000000130       0x40 ./Drivers/GPIO.o
 .debug_aranges
                0x0000000000000170       0x30 ./Drivers/Systick.o
 .debug_aranges
                0x00000000000001a0       0x60 ./App/cr_startup_lpc84x.o
 .debug_aranges
                0x0000000000000200       0x18 ./App/crp.o
 .debug_aranges
                0x0000000000000218       0x20 ./App/main.o
 .debug_aranges
                0x0000000000000238       0x18 ./App/mtb.o

.debug_ranges   0x0000000000000000      0x180
 .debug_ranges  0x0000000000000000       0x20 ./Primitivas/Leds.o
 .debug_ranges  0x0000000000000020       0x28 ./Primitivas/PR_Uart.o
 .debug_ranges  0x0000000000000048       0x20 ./Primitivas/TImer.o
 .debug_ranges  0x0000000000000068       0x20 ./Drivers/DR_Init.o
 .debug_ranges  0x0000000000000088       0x38 ./Drivers/DR_UART.o
 .debug_ranges  0x00000000000000c0       0x10 ./Drivers/DR_teclado.o
 .debug_ranges  0x00000000000000d0       0x30 ./Drivers/GPIO.o
 .debug_ranges  0x0000000000000100       0x20 ./Drivers/Systick.o
 .debug_ranges  0x0000000000000120       0x50 ./App/cr_startup_lpc84x.o
 .debug_ranges  0x0000000000000170       0x10 ./App/main.o

.debug_macro    0x0000000000000000     0x1333
 .debug_macro   0x0000000000000000       0x37 ./Primitivas/Leds.o
 .debug_macro   0x0000000000000037      0xa96 ./Primitivas/Leds.o
 .debug_macro   0x0000000000000acd      0x352 ./Primitivas/Leds.o
 .debug_macro   0x0000000000000e1f       0x34 ./Primitivas/Leds.o
 .debug_macro   0x0000000000000e53       0x55 ./Primitivas/PR_Uart.o
 .debug_macro   0x0000000000000ea8       0x2e ./Primitivas/PR_Uart.o
 .debug_macro   0x0000000000000ed6       0x1c ./Primitivas/PR_Uart.o
 .debug_macro   0x0000000000000ef2       0x56 ./Primitivas/TImer.o
 .debug_macro   0x0000000000000f48       0x16 ./Primitivas/TImer.o
 .debug_macro   0x0000000000000f5e       0x1c ./Primitivas/TImer.o
 .debug_macro   0x0000000000000f7a       0x93 ./Drivers/DR_Init.o
 .debug_macro   0x000000000000100d       0x10 ./Drivers/DR_Init.o
 .debug_macro   0x000000000000101d       0x34 ./Drivers/DR_Init.o
 .debug_macro   0x0000000000001051       0x4a ./Drivers/DR_UART.o
 .debug_macro   0x000000000000109b       0x4b ./Drivers/DR_teclado.o
 .debug_macro   0x00000000000010e6       0x24 ./Drivers/GPIO.o
 .debug_macro   0x000000000000110a       0x43 ./Drivers/Systick.o
 .debug_macro   0x000000000000114d       0x23 ./App/cr_startup_lpc84x.o
 .debug_macro   0x0000000000001170       0x1a ./App/crp.o
 .debug_macro   0x000000000000118a       0x34 ./App/crp.o
 .debug_macro   0x00000000000011be       0xba ./App/main.o
 .debug_macro   0x0000000000001278       0x29 ./App/mtb.o
 .debug_macro   0x00000000000012a1       0x82 ./App/mtb.o
 .debug_macro   0x0000000000001323       0x10 ./App/mtb.o

.debug_line     0x0000000000000000      0xe35
 .debug_line    0x0000000000000000       0xbf ./Primitivas/Leds.o
 .debug_line    0x00000000000000bf      0x161 ./Primitivas/PR_Uart.o
 .debug_line    0x0000000000000220      0x113 ./Primitivas/TImer.o
 .debug_line    0x0000000000000333      0x180 ./Drivers/DR_Init.o
 .debug_line    0x00000000000004b3      0x1c4 ./Drivers/DR_UART.o
 .debug_line    0x0000000000000677      0x105 ./Drivers/DR_teclado.o
 .debug_line    0x000000000000077c      0x119 ./Drivers/GPIO.o
 .debug_line    0x0000000000000895       0xf5 ./Drivers/Systick.o
 .debug_line    0x000000000000098a      0x14d ./App/cr_startup_lpc84x.o
 .debug_line    0x0000000000000ad7       0xb5 ./App/crp.o
 .debug_line    0x0000000000000b8c      0x1d7 ./App/main.o
 .debug_line    0x0000000000000d63       0xd2 ./App/mtb.o

.debug_str      0x0000000000000000     0x4a7b
 .debug_str     0x0000000000000000     0x3b3d ./Primitivas/Leds.o
                                       0x3b81 (size before relaxing)
 .debug_str     0x0000000000003b3d      0x140 ./Primitivas/PR_Uart.o
                                       0x3c89 (size before relaxing)
 .debug_str     0x0000000000003c7d       0xe9 ./Primitivas/TImer.o
                                       0x3be5 (size before relaxing)
 .debug_str     0x0000000000003d66      0x376 ./Drivers/DR_Init.o
                                       0x3fee (size before relaxing)
 .debug_str     0x00000000000040dc       0x8f ./Drivers/DR_UART.o
                                       0x3f84 (size before relaxing)
 .debug_str     0x000000000000416b       0x2d ./Drivers/DR_teclado.o
                                       0x3b72 (size before relaxing)
 .debug_str     0x0000000000004198       0x9f ./Drivers/GPIO.o
                                       0x3c15 (size before relaxing)
 .debug_str     0x0000000000004237       0x5d ./Drivers/Systick.o
                                       0x3bb9 (size before relaxing)
 .debug_str     0x0000000000004294      0x1d2 ./App/cr_startup_lpc84x.o
                                       0x2f05 (size before relaxing)
 .debug_str     0x0000000000004466       0xe9 ./App/crp.o
                                       0x2e06 (size before relaxing)
 .debug_str     0x000000000000454f       0x13 ./App/main.o
                                       0x3d1b (size before relaxing)
 .debug_str     0x0000000000004562      0x519 ./App/mtb.o
                                       0x323b (size before relaxing)

.comment        0x0000000000000000       0x4c
 .comment       0x0000000000000000       0x4c ./Primitivas/Leds.o
                                         0x4d (size before relaxing)
 .comment       0x000000000000004c       0x4d ./Primitivas/PR_Uart.o
 .comment       0x000000000000004c       0x4d ./Primitivas/TImer.o
 .comment       0x000000000000004c       0x4d ./Drivers/DR_Init.o
 .comment       0x000000000000004c       0x4d ./Drivers/DR_UART.o
 .comment       0x000000000000004c       0x4d ./Drivers/DR_teclado.o
 .comment       0x000000000000004c       0x4d ./Drivers/GPIO.o
 .comment       0x000000000000004c       0x4d ./Drivers/Systick.o
 .comment       0x000000000000004c       0x4d ./App/cr_startup_lpc84x.o
 .comment       0x000000000000004c       0x4d ./App/crp.o
 .comment       0x000000000000004c       0x4d ./App/main.o
 .comment       0x000000000000004c       0x4d ./App/mtb.o
 .comment       0x000000000000004c       0x4d /usr/local/mcuxpressoide-11.3.1_5262/ide/plugins/com.nxp.mcuxpresso.tools.linux_11.3.0.202011031536/tools/bin/../lib/gcc/arm-none-eabi/9.3.1/../../../../arm-none-eabi/lib/thumb/v6-m/nofp/libcr_c.a(__weak__main.o)

.ARM.attributes
                0x0000000000000000       0x2a
 .ARM.attributes
                0x0000000000000000       0x2c ./Primitivas/Leds.o
 .ARM.attributes
                0x000000000000002c       0x2c ./Primitivas/PR_Uart.o
 .ARM.attributes
                0x0000000000000058       0x2c ./Primitivas/TImer.o
 .ARM.attributes
                0x0000000000000084       0x2c ./Drivers/DR_Init.o
 .ARM.attributes
                0x00000000000000b0       0x2c ./Drivers/DR_UART.o
 .ARM.attributes
                0x00000000000000dc       0x2c ./Drivers/DR_teclado.o
 .ARM.attributes
                0x0000000000000108       0x2c ./Drivers/GPIO.o
 .ARM.attributes
                0x0000000000000134       0x2c ./Drivers/Systick.o
 .ARM.attributes
                0x0000000000000160       0x2c ./App/cr_startup_lpc84x.o
 .ARM.attributes
                0x000000000000018c       0x31 ./App/crp.o
 .ARM.attributes
                0x00000000000001bd       0x2c ./App/main.o
 .ARM.attributes
                0x00000000000001e9       0x31 ./App/mtb.o
 .ARM.attributes
                0x000000000000021a       0x2c /usr/local/mcuxpressoide-11.3.1_5262/ide/plugins/com.nxp.mcuxpresso.tools.linux_11.3.0.202011031536/tools/bin/../lib/gcc/arm-none-eabi/9.3.1/../../../../arm-none-eabi/lib/thumb/v6-m/nofp/libcr_c.a(__weak__main.o)

.debug_frame    0x0000000000000000      0x52c
 .debug_frame   0x0000000000000000       0x70 ./Primitivas/Leds.o
 .debug_frame   0x0000000000000070       0x8c ./Primitivas/PR_Uart.o
 .debug_frame   0x00000000000000fc       0x70 ./Primitivas/TImer.o
 .debug_frame   0x000000000000016c       0x64 ./Drivers/DR_Init.o
 .debug_frame   0x00000000000001d0       0xcc ./Drivers/DR_UART.o
 .debug_frame   0x000000000000029c       0x30 ./Drivers/DR_teclado.o
 .debug_frame   0x00000000000002cc       0xb0 ./Drivers/GPIO.o
 .debug_frame   0x000000000000037c       0x68 ./Drivers/Systick.o
 .debug_frame   0x00000000000003e4      0x118 ./App/cr_startup_lpc84x.o
 .debug_frame   0x00000000000004fc       0x30 ./App/main.o

Cross Reference Table

Symbol                                            File
ADC_OVR_IRQHandler                                ./App/cr_startup_lpc84x.o
ADC_SEQA_IRQHandler                               ./App/cr_startup_lpc84x.o
ADC_SEQB_IRQHandler                               ./App/cr_startup_lpc84x.o
ADC_THCMP_IRQHandler                              ./App/cr_startup_lpc84x.o
AnalizarTimers                                    ./Drivers/Systick.o
BOD_IRQHandler                                    ./App/cr_startup_lpc84x.o
CMP_IRQHandler                                    ./App/cr_startup_lpc84x.o
CRP_WORD                                          ./App/crp.o
CTIMER0_IRQHandler                                ./App/cr_startup_lpc84x.o
DAC0_IRQHandler                                   ./App/cr_startup_lpc84x.o
DMA_IRQHandler                                    ./App/cr_startup_lpc84x.o
DriverTecladoSW                                   ./Drivers/DR_teclado.o
                                                  ./Drivers/Systick.o
FAIM_IRQHandler                                   ./App/cr_startup_lpc84x.o
FLASH_IRQHandler                                  ./App/cr_startup_lpc84x.o
GetPIN                                            ./Drivers/GPIO.o
                                                  ./Drivers/DR_teclado.o
                                                  ./Primitivas/Leds.o
HandlersTimer                                     ./Primitivas/TImer.o
HardFault_Handler                                 ./App/cr_startup_lpc84x.o
I2C0_IRQHandler                                   ./App/cr_startup_lpc84x.o
I2C1_IRQHandler                                   ./App/cr_startup_lpc84x.o
I2C2_IRQHandler                                   ./App/cr_startup_lpc84x.o
I2C3_IRQHandler                                   ./App/cr_startup_lpc84x.o
InitGPIO                                          ./Drivers/DR_Init.o
InitHw                                            ./Drivers/DR_Init.o
                                                  ./App/main.o
InitPLL                                           ./Drivers/DR_Init.o
InitSystick                                       ./Drivers/Systick.o
                                                  ./Drivers/DR_Init.o
InitUART0                                         ./Drivers/DR_UART.o
                                                  ./Drivers/DR_Init.o
IntDefaultHandler                                 ./App/cr_startup_lpc84x.o
LED_OFF                                           ./Primitivas/Leds.o
                                                  ./App/main.o
LED_ON                                            ./Primitivas/Leds.o
                                                  ./App/main.o
LecturaSerie                                      ./Primitivas/PR_Uart.o
                                                  ./App/main.o
MRT_IRQHandler                                    ./App/cr_startup_lpc84x.o
NMI_Handler                                       ./App/cr_startup_lpc84x.o
PININT0_IRQHandler                                ./App/cr_startup_lpc84x.o
PININT1_IRQHandler                                ./App/cr_startup_lpc84x.o
PININT2_IRQHandler                                ./App/cr_startup_lpc84x.o
PININT3_IRQHandler                                ./App/cr_startup_lpc84x.o
PININT4_IRQHandler                                ./App/cr_startup_lpc84x.o
PININT5_IRQHandler                                ./App/cr_startup_lpc84x.o
PININT6_IRQHandler                                ./App/cr_startup_lpc84x.o
PININT7_IRQHandler                                ./App/cr_startup_lpc84x.o
PendSV_Handler                                    ./App/cr_startup_lpc84x.o
PopRx0                                            ./Drivers/DR_UART.o
                                                  ./Primitivas/PR_Uart.o
PopTx0                                            ./Drivers/DR_UART.o
PushRx0                                           ./Drivers/DR_UART.o
PushTx0                                           ./Drivers/DR_UART.o
                                                  ./Primitivas/PR_Uart.o
ResetISR                                          ./App/cr_startup_lpc84x.o
RxSerie0                                          ./Primitivas/PR_Uart.o
SCT_IRQHandler                                    ./App/cr_startup_lpc84x.o
SPI0_IRQHandler                                   ./App/cr_startup_lpc84x.o
SPI1_IRQHandler                                   ./App/cr_startup_lpc84x.o
SVC_Handler                                       ./App/cr_startup_lpc84x.o
SetDIR                                            ./Drivers/GPIO.o
                                                  ./Drivers/DR_Init.o
SetPIN                                            ./Drivers/GPIO.o
                                                  ./Primitivas/Leds.o
SetPINMODE_IN                                     ./Drivers/GPIO.o
                                                  ./Drivers/DR_Init.o
SetPINMODE_OUT                                    ./Drivers/GPIO.o
                                                  ./Drivers/DR_Init.o
SwapEstadoLed                                     ./Primitivas/Leds.o
SysTick_Handler                                   ./Drivers/Systick.o
Tecla                                             ./Drivers/DR_teclado.o
                                                  ./Primitivas/Tecla.o
TimerEvent                                        ./Primitivas/TImer.o
                                                  ./App/main.o
TimerStart                                        ./Primitivas/TImer.o
TimerStop                                         ./Primitivas/TImer.o
Tx0Byte                                           ./Primitivas/PR_Uart.o
TxSerie0                                          ./Primitivas/PR_Uart.o
UART0_IRQHandler                                  ./Drivers/DR_UART.o
UART1_IRQHandler                                  ./App/cr_startup_lpc84x.o
UART2_IRQHandler                                  ./App/cr_startup_lpc84x.o
WDT_IRQHandler                                    ./App/cr_startup_lpc84x.o
WKT_IRQHandler                                    ./App/cr_startup_lpc84x.o
__aeabi_idiv                                      ./App/aeabi_romdiv_patch.o
__aeabi_idivmod                                   ./App/aeabi_romdiv_patch.o
__aeabi_uidiv                                     ./App/aeabi_romdiv_patch.o
__aeabi_uidivmod                                  ./App/aeabi_romdiv_patch.o
__bss_section_table_end                           ./App/cr_startup_lpc84x.o
__data_section_table                              ./App/cr_startup_lpc84x.o
__data_section_table_end                          ./App/cr_startup_lpc84x.o
__main                                            /usr/local/mcuxpressoide-11.3.1_5262/ide/plugins/com.nxp.mcuxpresso.tools.linux_11.3.0.202011031536/tools/bin/../lib/gcc/arm-none-eabi/9.3.1/../../../../arm-none-eabi/lib/thumb/v6-m/nofp/libcr_c.a(__weak__main.o)
                                                  ./App/cr_startup_lpc84x.o
__mtb_buffer__                                    ./App/mtb.o
__valid_user_code_checksum                        ./App/cr_startup_lpc84x.o
__weak_main                                       /usr/local/mcuxpressoide-11.3.1_5262/ide/plugins/com.nxp.mcuxpresso.tools.linux_11.3.0.202011031536/tools/bin/../lib/gcc/arm-none-eabi/9.3.1/../../../../arm-none-eabi/lib/thumb/v6-m/nofp/libcr_c.a(__weak__main.o)
_vStackTop                                        ./App/cr_startup_lpc84x.o
bss_init                                          ./App/cr_startup_lpc84x.o
buf_rx                                            ./Drivers/DR_UART.o
buf_tx                                            ./Drivers/DR_UART.o
data_init                                         ./App/cr_startup_lpc84x.o
flagsT                                            ./Drivers/Systick.o
                                                  ./Primitivas/TImer.o
fro_set_frec                                      ./Drivers/DR_Init.o
g_pfnVectors                                      ./App/cr_startup_lpc84x.o
getKey                                            ./Primitivas/Tecla.o
in_rx                                             ./Drivers/DR_UART.o
in_tx                                             ./Drivers/DR_UART.o
main                                              ./App/main.o
                                                  /usr/local/mcuxpressoide-11.3.1_5262/ide/plugins/com.nxp.mcuxpresso.tools.linux_11.3.0.202011031536/tools/bin/../lib/gcc/arm-none-eabi/9.3.1/../../../../arm-none-eabi/lib/thumb/v6-m/nofp/libcr_c.a(__weak__main.o)
out_rx                                            ./Drivers/DR_UART.o
out_tx                                            ./Drivers/DR_UART.o
pDivRom_idiv                                      ./App/cr_startup_lpc84x.o
                                                  ./App/aeabi_romdiv_patch.o
pDivRom_uidiv                                     ./App/cr_startup_lpc84x.o
                                                  ./App/aeabi_romdiv_patch.o
timers                                            ./Drivers/Systick.o
                                                  ./Primitivas/TImer.o
