Archive member included to satisfy reference by file (symbol)

/usr/local/mcuxpressoide-11.3.1_5262/ide/plugins/com.nxp.mcuxpresso.tools.linux_11.3.0.202011031536/tools/bin/../lib/gcc/arm-none-eabi/9.3.1/../../../../arm-none-eabi/lib/thumb/v6-m/nofp/libcr_c.a(__weak__main.o)
                              ./App/cr_startup_lpc84x.o (__main)

Discarded input sections

 .group         0x0000000000000000        0xc ./Primitivas/Leds.o
 .group         0x0000000000000000        0xc ./Primitivas/Leds.o
 .group         0x0000000000000000        0xc ./Primitivas/Leds.o
 .text          0x0000000000000000        0x0 ./Primitivas/Leds.o
 .data          0x0000000000000000        0x0 ./Primitivas/Leds.o
 .bss           0x0000000000000000        0x0 ./Primitivas/Leds.o
 .text.LED_OFF  0x0000000000000000       0x1c ./Primitivas/Leds.o
 .text.LED_ON   0x0000000000000000       0x1c ./Primitivas/Leds.o
 .text.SwapEstadoLed
                0x0000000000000000       0x32 ./Primitivas/Leds.o
 .debug_info    0x0000000000000000       0xce ./Primitivas/Leds.o
 .debug_abbrev  0x0000000000000000       0x83 ./Primitivas/Leds.o
 .debug_aranges
                0x0000000000000000       0x30 ./Primitivas/Leds.o
 .debug_ranges  0x0000000000000000       0x20 ./Primitivas/Leds.o
 .debug_macro   0x0000000000000000       0x37 ./Primitivas/Leds.o
 .debug_macro   0x0000000000000000      0xa96 ./Primitivas/Leds.o
 .debug_macro   0x0000000000000000      0x26b ./Primitivas/Leds.o
 .debug_macro   0x0000000000000000       0x34 ./Primitivas/Leds.o
 .debug_line    0x0000000000000000       0xf8 ./Primitivas/Leds.o
 .debug_str     0x0000000000000000     0x36b5 ./Primitivas/Leds.o
 .comment       0x0000000000000000       0x4d ./Primitivas/Leds.o
 .debug_frame   0x0000000000000000       0x70 ./Primitivas/Leds.o
 .ARM.attributes
                0x0000000000000000       0x2c ./Primitivas/Leds.o
 .group         0x0000000000000000        0xc ./Primitivas/TImer.o
 .group         0x0000000000000000        0xc ./Primitivas/TImer.o
 .group         0x0000000000000000        0xc ./Primitivas/TImer.o
 .group         0x0000000000000000        0xc ./Primitivas/TImer.o
 .text          0x0000000000000000        0x0 ./Primitivas/TImer.o
 .data          0x0000000000000000        0x0 ./Primitivas/TImer.o
 .bss           0x0000000000000000        0x0 ./Primitivas/TImer.o
 .bss.flagT0    0x0000000000000000        0x1 ./Primitivas/TImer.o
 .bss.flagT1    0x0000000000000000        0x1 ./Primitivas/TImer.o
 .bss.flagT2    0x0000000000000000        0x1 ./Primitivas/TImer.o
 .bss.HandlersTimer
                0x0000000000000000       0x40 ./Primitivas/TImer.o
 .text.TimerStart
                0x0000000000000000       0x50 ./Primitivas/TImer.o
 .text.TimerStop
                0x0000000000000000       0x34 ./Primitivas/TImer.o
 .text.TimerEvent
                0x0000000000000000       0x5c ./Primitivas/TImer.o
 .text.HandlerT0
                0x0000000000000000       0x14 ./Primitivas/TImer.o
 .text.HandlerT1
                0x0000000000000000       0x14 ./Primitivas/TImer.o
 .text.HandlerT2
                0x0000000000000000       0x14 ./Primitivas/TImer.o
 .debug_info    0x0000000000000000      0x1f6 ./Primitivas/TImer.o
 .debug_abbrev  0x0000000000000000      0x121 ./Primitivas/TImer.o
 .debug_aranges
                0x0000000000000000       0x48 ./Primitivas/TImer.o
 .debug_ranges  0x0000000000000000       0x38 ./Primitivas/TImer.o
 .debug_macro   0x0000000000000000       0x66 ./Primitivas/TImer.o
 .debug_macro   0x0000000000000000      0xa96 ./Primitivas/TImer.o
 .debug_macro   0x0000000000000000      0x26b ./Primitivas/TImer.o
 .debug_macro   0x0000000000000000       0x82 ./Primitivas/TImer.o
 .debug_macro   0x0000000000000000       0x1c ./Primitivas/TImer.o
 .debug_line    0x0000000000000000      0x1f1 ./Primitivas/TImer.o
 .debug_str     0x0000000000000000     0x37f7 ./Primitivas/TImer.o
 .comment       0x0000000000000000       0x4d ./Primitivas/TImer.o
 .debug_frame   0x0000000000000000       0xc4 ./Primitivas/TImer.o
 .ARM.attributes
                0x0000000000000000       0x2c ./Primitivas/TImer.o
 .group         0x0000000000000000        0xc ./Primitivas/Tecla.o
 .group         0x0000000000000000        0xc ./Primitivas/Tecla.o
 .group         0x0000000000000000        0xc ./Primitivas/Tecla.o
 .text          0x0000000000000000        0x0 ./Primitivas/Tecla.o
 .data          0x0000000000000000        0x0 ./Primitivas/Tecla.o
 .bss           0x0000000000000000        0x0 ./Primitivas/Tecla.o
 .text.getKey   0x0000000000000000       0x24 ./Primitivas/Tecla.o
 .debug_info    0x0000000000000000       0x9e ./Primitivas/Tecla.o
 .debug_abbrev  0x0000000000000000       0x7c ./Primitivas/Tecla.o
 .debug_aranges
                0x0000000000000000       0x20 ./Primitivas/Tecla.o
 .debug_ranges  0x0000000000000000       0x10 ./Primitivas/Tecla.o
 .debug_macro   0x0000000000000000       0x4b ./Primitivas/Tecla.o
 .debug_macro   0x0000000000000000      0xa96 ./Primitivas/Tecla.o
 .debug_macro   0x0000000000000000      0x26b ./Primitivas/Tecla.o
 .debug_macro   0x0000000000000000       0x82 ./Primitivas/Tecla.o
 .debug_line    0x0000000000000000       0xd6 ./Primitivas/Tecla.o
 .debug_str     0x0000000000000000     0x372f ./Primitivas/Tecla.o
 .comment       0x0000000000000000       0x4d ./Primitivas/Tecla.o
 .debug_frame   0x0000000000000000       0x30 ./Primitivas/Tecla.o
 .ARM.attributes
                0x0000000000000000       0x2c ./Primitivas/Tecla.o
 .group         0x0000000000000000        0xc ./Drivers/DR_Init.o
 .group         0x0000000000000000        0xc ./Drivers/DR_Init.o
 .group         0x0000000000000000        0xc ./Drivers/DR_Init.o
 .group         0x0000000000000000        0xc ./Drivers/DR_Init.o
 .group         0x0000000000000000        0xc ./Drivers/DR_Init.o
 .group         0x0000000000000000        0xc ./Drivers/DR_Init.o
 .text          0x0000000000000000        0x0 ./Drivers/DR_Init.o
 .data          0x0000000000000000        0x0 ./Drivers/DR_Init.o
 .bss           0x0000000000000000        0x0 ./Drivers/DR_Init.o
 .data.fro_set_frec
                0x0000000000000000        0x4 ./Drivers/DR_Init.o
 .text.InitHw   0x0000000000000000       0x1a ./Drivers/DR_Init.o
 .text.InitGPIO
                0x0000000000000000       0x68 ./Drivers/DR_Init.o
 .text.InitPLL  0x0000000000000000       0x88 ./Drivers/DR_Init.o
 .debug_info    0x0000000000000000      0x5ba ./Drivers/DR_Init.o
 .debug_abbrev  0x0000000000000000      0x10f ./Drivers/DR_Init.o
 .debug_aranges
                0x0000000000000000       0x30 ./Drivers/DR_Init.o
 .debug_ranges  0x0000000000000000       0x20 ./Drivers/DR_Init.o
 .debug_macro   0x0000000000000000       0x88 ./Drivers/DR_Init.o
 .debug_macro   0x0000000000000000      0xa96 ./Drivers/DR_Init.o
 .debug_macro   0x0000000000000000       0x10 ./Drivers/DR_Init.o
 .debug_macro   0x0000000000000000      0x26b ./Drivers/DR_Init.o
 .debug_macro   0x0000000000000000       0x82 ./Drivers/DR_Init.o
 .debug_macro   0x0000000000000000       0x3a ./Drivers/DR_Init.o
 .debug_macro   0x0000000000000000       0x1c ./Drivers/DR_Init.o
 .debug_line    0x0000000000000000      0x1db ./Drivers/DR_Init.o
 .debug_str     0x0000000000000000     0x3b2c ./Drivers/DR_Init.o
 .comment       0x0000000000000000       0x4d ./Drivers/DR_Init.o
 .debug_frame   0x0000000000000000       0x64 ./Drivers/DR_Init.o
 .ARM.attributes
                0x0000000000000000       0x2c ./Drivers/DR_Init.o
 .group         0x0000000000000000        0xc ./Drivers/DR_teclado.o
 .group         0x0000000000000000        0xc ./Drivers/DR_teclado.o
 .group         0x0000000000000000        0xc ./Drivers/DR_teclado.o
 .text          0x0000000000000000        0x0 ./Drivers/DR_teclado.o
 .data          0x0000000000000000        0x0 ./Drivers/DR_teclado.o
 .bss           0x0000000000000000        0x0 ./Drivers/DR_teclado.o
 .text.InitTeclado
                0x0000000000000000       0xa6 ./Drivers/DR_teclado.o
 .debug_macro   0x0000000000000000      0xa96 ./Drivers/DR_teclado.o
 .debug_macro   0x0000000000000000      0x26b ./Drivers/DR_teclado.o
 .debug_macro   0x0000000000000000       0x82 ./Drivers/DR_teclado.o
 .group         0x0000000000000000        0xc ./Drivers/Systick.o
 .group         0x0000000000000000        0xc ./Drivers/Systick.o
 .group         0x0000000000000000        0xc ./Drivers/Systick.o
 .text          0x0000000000000000        0x0 ./Drivers/Systick.o
 .data          0x0000000000000000        0x0 ./Drivers/Systick.o
 .bss           0x0000000000000000        0x0 ./Drivers/Systick.o
 .text.InitSystick
                0x0000000000000000       0x28 ./Drivers/Systick.o
 .debug_macro   0x0000000000000000      0xa96 ./Drivers/Systick.o
 .debug_macro   0x0000000000000000      0x26b ./Drivers/Systick.o
 .debug_macro   0x0000000000000000       0x82 ./Drivers/Systick.o
 .group         0x0000000000000000        0xc ./Drivers/gpio.o
 .group         0x0000000000000000        0xc ./Drivers/gpio.o
 .text          0x0000000000000000        0x0 ./Drivers/gpio.o
 .data          0x0000000000000000        0x0 ./Drivers/gpio.o
 .bss           0x0000000000000000        0x0 ./Drivers/gpio.o
 .text.SetDIR   0x0000000000000000       0x7e ./Drivers/gpio.o
 .text.SetPINMODE_IN
                0x0000000000000000       0x34 ./Drivers/gpio.o
 .text.SetPINMODE_OUT
                0x0000000000000000       0x4c ./Drivers/gpio.o
 .debug_macro   0x0000000000000000      0xa96 ./Drivers/gpio.o
 .debug_macro   0x0000000000000000      0x26b ./Drivers/gpio.o
 .group         0x0000000000000000        0xc ./App/TecladoMatricial.o
 .group         0x0000000000000000        0xc ./App/TecladoMatricial.o
 .text          0x0000000000000000        0x0 ./App/TecladoMatricial.o
 .data          0x0000000000000000        0x0 ./App/TecladoMatricial.o
 .bss           0x0000000000000000        0x0 ./App/TecladoMatricial.o
 .debug_macro   0x0000000000000000      0xa96 ./App/TecladoMatricial.o
 .group         0x0000000000000000        0xc ./App/cr_startup_lpc84x.o
 .text          0x0000000000000000        0x0 ./App/cr_startup_lpc84x.o
 .data          0x0000000000000000        0x0 ./App/cr_startup_lpc84x.o
 .bss           0x0000000000000000        0x0 ./App/cr_startup_lpc84x.o
 .debug_macro   0x0000000000000000      0xa96 ./App/cr_startup_lpc84x.o
 .group         0x0000000000000000        0xc ./App/crp.o
 .group         0x0000000000000000        0xc ./App/crp.o
 .text          0x0000000000000000        0x0 ./App/crp.o
 .data          0x0000000000000000        0x0 ./App/crp.o
 .bss           0x0000000000000000        0x0 ./App/crp.o
 .debug_macro   0x0000000000000000      0xa96 ./App/crp.o
 .text          0x0000000000000000        0x0 /usr/local/mcuxpressoide-11.3.1_5262/ide/plugins/com.nxp.mcuxpresso.tools.linux_11.3.0.202011031536/tools/bin/../lib/gcc/arm-none-eabi/9.3.1/../../../../arm-none-eabi/lib/thumb/v6-m/nofp/libcr_c.a(__weak__main.o)
 .data          0x0000000000000000        0x0 /usr/local/mcuxpressoide-11.3.1_5262/ide/plugins/com.nxp.mcuxpresso.tools.linux_11.3.0.202011031536/tools/bin/../lib/gcc/arm-none-eabi/9.3.1/../../../../arm-none-eabi/lib/thumb/v6-m/nofp/libcr_c.a(__weak__main.o)
 .bss           0x0000000000000000        0x0 /usr/local/mcuxpressoide-11.3.1_5262/ide/plugins/com.nxp.mcuxpresso.tools.linux_11.3.0.202011031536/tools/bin/../lib/gcc/arm-none-eabi/9.3.1/../../../../arm-none-eabi/lib/thumb/v6-m/nofp/libcr_c.a(__weak__main.o)

Memory Configuration

Name             Origin             Length             Attributes
MFlash64         0x0000000000000000 0x0000000000010000 xr
RamLoc16         0x0000000010000000 0x0000000000004000 xrw
*default*        0x0000000000000000 0xffffffffffffffff

Linker script and memory map

LOAD ./Primitivas/Leds.o
LOAD ./Primitivas/TImer.o
LOAD ./Primitivas/Tecla.o
LOAD ./Drivers/DR_Init.o
LOAD ./Drivers/DR_teclado.o
LOAD ./Drivers/Systick.o
LOAD ./Drivers/gpio.o
LOAD ./App/TecladoMatricial.o
LOAD ./App/cr_startup_lpc84x.o
LOAD ./App/crp.o
START GROUP
LOAD /usr/local/mcuxpressoide-11.3.1_5262/ide/plugins/com.nxp.mcuxpresso.tools.linux_11.3.0.202011031536/tools/bin/../lib/gcc/arm-none-eabi/9.3.1/../../../../arm-none-eabi/lib/thumb/v6-m/nofp/libcr_c.a
LOAD /usr/local/mcuxpressoide-11.3.1_5262/ide/plugins/com.nxp.mcuxpresso.tools.linux_11.3.0.202011031536/tools/bin/../lib/gcc/arm-none-eabi/9.3.1/thumb/v6-m/nofp/libcr_eabihelpers.a
LOAD /usr/local/mcuxpressoide-11.3.1_5262/ide/plugins/com.nxp.mcuxpresso.tools.linux_11.3.0.202011031536/tools/bin/../lib/gcc/arm-none-eabi/9.3.1/thumb/v6-m/nofp/libgcc.a
END GROUP
                0x0000000000000000                __base_MFlash64 = 0x0
                0x0000000000000000                __base_Flash = 0x0
                0x0000000000010000                __top_MFlash64 = 0x10000
                0x0000000000010000                __top_Flash = 0x10000
                0x0000000010000000                __base_RamLoc16 = 0x10000000
                0x0000000010000000                __base_RAM = 0x10000000
                0x0000000010004000                __top_RamLoc16 = 0x10004000
                0x0000000010004000                __top_RAM = 0x10004000

.text           0x0000000000000000      0x5fc
 FILL mask 0xff
                0x0000000000000000                __vectors_start__ = ABSOLUTE (.)
 *(.isr_vector)
 .isr_vector    0x0000000000000000       0xc0 ./App/cr_startup_lpc84x.o
                0x0000000000000000                g_pfnVectors
                0x00000000000000c0                . = ALIGN (0x4)
                0x00000000000000c0                __section_table_start = .
                0x00000000000000c0                __data_section_table = .
                0x00000000000000c0        0x4 LONG 0x5fc LOADADDR (.data)
                0x00000000000000c4        0x4 LONG 0x10000000 ADDR (.data)
                0x00000000000000c8        0x4 LONG 0x4 SIZEOF (.data)
                0x00000000000000cc                __data_section_table_end = .
                0x00000000000000cc                __bss_section_table = .
                0x00000000000000cc        0x4 LONG 0x10000004 ADDR (.bss)
                0x00000000000000d0        0x4 LONG 0x60 SIZEOF (.bss)
                0x00000000000000d4                __bss_section_table_end = .
                0x00000000000000d4                __section_table_end = .
 *(.after_vectors*)
 .after_vectors
                0x00000000000000d4      0x144 ./App/cr_startup_lpc84x.o
                0x00000000000000d4                data_init
                0x0000000000000116                bss_init
                0x000000000000014c                ResetISR
                0x00000000000001f4                NMI_Handler
                0x00000000000001fa                HardFault_Handler
                0x0000000000000200                SVC_Handler
                0x0000000000000206                PendSV_Handler
                0x0000000000000212                CMP_IRQHandler
                0x0000000000000212                PININT7_IRQHandler
                0x0000000000000212                I2C0_IRQHandler
                0x0000000000000212                WKT_IRQHandler
                0x0000000000000212                PININT2_IRQHandler
                0x0000000000000212                PININT1_IRQHandler
                0x0000000000000212                MRT_IRQHandler
                0x0000000000000212                I2C1_IRQHandler
                0x0000000000000212                UART1_IRQHandler
                0x0000000000000212                ADC_SEQB_IRQHandler
                0x0000000000000212                UART0_IRQHandler
                0x0000000000000212                SPI1_IRQHandler
                0x0000000000000212                IntDefaultHandler
                0x0000000000000212                ADC_OVR_IRQHandler
                0x0000000000000212                I2C2_IRQHandler
                0x0000000000000212                PININT3_IRQHandler
                0x0000000000000212                UART2_IRQHandler
                0x0000000000000212                PININT5_IRQHandler
                0x0000000000000212                PININT4_IRQHandler
                0x0000000000000212                ADC_THCMP_IRQHandler
                0x0000000000000212                PININT0_IRQHandler
                0x0000000000000212                BOD_IRQHandler
                0x0000000000000212                I2C3_IRQHandler
                0x0000000000000212                SCT_IRQHandler
                0x0000000000000212                WDT_IRQHandler
                0x0000000000000212                ADC_SEQA_IRQHandler
                0x0000000000000212                FAIM_IRQHandler
                0x0000000000000212                DAC0_IRQHandler
                0x0000000000000212                PININT6_IRQHandler
                0x0000000000000212                SPI0_IRQHandler
                0x0000000000000212                DMA_IRQHandler
                0x0000000000000212                FLASH_IRQHandler
                0x0000000000000212                CTIMER0_IRQHandler
                0x00000000000002fc                . = 0x2fc
 *fill*         0x0000000000000218       0xe4 ff
                0x00000000000002fc                PROVIDE (__CRP_WORD_START__ = .)
 *(.crp)
 .crp           0x00000000000002fc        0x4 ./App/crp.o
                0x00000000000002fc                CRP_WORD
                0x0000000000000300                PROVIDE (__CRP_WORD_END__ = .)
                0x0000000000000001                ASSERT (! ((__CRP_WORD_START__ == __CRP_WORD_END__)), Linker CRP Enabled, but no CRP_WORD provided within application)
 *(.text*)
 .text.DriverTecladoSW
                0x0000000000000300       0x70 ./Drivers/DR_teclado.o
                0x0000000000000300                DriverTecladoSW
 .text.DriverTecladoHW
                0x0000000000000370      0x126 ./Drivers/DR_teclado.o
                0x0000000000000370                DriverTecladoHW
 .text.SysTick_Handler
                0x0000000000000496       0x12 ./Drivers/Systick.o
                0x0000000000000496                SysTick_Handler
 .text.AnalizarTimers
                0x00000000000004a8       0x7c ./Drivers/Systick.o
                0x00000000000004a8                AnalizarTimers
 .text.SetPIN   0x0000000000000524       0x7e ./Drivers/gpio.o
                0x0000000000000524                SetPIN
 .text.GetPIN   0x00000000000005a2       0x3a ./Drivers/gpio.o
                0x00000000000005a2                GetPIN
 .text.main     0x00000000000005dc       0x18 ./App/TecladoMatricial.o
                0x00000000000005dc                main
 .text.__weak_main
                0x00000000000005f4        0x8 /usr/local/mcuxpressoide-11.3.1_5262/ide/plugins/com.nxp.mcuxpresso.tools.linux_11.3.0.202011031536/tools/bin/../lib/gcc/arm-none-eabi/9.3.1/../../../../arm-none-eabi/lib/thumb/v6-m/nofp/libcr_c.a(__weak__main.o)
                0x00000000000005f4                __main
                0x00000000000005f4                __weak_main
 *(.rodata .rodata.* .constdata .constdata.*)
                0x00000000000005fc                . = ALIGN (0x4)

.glue_7         0x00000000000005fc        0x0
 .glue_7        0x00000000000005fc        0x0 linker stubs

.glue_7t        0x00000000000005fc        0x0
 .glue_7t       0x00000000000005fc        0x0 linker stubs

.vfp11_veneer   0x00000000000005fc        0x0
 .vfp11_veneer  0x00000000000005fc        0x0 linker stubs

.v4_bx          0x00000000000005fc        0x0
 .v4_bx         0x00000000000005fc        0x0 linker stubs

.iplt           0x00000000000005fc        0x0
 .iplt          0x00000000000005fc        0x0 ./Drivers/DR_teclado.o

.rel.dyn        0x00000000000005fc        0x0
 .rel.iplt      0x00000000000005fc        0x0 ./Drivers/DR_teclado.o

.ARM.extab
 *(.ARM.extab* .gnu.linkonce.armextab.*)

.ARM.exidx      0x00000000000005fc        0x0
                0x00000000000005fc                __exidx_start = .
 *(.ARM.exidx* .gnu.linkonce.armexidx.*)
                0x00000000000005fc                __exidx_end = .
                0x00000000000005fc                _etext = .

.mtb_buffer_default
 *(.mtb*)

.uninit_RESERVED
                0x0000000010000000        0x0
                0x0000000010000000                _start_uninit_RESERVED = .
 *(.bss.$RESERVED*)
                0x0000000010000000                . = ALIGN (0x4)
                0x0000000010000000                _end_uninit_RESERVED = .

.data           0x0000000010000000        0x4 load address 0x00000000000005fc
 FILL mask 0xff
                0x0000000010000000                _data = .
                [!provide]                        PROVIDE (__start_data_RAM = .)
                [!provide]                        PROVIDE (__start_data_RamLoc16 = .)
 *(vtable)
 *(.ramfunc*)
 *(CodeQuickAccess)
 *(DataQuickAccess)
 *(RamFunction)
 *(.data*)
 .data.lastKey.3804
                0x0000000010000000        0x1 ./Drivers/DR_teclado.o
                0x0000000010000004                . = ALIGN (0x4)
 *fill*         0x0000000010000001        0x3 ff
                0x0000000010000004                _edata = .
                [!provide]                        PROVIDE (__end_data_RAM = .)
                [!provide]                        PROVIDE (__end_data_RamLoc16 = .)

.igot.plt       0x0000000010000004        0x0 load address 0x0000000000000600
 .igot.plt      0x0000000010000004        0x0 ./Drivers/DR_teclado.o

.bss            0x0000000010000004       0x60
                0x0000000010000004                _bss = .
                [!provide]                        PROVIDE (__start_bss_RAM = .)
                [!provide]                        PROVIDE (__start_bss_RamLoc16 = .)
 *(.bss*)
 .bss.Tecla     0x0000000010000004        0x1 ./Drivers/DR_teclado.o
                0x0000000010000004                Tecla
 .bss.cont.3805
                0x0000000010000005        0x1 ./Drivers/DR_teclado.o
 *fill*         0x0000000010000006        0x2 
 .bss.flagsT    0x0000000010000008       0x10 ./Drivers/Systick.o
                0x0000000010000008                flagsT
 .bss.timers    0x0000000010000018       0x40 ./Drivers/Systick.o
                0x0000000010000018                timers
 .bss.i.3643    0x0000000010000058        0x4 ./App/TecladoMatricial.o
 .bss.pDivRom_idiv
                0x000000001000005c        0x4 ./App/cr_startup_lpc84x.o
                0x000000001000005c                pDivRom_idiv
 .bss.pDivRom_uidiv
                0x0000000010000060        0x4 ./App/cr_startup_lpc84x.o
                0x0000000010000060                pDivRom_uidiv
 *(COMMON)
                0x0000000010000064                . = ALIGN (0x4)
                0x0000000010000064                _ebss = .
                [!provide]                        PROVIDE (__end_bss_RAM = .)
                [!provide]                        PROVIDE (__end_bss_RamLoc16 = .)
                [!provide]                        PROVIDE (end = .)

.noinit         0x0000000010000064        0x0
                0x0000000010000064                _noinit = .
                [!provide]                        PROVIDE (__start_noinit_RAM = .)
                [!provide]                        PROVIDE (__start_noinit_RamLoc16 = .)
 *(.noinit*)
                0x0000000010000064                . = ALIGN (0x4)
                0x0000000010000064                _end_noinit = .
                [!provide]                        PROVIDE (__end_noinit_RAM = .)
                [!provide]                        PROVIDE (__end_noinit_RamLoc16 = .)
                [!provide]                        PROVIDE (_pvHeapStart = DEFINED (__user_heap_base)?__user_heap_base:.)
                0x0000000010004000                PROVIDE (_vStackTop = DEFINED (__user_stack_top)?__user_stack_top:(__top_RamLoc16 - 0x0))
                0xffffffffefffbac3                PROVIDE (__valid_user_code_checksum = (0x0 - (((_vStackTop + (ResetISR + 0x1)) + (DEFINED (NMI_Handler)?NMI_Handler:M0_NMI_Handler + 0x1)) + (DEFINED (HardFault_Handler)?HardFault_Handler:M0_HardFault_Handler + 0x1))))
                0x0000000000000000                _image_start = LOADADDR (.text)
                0x0000000000000600                _image_end = (LOADADDR (.data) + SIZEOF (.data))
                0x0000000000000600                _image_size = (_image_end - _image_start)
OUTPUT(TecladoMatricial.axf elf32-littlearm)
LOAD linker stubs

.debug_info     0x0000000000000000      0x931
 .debug_info    0x0000000000000000       0xec ./Drivers/DR_teclado.o
 .debug_info    0x00000000000000ec      0x19b ./Drivers/Systick.o
 .debug_info    0x0000000000000287      0x3b4 ./Drivers/gpio.o
 .debug_info    0x000000000000063b       0x61 ./App/TecladoMatricial.o
 .debug_info    0x000000000000069c      0x255 ./App/cr_startup_lpc84x.o
 .debug_info    0x00000000000008f1       0x40 ./App/crp.o

.debug_abbrev   0x0000000000000000      0x4eb
 .debug_abbrev  0x0000000000000000       0xd2 ./Drivers/DR_teclado.o
 .debug_abbrev  0x00000000000000d2      0x118 ./Drivers/Systick.o
 .debug_abbrev  0x00000000000001ea      0x147 ./Drivers/gpio.o
 .debug_abbrev  0x0000000000000331       0x58 ./App/TecladoMatricial.o
 .debug_abbrev  0x0000000000000389      0x12a ./App/cr_startup_lpc84x.o
 .debug_abbrev  0x00000000000004b3       0x38 ./App/crp.o

.debug_aranges  0x0000000000000000      0x138
 .debug_aranges
                0x0000000000000000       0x30 ./Drivers/DR_teclado.o
 .debug_aranges
                0x0000000000000030       0x30 ./Drivers/Systick.o
 .debug_aranges
                0x0000000000000060       0x40 ./Drivers/gpio.o
 .debug_aranges
                0x00000000000000a0       0x20 ./App/TecladoMatricial.o
 .debug_aranges
                0x00000000000000c0       0x60 ./App/cr_startup_lpc84x.o
 .debug_aranges
                0x0000000000000120       0x18 ./App/crp.o

.debug_ranges   0x0000000000000000       0xd0
 .debug_ranges  0x0000000000000000       0x20 ./Drivers/DR_teclado.o
 .debug_ranges  0x0000000000000020       0x20 ./Drivers/Systick.o
 .debug_ranges  0x0000000000000040       0x30 ./Drivers/gpio.o
 .debug_ranges  0x0000000000000070       0x10 ./App/TecladoMatricial.o
 .debug_ranges  0x0000000000000080       0x50 ./App/cr_startup_lpc84x.o

.debug_macro    0x0000000000000000      0x1c3
 .debug_macro   0x0000000000000000       0x33 ./Drivers/DR_teclado.o
 .debug_macro   0x0000000000000033       0x5f ./Drivers/Systick.o
 .debug_macro   0x0000000000000092       0x24 ./Drivers/gpio.o
 .debug_macro   0x00000000000000b6       0x1a ./App/TecladoMatricial.o
 .debug_macro   0x00000000000000d0       0x82 ./App/TecladoMatricial.o
 .debug_macro   0x0000000000000152       0x23 ./App/cr_startup_lpc84x.o
 .debug_macro   0x0000000000000175       0x1a ./App/crp.o
 .debug_macro   0x000000000000018f       0x34 ./App/crp.o

.debug_line     0x0000000000000000      0x726
 .debug_line    0x0000000000000000      0x15e ./Drivers/DR_teclado.o
 .debug_line    0x000000000000015e      0x1bb ./Drivers/Systick.o
 .debug_line    0x0000000000000319      0x119 ./Drivers/gpio.o
 .debug_line    0x0000000000000432       0xf2 ./App/TecladoMatricial.o
 .debug_line    0x0000000000000524      0x14d ./App/cr_startup_lpc84x.o
 .debug_line    0x0000000000000671       0xb5 ./App/crp.o

.debug_str      0x0000000000000000     0x3fe1
 .debug_str     0x0000000000000000     0x36fb ./Drivers/DR_teclado.o
                                       0x373f (size before relaxing)
 .debug_str     0x00000000000036fb       0xaa ./Drivers/Systick.o
                                       0x3798 (size before relaxing)
 .debug_str     0x00000000000037a5      0x119 ./Drivers/gpio.o
                                       0x3749 (size before relaxing)
 .debug_str     0x00000000000038be      0x468 ./App/TecladoMatricial.o
                                       0x319e (size before relaxing)
 .debug_str     0x0000000000003d26      0x1d2 ./App/cr_startup_lpc84x.o
                                       0x2f2b (size before relaxing)
 .debug_str     0x0000000000003ef8       0xe9 ./App/crp.o
                                       0x2e2c (size before relaxing)

.comment        0x0000000000000000       0x4c
 .comment       0x0000000000000000       0x4c ./Drivers/DR_teclado.o
                                         0x4d (size before relaxing)
 .comment       0x000000000000004c       0x4d ./Drivers/Systick.o
 .comment       0x000000000000004c       0x4d ./Drivers/gpio.o
 .comment       0x000000000000004c       0x4d ./App/TecladoMatricial.o
 .comment       0x000000000000004c       0x4d ./App/cr_startup_lpc84x.o
 .comment       0x000000000000004c       0x4d ./App/crp.o
 .comment       0x000000000000004c       0x4d /usr/local/mcuxpressoide-11.3.1_5262/ide/plugins/com.nxp.mcuxpresso.tools.linux_11.3.0.202011031536/tools/bin/../lib/gcc/arm-none-eabi/9.3.1/../../../../arm-none-eabi/lib/thumb/v6-m/nofp/libcr_c.a(__weak__main.o)

.ARM.attributes
                0x0000000000000000       0x2c
 .ARM.attributes
                0x0000000000000000       0x2c ./Drivers/DR_teclado.o
 .ARM.attributes
                0x000000000000002c       0x2c ./Drivers/Systick.o
 .ARM.attributes
                0x0000000000000058       0x2c ./Drivers/gpio.o
 .ARM.attributes
                0x0000000000000084       0x2c ./App/TecladoMatricial.o
 .ARM.attributes
                0x00000000000000b0       0x2c ./App/cr_startup_lpc84x.o
 .ARM.attributes
                0x00000000000000dc       0x31 ./App/crp.o
 .ARM.attributes
                0x000000000000010d       0x2c /usr/local/mcuxpressoide-11.3.1_5262/ide/plugins/com.nxp.mcuxpresso.tools.linux_11.3.0.202011031536/tools/bin/../lib/gcc/arm-none-eabi/9.3.1/../../../../arm-none-eabi/lib/thumb/v6-m/nofp/libcr_c.a(__weak__main.o)

.debug_frame    0x0000000000000000      0x2c4
 .debug_frame   0x0000000000000000       0x68 ./Drivers/DR_teclado.o
 .debug_frame   0x0000000000000068       0x68 ./Drivers/Systick.o
 .debug_frame   0x00000000000000d0       0xb0 ./Drivers/gpio.o
 .debug_frame   0x0000000000000180       0x2c ./App/TecladoMatricial.o
 .debug_frame   0x00000000000001ac      0x118 ./App/cr_startup_lpc84x.o

Cross Reference Table

Symbol                                            File
ADC_OVR_IRQHandler                                ./App/cr_startup_lpc84x.o
ADC_SEQA_IRQHandler                               ./App/cr_startup_lpc84x.o
ADC_SEQB_IRQHandler                               ./App/cr_startup_lpc84x.o
ADC_THCMP_IRQHandler                              ./App/cr_startup_lpc84x.o
AnalizarTimers                                    ./Drivers/Systick.o
BOD_IRQHandler                                    ./App/cr_startup_lpc84x.o
CMP_IRQHandler                                    ./App/cr_startup_lpc84x.o
CRP_WORD                                          ./App/crp.o
CTIMER0_IRQHandler                                ./App/cr_startup_lpc84x.o
DAC0_IRQHandler                                   ./App/cr_startup_lpc84x.o
DMA_IRQHandler                                    ./App/cr_startup_lpc84x.o
DriverTecladoHW                                   ./Drivers/DR_teclado.o
DriverTecladoSW                                   ./Drivers/DR_teclado.o
                                                  ./Drivers/Systick.o
FAIM_IRQHandler                                   ./App/cr_startup_lpc84x.o
FLASH_IRQHandler                                  ./App/cr_startup_lpc84x.o
GetPIN                                            ./Drivers/gpio.o
                                                  ./Drivers/DR_teclado.o
                                                  ./Primitivas/Leds.o
HandlerT0                                         ./Primitivas/TImer.o
HandlerT1                                         ./Primitivas/TImer.o
HandlerT2                                         ./Primitivas/TImer.o
HandlersTimer                                     ./Primitivas/TImer.o
HardFault_Handler                                 ./App/cr_startup_lpc84x.o
I2C0_IRQHandler                                   ./App/cr_startup_lpc84x.o
I2C1_IRQHandler                                   ./App/cr_startup_lpc84x.o
I2C2_IRQHandler                                   ./App/cr_startup_lpc84x.o
I2C3_IRQHandler                                   ./App/cr_startup_lpc84x.o
InitGPIO                                          ./Drivers/DR_Init.o
InitHw                                            ./Drivers/DR_Init.o
InitPLL                                           ./Drivers/DR_Init.o
InitSystick                                       ./Drivers/Systick.o
                                                  ./Drivers/DR_Init.o
InitTeclado                                       ./Drivers/DR_teclado.o
                                                  ./Drivers/DR_Init.o
IntDefaultHandler                                 ./App/cr_startup_lpc84x.o
LED_OFF                                           ./Primitivas/Leds.o
LED_ON                                            ./Primitivas/Leds.o
MRT_IRQHandler                                    ./App/cr_startup_lpc84x.o
NMI_Handler                                       ./App/cr_startup_lpc84x.o
PININT0_IRQHandler                                ./App/cr_startup_lpc84x.o
PININT1_IRQHandler                                ./App/cr_startup_lpc84x.o
PININT2_IRQHandler                                ./App/cr_startup_lpc84x.o
PININT3_IRQHandler                                ./App/cr_startup_lpc84x.o
PININT4_IRQHandler                                ./App/cr_startup_lpc84x.o
PININT5_IRQHandler                                ./App/cr_startup_lpc84x.o
PININT6_IRQHandler                                ./App/cr_startup_lpc84x.o
PININT7_IRQHandler                                ./App/cr_startup_lpc84x.o
PendSV_Handler                                    ./App/cr_startup_lpc84x.o
ResetISR                                          ./App/cr_startup_lpc84x.o
SCT_IRQHandler                                    ./App/cr_startup_lpc84x.o
SPI0_IRQHandler                                   ./App/cr_startup_lpc84x.o
SPI1_IRQHandler                                   ./App/cr_startup_lpc84x.o
SVC_Handler                                       ./App/cr_startup_lpc84x.o
SetDIR                                            ./Drivers/gpio.o
                                                  ./Drivers/DR_teclado.o
                                                  ./Drivers/DR_Init.o
SetPIN                                            ./Drivers/gpio.o
                                                  ./Drivers/DR_teclado.o
                                                  ./Primitivas/Leds.o
SetPINMODE_IN                                     ./Drivers/gpio.o
                                                  ./Drivers/DR_teclado.o
SetPINMODE_OUT                                    ./Drivers/gpio.o
                                                  ./Drivers/DR_teclado.o
                                                  ./Drivers/DR_Init.o
SwapEstadoLed                                     ./Primitivas/Leds.o
SysTick_Handler                                   ./Drivers/Systick.o
Tecla                                             ./Drivers/DR_teclado.o
                                                  ./Primitivas/Tecla.o
TimerEvent                                        ./Primitivas/TImer.o
TimerStart                                        ./Primitivas/TImer.o
TimerStop                                         ./Primitivas/TImer.o
UART0_IRQHandler                                  ./App/cr_startup_lpc84x.o
UART1_IRQHandler                                  ./App/cr_startup_lpc84x.o
UART2_IRQHandler                                  ./App/cr_startup_lpc84x.o
WDT_IRQHandler                                    ./App/cr_startup_lpc84x.o
WKT_IRQHandler                                    ./App/cr_startup_lpc84x.o
__bss_section_table_end                           ./App/cr_startup_lpc84x.o
__data_section_table                              ./App/cr_startup_lpc84x.o
__data_section_table_end                          ./App/cr_startup_lpc84x.o
__main                                            /usr/local/mcuxpressoide-11.3.1_5262/ide/plugins/com.nxp.mcuxpresso.tools.linux_11.3.0.202011031536/tools/bin/../lib/gcc/arm-none-eabi/9.3.1/../../../../arm-none-eabi/lib/thumb/v6-m/nofp/libcr_c.a(__weak__main.o)
                                                  ./App/cr_startup_lpc84x.o
__valid_user_code_checksum                        ./App/cr_startup_lpc84x.o
__weak_main                                       /usr/local/mcuxpressoide-11.3.1_5262/ide/plugins/com.nxp.mcuxpresso.tools.linux_11.3.0.202011031536/tools/bin/../lib/gcc/arm-none-eabi/9.3.1/../../../../arm-none-eabi/lib/thumb/v6-m/nofp/libcr_c.a(__weak__main.o)
_vStackTop                                        ./App/cr_startup_lpc84x.o
bss_init                                          ./App/cr_startup_lpc84x.o
data_init                                         ./App/cr_startup_lpc84x.o
flagT0                                            ./Primitivas/TImer.o
flagT1                                            ./Primitivas/TImer.o
flagT2                                            ./Primitivas/TImer.o
flagsT                                            ./Drivers/Systick.o
                                                  ./Primitivas/TImer.o
fro_set_frec                                      ./Drivers/DR_Init.o
g_pfnVectors                                      ./App/cr_startup_lpc84x.o
getKey                                            ./Primitivas/Tecla.o
main                                              ./App/TecladoMatricial.o
                                                  /usr/local/mcuxpressoide-11.3.1_5262/ide/plugins/com.nxp.mcuxpresso.tools.linux_11.3.0.202011031536/tools/bin/../lib/gcc/arm-none-eabi/9.3.1/../../../../arm-none-eabi/lib/thumb/v6-m/nofp/libcr_c.a(__weak__main.o)
pDivRom_idiv                                      ./App/cr_startup_lpc84x.o
pDivRom_uidiv                                     ./App/cr_startup_lpc84x.o
timers                                            ./Drivers/Systick.o
                                                  ./Primitivas/TImer.o
